Archive member included to satisfy reference by file (symbol)

c:/program files (x86)/gnu tools arm embedded/5.4 2016q3/bin/../lib/gcc/arm-none-eabi/5.4.1/../../../../arm-none-eabi/lib/armv7-m\libc.a(lib_a-exit.o)
                              c:/program files (x86)/gnu tools arm embedded/5.4 2016q3/bin/../lib/gcc/arm-none-eabi/5.4.1/../../../../arm-none-eabi/lib/armv7-m/crt0.o (exit)
c:/program files (x86)/gnu tools arm embedded/5.4 2016q3/bin/../lib/gcc/arm-none-eabi/5.4.1/../../../../arm-none-eabi/lib/armv7-m\libc.a(lib_a-impure.o)
                              c:/program files (x86)/gnu tools arm embedded/5.4 2016q3/bin/../lib/gcc/arm-none-eabi/5.4.1/../../../../arm-none-eabi/lib/armv7-m\libc.a(lib_a-exit.o) (_global_impure_ptr)
c:/program files (x86)/gnu tools arm embedded/5.4 2016q3/bin/../lib/gcc/arm-none-eabi/5.4.1/../../../../arm-none-eabi/lib/armv7-m\libc.a(lib_a-init.o)
                              c:/program files (x86)/gnu tools arm embedded/5.4 2016q3/bin/../lib/gcc/arm-none-eabi/5.4.1/../../../../arm-none-eabi/lib/armv7-m/crt0.o (__libc_init_array)
c:/program files (x86)/gnu tools arm embedded/5.4 2016q3/bin/../lib/gcc/arm-none-eabi/5.4.1/../../../../arm-none-eabi/lib/armv7-m\libc.a(lib_a-memset.o)
                              c:/program files (x86)/gnu tools arm embedded/5.4 2016q3/bin/../lib/gcc/arm-none-eabi/5.4.1/../../../../arm-none-eabi/lib/armv7-m/crt0.o (memset)
c:/program files (x86)/gnu tools arm embedded/5.4 2016q3/bin/../lib/gcc/arm-none-eabi/5.4.1/../../../../arm-none-eabi/lib/armv7-m\libc.a(lib_a-__call_atexit.o)
                              c:/program files (x86)/gnu tools arm embedded/5.4 2016q3/bin/../lib/gcc/arm-none-eabi/5.4.1/../../../../arm-none-eabi/lib/armv7-m\libc.a(lib_a-exit.o) (__call_exitprocs)
c:/program files (x86)/gnu tools arm embedded/5.4 2016q3/bin/../lib/gcc/arm-none-eabi/5.4.1/../../../../arm-none-eabi/lib/armv7-m\libc.a(lib_a-atexit.o)
                              c:/program files (x86)/gnu tools arm embedded/5.4 2016q3/bin/../lib/gcc/arm-none-eabi/5.4.1/../../../../arm-none-eabi/lib/armv7-m\libc.a(lib_a-__call_atexit.o) (atexit)
c:/program files (x86)/gnu tools arm embedded/5.4 2016q3/bin/../lib/gcc/arm-none-eabi/5.4.1/../../../../arm-none-eabi/lib/armv7-m\libc.a(lib_a-fini.o)
                              c:/program files (x86)/gnu tools arm embedded/5.4 2016q3/bin/../lib/gcc/arm-none-eabi/5.4.1/../../../../arm-none-eabi/lib/armv7-m\libc.a(lib_a-__call_atexit.o) (__libc_fini_array)
c:/program files (x86)/gnu tools arm embedded/5.4 2016q3/bin/../lib/gcc/arm-none-eabi/5.4.1/../../../../arm-none-eabi/lib/armv7-m\libc.a(lib_a-__atexit.o)
                              c:/program files (x86)/gnu tools arm embedded/5.4 2016q3/bin/../lib/gcc/arm-none-eabi/5.4.1/../../../../arm-none-eabi/lib/armv7-m\libc.a(lib_a-atexit.o) (__register_exitproc)
c:/program files (x86)/gnu tools arm embedded/5.4 2016q3/bin/../lib/gcc/arm-none-eabi/5.4.1/armv7-m\libgcc.a(_arm_addsubdf3.o)
                              ..\obj\instance.o (__aeabi_dsub)
c:/program files (x86)/gnu tools arm embedded/5.4 2016q3/bin/../lib/gcc/arm-none-eabi/5.4.1/armv7-m\libgcc.a(_arm_muldivdf3.o)
                              ..\obj\deca_range_tables.o (__aeabi_dmul)
c:/program files (x86)/gnu tools arm embedded/5.4 2016q3/bin/../lib/gcc/arm-none-eabi/5.4.1/armv7-m\libgcc.a(_arm_cmpdf2.o)
                              ..\obj\instance_common.o (__aeabi_dcmplt)
c:/program files (x86)/gnu tools arm embedded/5.4 2016q3/bin/../lib/gcc/arm-none-eabi/5.4.1/armv7-m\libgcc.a(_arm_fixdfsi.o)
                              ..\obj\deca_range_tables.o (__aeabi_d2iz)
c:/program files (x86)/gnu tools arm embedded/5.4 2016q3/bin/../lib/gcc/arm-none-eabi/5.4.1/armv7-m\libgcc.a(_arm_fixunsdfsi.o)
                              ..\obj\instance_common.o (__aeabi_d2uiz)
c:/program files (x86)/gnu tools arm embedded/5.4 2016q3/bin/../lib/gcc/arm-none-eabi/5.4.1/armv7-m\libgcc.a(_arm_truncdfsf2.o)
                              ..\obj\instance_common.o (__aeabi_d2f)
c:/program files (x86)/gnu tools arm embedded/5.4 2016q3/bin/../lib/gcc/arm-none-eabi/5.4.1/armv7-m\libgcc.a(_arm_addsubsf3.o)
                              ..\obj\deca_range_tables.o (__aeabi_i2f)
c:/program files (x86)/gnu tools arm embedded/5.4 2016q3/bin/../lib/gcc/arm-none-eabi/5.4.1/armv7-m\libgcc.a(_fixdfdi.o)
                              ..\obj\instance.o (__aeabi_d2lz)
c:/program files (x86)/gnu tools arm embedded/5.4 2016q3/bin/../lib/gcc/arm-none-eabi/5.4.1/armv7-m\libgcc.a(_fixunsdfdi.o)
                              ..\obj\instance_common.o (__aeabi_d2ulz)
c:/program files (x86)/gnu tools arm embedded/5.4 2016q3/bin/../lib/gcc/arm-none-eabi/5.4.1/../../../../arm-none-eabi/lib/armv7-m\libc.a(lib_a-clock.o)
                              ..\obj\unistd.o (clock)
c:/program files (x86)/gnu tools arm embedded/5.4 2016q3/bin/../lib/gcc/arm-none-eabi/5.4.1/../../../../arm-none-eabi/lib/armv7-m\libc.a(lib_a-memcmp.o)
[...]
Memory Configuration

Name             Origin             Length             Attributes
FLASH            0x08000000         0x00040000         xr
RAM              0x20000000         0x00008000         xrw
MEMORY_B1        0x60000000         0x00000000         xr
*default*        0x00000000         0xffffffff

Linker script and memory map

LOAD c:/program files (x86)/gnu tools arm embedded/5.4 2016q3/bin/../lib/gcc/arm-none-eabi/5.4.1/armv7-m/crti.o
LOAD c:/program files (x86)/gnu tools arm embedded/5.4 2016q3/bin/../lib/gcc/arm-none-eabi/5.4.1/armv7-m/crtbegin.o
LOAD c:/program files (x86)/gnu tools arm embedded/5.4 2016q3/bin/../lib/gcc/arm-none-eabi/5.4.1/../../../../arm-none-eabi/lib/armv7-m/crt0.o
                0x20008000                _estack = 0x20008000
                0x00000400                _Min_Heap_Size = 0x400
                0x00000400                _Min_Stack_Size = 0x400

.isr_vector     0x08000000      0x13c
                0x08000000                . = ALIGN (0x4)
 *(.isr_vector)
 .isr_vector    0x08000000      0x13c ..\obj\startup_stm32l1xx_mdp.o
                0x08000000                g_pfnVectors
                0x0800013c                . = ALIGN (0x4)

.text           0x08000140     0xd614
                0x08000140                . = ALIGN (0x4)
 *(.text)
 .text          0x08000140       0x5c c:/program files (x86)/gnu tools arm embedded/5.4 2016q3/bin/../lib/gcc/arm-none-eabi/5.4.1/armv7-m/crtbegin.o
 .text          0x0800019c      0x370 c:/program files (x86)/gnu tools arm embedded/5.4 2016q3/bin/../lib/gcc/arm-none-eabi/5.4.1/armv7-m\libgcc.a(_arm_addsubdf3.o)
                0x0800019c                __aeabi_drsub
                0x080001a4                __aeabi_dsub
                0x080001a4                __subdf3
                0x080001a8                __aeabi_dadd
                0x080001a8                __adddf3
                0x08000420                __floatunsidf
                0x08000420                __aeabi_ui2d
                0x08000440                __floatsidf
                0x08000440                __aeabi_i2d
                0x08000464                __aeabi_f2d
                0x08000464                __extendsfdf2
                0x080004a0                __floatundidf
                0x080004a0                __aeabi_ul2d
                0x080004b0                __floatdidf
                0x080004b0                __aeabi_l2d
 .text          0x0800050c      0x424 c:/program files (x86)/gnu tools arm embedded/5.4 2016q3/bin/../lib/gcc/arm-none-eabi/5.4.1/armv7-m\libgcc.a(_arm_muldivdf3.o)
                0x0800050c                __aeabi_dmul
                0x0800050c                __muldf3
                0x08000760                __divdf3
                0x08000760                __aeabi_ddiv
 .text          0x08000930      0x110 c:/program files (x86)/gnu tools arm embedded/5.4 2016q3/bin/../lib/gcc/arm-none-eabi/5.4.1/armv7-m\libgcc.a(_arm_cmpdf2.o)
                0x08000930                __gtdf2
                0x08000930                __gedf2
                0x08000938                __ltdf2
                0x08000938                __ledf2
                0x08000940                __nedf2
                0x08000940                __eqdf2
                0x08000940                __cmpdf2
                0x080009bc                __aeabi_cdrcmple
                0x080009cc                __aeabi_cdcmpeq
                0x080009cc                __aeabi_cdcmple
                0x080009dc                __aeabi_dcmpeq
                0x080009f0                __aeabi_dcmplt
                0x08000a04                __aeabi_dcmple
                0x08000a18                __aeabi_dcmpge
                0x08000a2c                __aeabi_dcmpgt
 .text          0x08000a40       0x50 c:/program files (x86)/gnu tools arm embedded/5.4 2016q3/bin/../lib/gcc/arm-none-eabi/5.4.1/armv7-m\libgcc.a(_arm_fixdfsi.o)
                0x08000a40                __aeabi_d2iz
                0x08000a40                __fixdfsi
 .text          0x08000a90       0x40 c:/program files (x86)/gnu tools arm embedded/5.4 2016q3/bin/../lib/gcc/arm-none-eabi/5.4.1/armv7-m\libgcc.a(_arm_fixunsdfsi.o)
                0x08000a90                __aeabi_d2uiz
                0x08000a90                __fixunsdfsi
 .text          0x08000ad0       0xa0 c:/program files (x86)/gnu tools arm embedded/5.4 2016q3/bin/../lib/gcc/arm-none-eabi/5.4.1/armv7-m\libgcc.a(_arm_truncdfsf2.o)
                0x08000ad0                __truncdfsf2
                0x08000ad0                __aeabi_d2f
 .text          0x08000b70      0x21c c:/program files (x86)/gnu tools arm embedded/5.4 2016q3/bin/../lib/gcc/arm-none-eabi/5.4.1/armv7-m\libgcc.a(_arm_addsubsf3.o)
                0x08000b70                __aeabi_frsub
                0x08000b78                __subsf3
                0x08000b78                __aeabi_fsub
                0x08000b7c                __aeabi_fadd
                0x08000b7c                __addsf3
                0x08000cdc                __aeabi_ui2f
                0x08000cdc                __floatunsisf
                0x08000ce4                __aeabi_i2f
                0x08000ce4                __floatsisf
                0x08000d00                __aeabi_ul2f
                0x08000d00                __floatundisf
                0x08000d10                __aeabi_l2f
                0x08000d10                __floatdisf
 .text          0x08000d8c       0x30 c:/program files (x86)/gnu tools arm embedded/5.4 2016q3/bin/../lib/gcc/arm-none-eabi/5.4.1/armv7-m\libgcc.a(_fixdfdi.o)
                0x08000d8c                __fixdfdi
                0x08000d8c                __aeabi_d2lz
 .text          0x08000dbc       0x48 c:/program files (x86)/gnu tools arm embedded/5.4 2016q3/bin/../lib/gcc/arm-none-eabi/5.4.1/armv7-m\libgcc.a(_fixunsdfdi.o)
                0x08000dbc                __fixunsdfdi
                0x08000dbc                __aeabi_d2ulz
 .text          0x08000e04       0xec c:/program files (x86)/gnu tools arm embedded/5.4 2016q3/bin/../lib/gcc/arm-none-eabi/5.4.1/../../../../arm-none-eabi/lib/armv7-m\libc.a(lib_a-memcpy.o)
                0x08000e04                memcpy
 .text          0x08000ef0       0x2c c:/program files (x86)/gnu tools arm embedded/5.4 2016q3/bin/../lib/gcc/arm-none-eabi/5.4.1/armv7-m\libgcc.a(_arm_unorddf2.o)
                0x08000ef0                __unorddf2
                0x08000ef0                __aeabi_dcmpun
 .text          0x08000f1c       0x30 c:/program files (x86)/gnu tools arm embedded/5.4 2016q3/bin/../lib/gcc/arm-none-eabi/5.4.1/armv7-m\libgcc.a(_aeabi_uldivmod.o)
                0x08000f1c                __aeabi_uldivmod
 .text          0x08000f4c      0x2ec c:/program files (x86)/gnu tools arm embedded/5.4 2016q3/bin/../lib/gcc/arm-none-eabi/5.4.1/armv7-m\libgcc.a(_udivmoddi4.o)
                0x08000f4c                __udivmoddi4
 .text          0x08001238        0x4 c:/program files (x86)/gnu tools arm embedded/5.4 2016q3/bin/../lib/gcc/arm-none-eabi/5.4.1/armv7-m\libgcc.a(_dvmd_tls.o)
                0x08001238                __aeabi_idiv0
                0x08001238                __aeabi_ldiv0
 *(.text*)
 .text.memset   0x0800123c       0x9c c:/program files (x86)/gnu tools arm embedded/5.4 2016q3/bin/../lib/gcc/arm-none-eabi/5.4.1/../../../../arm-none-eabi/lib/armv7-m\libc.a(lib_a-memset.o)
                0x0800123c                memset
 .text.startup.register_fini
                0x080012d8       0x14 c:/program files (x86)/gnu tools arm embedded/5.4 2016q3/bin/../lib/gcc/arm-none-eabi/5.4.1/../../../../arm-none-eabi/lib/armv7-m\libc.a(lib_a-__call_atexit.o)
 .text.atexit   0x080012ec        0xc c:/program files (x86)/gnu tools arm embedded/5.4 2016q3/bin/../lib/gcc/arm-none-eabi/5.4.1/../../../../arm-none-eabi/lib/armv7-m\libc.a(lib_a-atexit.o)
                0x080012ec                atexit
 .text.__libc_fini_array
                0x080012f8       0x28 c:/program files (x86)/gnu tools arm embedded/5.4 2016q3/bin/../lib/gcc/arm-none-eabi/5.4.1/../../../../arm-none-eabi/lib/armv7-m\libc.a(lib_a-fini.o)
                0x080012f8                __libc_fini_array
 .text.__register_exitproc
                0x08001320       0xa4 c:/program files (x86)/gnu tools arm embedded/5.4 2016q3/bin/../lib/gcc/arm-none-eabi/5.4.1/../../../../arm-none-eabi/lib/armv7-m\libc.a(lib_a-__atexit.o)
                0x08001320                __register_exitproc
 .text.SYSCFG_EXTILineConfig
                0x080013c4       0x84 ..\obj\stm32l1xx_syscfg.o
                0x080013c4                SYSCFG_EXTILineConfig
 .text.EXTI_Init
                0x08001448       0xe4 ..\obj\stm32l1xx_exti.o
                0x08001448                EXTI_Init
 .text.EXTI_ClearITPendingBit
                0x0800152c       0x1c ..\obj\stm32l1xx_exti.o
                0x0800152c                EXTI_ClearITPendingBit
 .text.FLASH_SetLatency
                0x08001548       0x38 ..\obj\stm32l1xx_flash.o
                0x08001548                FLASH_SetLatency
 .text.FLASH_PrefetchBufferCmd
                0x08001580       0x38 ..\obj\stm32l1xx_flash.o
                0x08001580                FLASH_PrefetchBufferCmd
 .text.dwt_getrangebias
                0x080015b8      0x18c ..\obj\deca_range_tables.o
                0x080015b8                dwt_getrangebias
 .text.writetospi_serial
                0x08001744       0x74 ..\obj\deca_spi.o
                0x08001744                writetospi_serial
 .text.readfromspi_serial
                0x080017b8       0x78 ..\obj\deca_spi.o
                0x080017b8                readfromspi_serial
 .text.writetoLCD
                0x08001830       0xe0 ..\obj\deca_spi.o
                0x08001830                writetoLCD
 .text.RTC_WaitForSynchro
                0x08001910       0x74 ..\obj\stm32l1xx_rtc.o
                0x08001910                RTC_WaitForSynchro
 .text.RTC_WakeUpClockConfig
                0x08001984       0x40 ..\obj\stm32l1xx_rtc.o
                0x08001984                RTC_WakeUpClockConfig
 .text.RTC_SetWakeUpCounter
                0x080019c4       0x30 ..\obj\stm32l1xx_rtc.o
                0x080019c4                RTC_SetWakeUpCounter
 .text.RTC_WakeUpCmd
                0x080019f4       0x90 ..\obj\stm32l1xx_rtc.o
                0x080019f4                RTC_WakeUpCmd
 .text.RTC_ITConfig
                0x08001a84       0x78 ..\obj\stm32l1xx_rtc.o
                0x08001a84                RTC_ITConfig
 .text.instanceconfigframeheader
                0x08001afc       0x44 ..\obj\instance.o
                0x08001afc                instanceconfigframeheader
 .text.setupmacframedata
                0x08001b40       0x24 ..\obj\instance.o
                0x08001b40                setupmacframedata
 .text.instancerxon
                0x08001b64       0x48 ..\obj\instance.o
                0x08001b64                instancerxon
 .text.instancesendpacket
                0x08001bac       0x4c ..\obj\instance.o
                0x08001bac                instancesendpacket
 .text.testapprun_s
                0x08001bf8     0x1054 ..\obj\instance.o
                0x08001bf8                testapprun_s
 .text.instance_init_s
                0x08002c4c       0x88 ..\obj\instance.o
                0x08002c4c                instance_init_s
 *fill*         0x08002cd4        0x4 
 .text.instance_init_timings
                0x08002cd8      0x374 ..\obj\instance.o
                0x08002cd8                instance_init_timings
 .text.instance_get_addr
                0x0800304c      0x1bc ..\obj\instance.o
                0x0800304c                instance_get_addr
 .text.instance_get_tagaddr
                0x08003208      0x1bc ..\obj\instance.o
                0x08003208                instance_get_tagaddr
 .text.instance_get_anchaddr
                0x080033c4      0x1bc ..\obj\instance.o
                0x080033c4                instance_get_anchaddr
 .text.LCD_Init
                0x08003580       0x60 ..\obj\stm32l1xx_lcd.o
                0x08003580                LCD_Init
 .text.LCD_Cmd  0x080035e0       0x20 ..\obj\stm32l1xx_lcd.o
                0x080035e0                LCD_Cmd
 .text.LCD_WaitForSynchro
                0x08003600       0x3c ..\obj\stm32l1xx_lcd.o
                0x08003600                LCD_WaitForSynchro
 .text.LCD_MuxSegmentCmd
                0x0800363c       0x20 ..\obj\stm32l1xx_lcd.o
                0x0800363c                LCD_MuxSegmentCmd
 .text.LCD_PulseOnDurationConfig
                0x0800365c       0x30 ..\obj\stm32l1xx_lcd.o
                0x0800365c                LCD_PulseOnDurationConfig
 .text.LCD_DeadTimeConfig
                0x0800368c       0x30 ..\obj\stm32l1xx_lcd.o
                0x0800368c                LCD_DeadTimeConfig
 .text.LCD_BlinkConfig
                0x080036bc       0x34 ..\obj\stm32l1xx_lcd.o
                0x080036bc                LCD_BlinkConfig
 .text.LCD_ContrastConfig
                0x080036f0       0x30 ..\obj\stm32l1xx_lcd.o
                0x080036f0                LCD_ContrastConfig
 .text.LCD_UpdateDisplayRequest
                0x08003720       0x18 ..\obj\stm32l1xx_lcd.o
                0x08003720                LCD_UpdateDisplayRequest
 .text.LCD_GetFlagStatus
                0x08003738       0x34 ..\obj\stm32l1xx_lcd.o
                0x08003738                LCD_GetFlagStatus
 .text.RCC_DeInit
                0x0800376c       0x5c ..\obj\stm32l1xx_rcc.o
                0x0800376c                RCC_DeInit
 .text.RCC_HSICmd
                0x080037c8       0x20 ..\obj\stm32l1xx_rcc.o
                0x080037c8                RCC_HSICmd
 .text.RCC_LSICmd
                0x080037e8       0x20 ..\obj\stm32l1xx_rcc.o
                0x080037e8                RCC_LSICmd
 .text.RCC_PLLConfig
                0x08003808       0x34 ..\obj\stm32l1xx_rcc.o
                0x08003808                RCC_PLLConfig
 .text.RCC_PLLCmd
                0x0800383c       0x20 ..\obj\stm32l1xx_rcc.o
                0x0800383c                RCC_PLLCmd
 .text.RCC_SYSCLKConfig
                0x0800385c       0x38 ..\obj\stm32l1xx_rcc.o
                0x0800385c                RCC_SYSCLKConfig
 .text.RCC_GetSYSCLKSource
                0x08003894       0x1c ..\obj\stm32l1xx_rcc.o
                0x08003894                RCC_GetSYSCLKSource
 .text.RCC_HCLKConfig
                0x080038b0       0x38 ..\obj\stm32l1xx_rcc.o
                0x080038b0                RCC_HCLKConfig
 .text.RCC_PCLK1Config
                0x080038e8       0x38 ..\obj\stm32l1xx_rcc.o
                0x080038e8                RCC_PCLK1Config
 .text.RCC_PCLK2Config
                0x08003920       0x38 ..\obj\stm32l1xx_rcc.o
                0x08003920                RCC_PCLK2Config
 .text.RCC_GetClocksFreq
                0x08003958      0x1b4 ..\obj\stm32l1xx_rcc.o
                0x08003958                RCC_GetClocksFreq
 .text.RCC_RTCCLKConfig
                0x08003b0c       0x64 ..\obj\stm32l1xx_rcc.o
                0x08003b0c                RCC_RTCCLKConfig
 .text.RCC_RTCCLKCmd
                0x08003b70       0x20 ..\obj\stm32l1xx_rcc.o
                0x08003b70                RCC_RTCCLKCmd
 .text.RCC_AHBPeriphClockCmd
                0x08003b90       0x3c ..\obj\stm32l1xx_rcc.o
                0x08003b90                RCC_AHBPeriphClockCmd
 .text.RCC_APB2PeriphClockCmd
                0x08003bcc       0x3c ..\obj\stm32l1xx_rcc.o
                0x08003bcc                RCC_APB2PeriphClockCmd
 .text.RCC_APB1PeriphClockCmd
                0x08003c08       0x3c ..\obj\stm32l1xx_rcc.o
                0x08003c08                RCC_APB1PeriphClockCmd
 .text.RCC_APB2PeriphResetCmd
                0x08003c44       0x3c ..\obj\stm32l1xx_rcc.o
                0x08003c44                RCC_APB2PeriphResetCmd
 .text.RCC_APB1PeriphResetCmd
                0x08003c80       0x3c ..\obj\stm32l1xx_rcc.o
                0x08003c80                RCC_APB1PeriphResetCmd
 .text.RCC_GetFlagStatus
                0x08003cbc       0x64 ..\obj\stm32l1xx_rcc.o
                0x08003cbc                RCC_GetFlagStatus
 .text.NVIC_EnableIRQ
                0x08003d20       0x30 ..\obj\deca_mutex.o
 .text.NVIC_DisableIRQ
                0x08003d50       0x34 ..\obj\deca_mutex.o
 .text.decamutexon
                0x08003d84       0x28 ..\obj\deca_mutex.o
                0x08003d84                decamutexon
 .text.decamutexoff
                0x08003dac       0x1c ..\obj\deca_mutex.o
                0x08003dac                decamutexoff
 .text.TIM_TimeBaseInit
                0x08003dc8       0xa4 ..\obj\stm32l1xx_tim.o
                0x08003dc8                TIM_TimeBaseInit
 .text.TIM_Cmd  0x08003e6c       0x40 ..\obj\stm32l1xx_tim.o
                0x08003e6c                TIM_Cmd
 .text.ADC_CommonInit
                0x08003eac       0x38 ..\obj\stm32l1xx_adc.o
                0x08003eac                ADC_CommonInit
 .text.ADC_SoftwareStartConv
                0x08003ee4       0x20 ..\obj\stm32l1xx_adc.o
                0x08003ee4                ADC_SoftwareStartConv
 .text.ADC_GetConversionValue
                0x08003f04       0x18 ..\obj\stm32l1xx_adc.o
                0x08003f04                ADC_GetConversionValue
 .text.ADC_GetFlagStatus
                0x08003f1c       0x34 ..\obj\stm32l1xx_adc.o
                0x08003f1c                ADC_GetFlagStatus
 .text.ADC_GetITStatus
                0x08003f50       0x5c ..\obj\stm32l1xx_adc.o
                0x08003f50                ADC_GetITStatus
 .text.ADC_ClearITPendingBit
                0x08003fac       0x2c ..\obj\stm32l1xx_adc.o
                0x08003fac                ADC_ClearITPendingBit
 .text.NVIC_SetPriority
                0x08003fd8       0x54 ..\obj\port.o
 .text.SysTick_Config
                0x0800402c       0x44 ..\obj\port.o
 .text.portGetTickCnt
                0x08004070       0x14 ..\obj\port.o
                0x08004070                portGetTickCnt
 .text.SysTick_Configuration
                0x08004084       0x38 ..\obj\port.o
                0x08004084                SysTick_Configuration
 .text.RTC_Configuration
                0x080040bc       0xa4 ..\obj\port.o
                0x080040bc                RTC_Configuration
 .text.NVIC_Configuration
                0x08004160       0x6c ..\obj\port.o
                0x08004160                NVIC_Configuration
 .text.EXTI_GetITEnStatus
                0x080041cc       0x3c ..\obj\port.o
                0x080041cc                EXTI_GetITEnStatus
 .text.RCC_Configuration
                0x08004208       0xb0 ..\obj\port.o
                0x08004208                RCC_Configuration
 .text.SPI_ConfigFastRate
                0x080042b8       0x58 ..\obj\port.o
                0x080042b8                SPI_ConfigFastRate
 .text.SPI_Configuration
                0x08004310      0x100 ..\obj\port.o
                0x08004310                SPI_Configuration
 .text.GPIO_Configuration
                0x08004410       0x70 ..\obj\port.o
                0x08004410                GPIO_Configuration
 .text.reset_DW1000
                0x08004480       0x50 ..\obj\port.o
                0x08004480                reset_DW1000
 .text.setup_DW1000RSTnIRQ
                0x080044d0       0xac ..\obj\port.o
                0x080044d0                setup_DW1000RSTnIRQ
 .text.is_button_reset_on
                0x0800457c       0x2c ..\obj\port.o
                0x0800457c                is_button_reset_on
 .text.led_off  0x080045a8       0x44 ..\obj\port.o
                0x080045a8                led_off
 .text.led_on   0x080045ec       0x44 ..\obj\port.o
                0x080045ec                led_on
 .text.peripherals_init
                0x08004630       0x20 ..\obj\port.o
                0x08004630                peripherals_init
 .text.spi_peripheral_init
                0x08004650        0xc ..\obj\port.o
                0x08004650                spi_peripheral_init
 .text.dwt_initialise
                0x0800465c      0x20c ..\obj\deca_device.o
                0x0800465c                dwt_initialise
 .text.dwt_getldotune
                0x08004868       0x14 ..\obj\deca_device.o
                0x08004868                dwt_getldotune
 .text.dwt_getpartid
                0x0800487c       0x14 ..\obj\deca_device.o
                0x0800487c                dwt_getpartid
 .text.dwt_readdevid
                0x08004890       0x14 ..\obj\deca_device.o
                0x08004890                dwt_readdevid
 .text.dwt_configuretxrf
                0x080048a4       0x2c ..\obj\deca_device.o
                0x080048a4                dwt_configuretxrf
 .text.dwt_getotptxpower
                0x080048d0       0x3c ..\obj\deca_device.o
                0x080048d0                dwt_getotptxpower
 .text.dwt_configure
                0x0800490c      0x33c ..\obj\deca_device.o
                0x0800490c                dwt_configure
 .text.dwt_setrxantennadelay
                0x08004c48       0x2c ..\obj\deca_device.o
                0x08004c48                dwt_setrxantennadelay
 .text.dwt_settxantennadelay
                0x08004c74       0x2c ..\obj\deca_device.o
                0x08004c74                dwt_settxantennadelay
 .text.dwt_readantennadelay
                0x08004ca0       0x28 ..\obj\deca_device.o
                0x08004ca0                dwt_readantennadelay
 .text.dwt_writetxdata
                0x08004cc8       0x20 ..\obj\deca_device.o
                0x08004cc8                dwt_writetxdata
 .text.dwt_writetxfctrl
                0x08004ce8       0x1c ..\obj\deca_device.o
                0x08004ce8                dwt_writetxfctrl
 .text.dwt_readrxdata
                0x08004d04       0x14 ..\obj\deca_device.o
                0x08004d04                dwt_readrxdata
 .text.dwt_readtxtimestamp
                0x08004d18        0xc ..\obj\deca_device.o
                0x08004d18                dwt_readtxtimestamp
 .text.dwt_readrxtimestamp
                0x08004d24        0xc ..\obj\deca_device.o
                0x08004d24                dwt_readrxtimestamp
 .text.dwt_writetodevice
                0x08004d30       0x58 ..\obj\deca_device.o
                0x08004d30                dwt_writetodevice
 .text.dwt_readfromdevice
                0x08004d88       0x54 ..\obj\deca_device.o
                0x08004d88                dwt_readfromdevice
 .text.dwt_read32bitoffsetreg
                0x08004ddc       0x44 ..\obj\deca_device.o
                0x08004ddc                dwt_read32bitoffsetreg
 .text.dwt_read16bitoffsetreg
                0x08004e20       0x30 ..\obj\deca_device.o
                0x08004e20                dwt_read16bitoffsetreg
 .text.dwt_write16bitoffsetreg
                0x08004e50       0x20 ..\obj\deca_device.o
                0x08004e50                dwt_write16bitoffsetreg
 .text.dwt_write32bitoffsetreg
                0x08004e70       0x30 ..\obj\deca_device.o
                0x08004e70                dwt_write32bitoffsetreg
 .text.dwt_enableframefilter
                0x08004ea0       0x40 ..\obj\deca_device.o
                0x08004ea0                dwt_enableframefilter
 .text.dwt_setpanid
                0x08004ee0        0xc ..\obj\deca_device.o
                0x08004ee0                dwt_setpanid
 .text.dwt_seteui
                0x08004eec        0xc ..\obj\deca_device.o
                0x08004eec                dwt_seteui
 .text.dwt_geteui
                0x08004ef8        0xc ..\obj\deca_device.o
                0x08004ef8                dwt_geteui
 .text._dwt_otpread
                0x08004f04       0x4c ..\obj\deca_device.o
                0x08004f04                _dwt_otpread
 .text._dwt_aonarrayupload
                0x08004f50       0x30 ..\obj\deca_device.o
                0x08004f50                _dwt_aonarrayupload
 .text.dwt_entersleep
                0x08004f80        0x4 ..\obj\deca_device.o
                0x08004f80                dwt_entersleep
 .text.dwt_configuresleep
                0x08004f84       0x24 ..\obj\deca_device.o
                0x08004f84                dwt_configuresleep
 .text.dwt_entersleepaftertx
                0x08004fa8       0x30 ..\obj\deca_device.o
                0x08004fa8                dwt_entersleepaftertx
 .text._dwt_configlde
                0x08004fd8       0x40 ..\obj\deca_device.o
                0x08004fd8                _dwt_configlde
 .text._dwt_loaducodefromrom
                0x08005018       0x3c ..\obj\deca_device.o
                0x08005018                _dwt_loaducodefromrom
 .text.dwt_loadopsettabfromotp
                0x08005054       0x38 ..\obj\deca_device.o
                0x08005054                dwt_loadopsettabfromotp
 .text.dwt_setrxaftertxdelay
                0x0800508c       0x24 ..\obj\deca_device.o
                0x0800508c                dwt_setrxaftertxdelay
 .text.dwt_setcallbacks
                0x080050b0        0xc ..\obj\deca_device.o
                0x080050b0                dwt_setcallbacks
 .text.dwt_isr  0x080050bc      0x2b0 ..\obj\deca_device.o
                0x080050bc                dwt_isr
 .text.dwt_setleds
                0x0800536c       0xc4 ..\obj\deca_device.o
                0x0800536c                dwt_setleds
 .text._dwt_enableclocks
                0x08005430       0xe4 ..\obj\deca_device.o
                0x08005430                _dwt_enableclocks
 .text._dwt_disablesequencing
                0x08005514       0x18 ..\obj\deca_device.o
                0x08005514                _dwt_disablesequencing
 .text.dwt_setdelayedtrxtime
                0x0800552c        0xc ..\obj\deca_device.o
                0x0800552c                dwt_setdelayedtrxtime
 .text.dwt_starttx
                0x08005538       0xa8 ..\obj\deca_device.o
                0x08005538                dwt_starttx
 .text.dwt_checkoverrun
                0x080055e0       0x10 ..\obj\deca_device.o
                0x080055e0                dwt_checkoverrun
 .text.dwt_forcetrxoff
                0x080055f0       0x64 ..\obj\deca_device.o
                0x080055f0                dwt_forcetrxoff
 .text.dwt_syncrxbufptrs
                0x08005654       0x34 ..\obj\deca_device.o
                0x08005654                dwt_syncrxbufptrs
 .text.dwt_rxenable
                0x08005688       0x68 ..\obj\deca_device.o
                0x08005688                dwt_rxenable
 .text.dwt_setrxtimeout
                0x080056f0       0x64 ..\obj\deca_device.o
                0x080056f0                dwt_setrxtimeout
 .text.dwt_setinterrupt
                0x08005754       0x34 ..\obj\deca_device.o
                0x08005754                dwt_setinterrupt
 .text.dwt_configeventcounters
                0x08005788       0x34 ..\obj\deca_device.o
                0x08005788                dwt_configeventcounters
 .text.dwt_rxreset
                0x080057bc       0x30 ..\obj\deca_device.o
                0x080057bc                dwt_rxreset
 .text.dwt_softreset
                0x080057ec       0x7c ..\obj\deca_device.o
                0x080057ec                dwt_softreset
 .text.dwt_xtaltrim
                0x08005868       0x38 ..\obj\deca_device.o
                0x08005868                dwt_xtaltrim
 .text.NMI_Handler
                0x080058a0        0xc ..\obj\stm32l1xx_it.o
                0x080058a0                NMI_Handler
 .text.pop_registers_from_fault_stack
                0x080058ac       0x3c ..\obj\stm32l1xx_it.o
                0x080058ac                pop_registers_from_fault_stack
 .text.HardFault_Handler
                0x080058e8       0x20 ..\obj\stm32l1xx_it.o
                0x080058e8                HardFault_Handler
 .text.MemManage_Handler
                0x08005908        0x8 ..\obj\stm32l1xx_it.o
                0x08005908                MemManage_Handler
 .text.BusFault_Handler
                0x08005910        0x8 ..\obj\stm32l1xx_it.o
                0x08005910                BusFault_Handler
 .text.UsageFault_Handler
                0x08005918        0x8 ..\obj\stm32l1xx_it.o
                0x08005918                UsageFault_Handler
 .text.SVC_Handler
                0x08005920        0xc ..\obj\stm32l1xx_it.o
                0x08005920                SVC_Handler
 .text.DebugMon_Handler
                0x0800592c        0xc ..\obj\stm32l1xx_it.o
                0x0800592c                DebugMon_Handler
 .text.PendSV_Handler
                0x08005938        0xc ..\obj\stm32l1xx_it.o
                0x08005938                PendSV_Handler
 .text.SysTick_Handler
                0x08005944       0x1c ..\obj\stm32l1xx_it.o
                0x08005944                SysTick_Handler
 .text.EXTI15_10_IRQHandler
                0x08005960       0x10 ..\obj\stm32l1xx_it.o
                0x08005960                EXTI15_10_IRQHandler
 .text.EXTI0_IRQHandler
                0x08005970       0x14 ..\obj\stm32l1xx_it.o
                0x08005970                EXTI0_IRQHandler
 .text.EXTI3_IRQHandler
                0x08005984       0x14 ..\obj\stm32l1xx_it.o
                0x08005984                EXTI3_IRQHandler
 .text.EXTI2_IRQHandler
                0x08005998       0x14 ..\obj\stm32l1xx_it.o
                0x08005998                EXTI2_IRQHandler
 .text.ADC1_IRQHandler
                0x080059ac       0x28 ..\obj\stm32l1xx_it.o
                0x080059ac                ADC1_IRQHandler
 .text.SystemInit
                0x080059d4       0x68 ..\obj\system_stm32l1xx.o
                0x080059d4                SystemInit
 .text.SetSysClock
                0x08005a3c      0x120 ..\obj\system_stm32l1xx.o
 *fill*         0x08005b5c        0x4 
 .text.convertmicrosectodevicetimeu
                0x08005b60       0x60 ..\obj\instance_common.o
                0x08005b60                convertmicrosectodevicetimeu
 .text.convertdevicetimetosec
                0x08005bc0       0x48 ..\obj\instance_common.o
                0x08005bc0                convertdevicetimetosec
 .text.reportTOF
                0x08005c08      0x2b8 ..\obj\instance_common.o
                0x08005c08                reportTOF
 .text.instaddtagtolist
                0x08005ec0       0x9c ..\obj\instance_common.o
                0x08005ec0                instaddtagtolist
 .text.istaginlist
                0x08005f5c       0x74 ..\obj\instance_common.o
                0x08005f5c                istaginlist
 .text.instcleartaglist
                0x08005fd0       0x7c ..\obj\instance_common.o
                0x08005fd0                instcleartaglist
 .text.instancesetrole
                0x0800604c       0x20 ..\obj\instance_common.o
                0x0800604c                instancesetrole
 .text.instancenewrange
                0x0800606c       0x28 ..\obj\instance_common.o
                0x0800606c                instancenewrange
 .text.instancenewrangeancadd
                0x08006094       0x18 ..\obj\instance_common.o
                0x08006094                instancenewrangeancadd
 .text.instancenewrangetagadd
                0x080060ac       0x18 ..\obj\instance_common.o
                0x080060ac                instancenewrangetagadd
 .text.instanceanchorwaiting
                0x080060c4       0x18 ..\obj\instance_common.o
                0x080060c4                instanceanchorwaiting
 .text.instancesleeping
                0x080060dc       0x28 ..\obj\instance_common.o
                0x080060dc                instancesleeping
 .text.instanceclearcounts
                0x08006104      0x158 ..\obj\instance_common.o
                0x08006104                instanceclearcounts
 .text.instance_init
                0x0800625c      0x190 ..\obj\instance_common.o
                0x0800625c                instance_init
 .text.instancereaddeviceid
                0x080063ec       0x10 ..\obj\instance_common.o
                0x080063ec                instancereaddeviceid
 .text.instance_config
                0x080063fc      0x35c ..\obj\instance_common.o
                0x080063fc                instance_config
 .text.instancesettagsleepdelay
                0x08006758       0x44 ..\obj\instance_common.o
                0x08006758                instancesettagsleepdelay
 .text.instance_get_lcount
                0x0800679c       0x20 ..\obj\instance_common.o
                0x0800679c                instance_get_lcount
 .text.instance_get_idist
                0x080067bc       0x24 ..\obj\instance_common.o
                0x080067bc                instance_get_idist
 .text.instance_get_idistraw
                0x080067e0       0x24 ..\obj\instance_common.o
                0x080067e0                instance_get_idistraw
 .text.instance_get_adist
                0x08006804       0x24 ..\obj\instance_common.o
                0x08006804                instance_get_adist
 .text.inst_processrxtimeout
                0x08006828       0x78 ..\obj\instance_common.o
                0x08006828                inst_processrxtimeout
 .text.instance_txcallback
                0x080068a0      0x164 ..\obj\instance_common.o
                0x080068a0                instance_txcallback
 .text.instance_rxcallback
                0x08006a04      0x4f8 ..\obj\instance_common.o
                0x08006a04                instance_rxcallback
 .text.instance_peekevent
                0x08006efc       0x4c ..\obj\instance_common.o
                0x08006efc                instance_peekevent
 .text.instance_putevent
                0x08006f48       0xfc ..\obj\instance_common.o
                0x08006f48                instance_putevent
 .text.instance_getevent
                0x08007044      0x228 ..\obj\instance_common.o
                0x08007044                instance_getevent
 .text.instance_clearevents
                0x0800726c       0x94 ..\obj\instance_common.o
                0x0800726c                instance_clearevents
 .text.instance_setapprun
                0x08007300       0x24 ..\obj\instance_common.o
                0x08007300                instance_setapprun
 .text.instance_run
                0x08007324      0x208 ..\obj\instance_common.o
                0x08007324                instance_run
 .text.instance_notify_DW1000_inIDLE
                0x0800752c       0x20 ..\obj\instance_common.o
                0x0800752c                instance_notify_DW1000_inIDLE
 .text.instancesetantennadelays
                0x0800754c       0x34 ..\obj\instance_common.o
                0x0800754c                instancesetantennadelays
 .text.instancetxantdly
                0x08007580       0x14 ..\obj\instance_common.o
                0x08007580                instancetxantdly
 .text.instancerxantdly
                0x08007594       0x14 ..\obj\instance_common.o
                0x08007594                instancerxantdly
 .text.NVIC_EnableIRQ
                0x080075a8       0x30 ..\obj\main.o
 .text.NVIC_DisableIRQ
                0x080075d8       0x34 ..\obj\main.o
 .text.decarangingmode
                0x0800760c       0x48 ..\obj\main.o
                0x0800760c                decarangingmode
 .text.inittestapplication
                0x08007654      0x1a8 ..\obj\main.o
                0x08007654                inittestapplication
 .text.process_dwRSTn_irq
                0x080077fc       0x10 ..\obj\main.o
                0x080077fc                process_dwRSTn_irq
 .text.InitializeTimer
                0x0800780c       0x3c ..\obj\main.o
                0x0800780c                InitializeTimer
 .text.process_deca_irq
                0x08007848       0x20 ..\obj\main.o
                0x08007848                process_deca_irq
 .text.initLCD  0x08007868      0x1dc ..\obj\main.o
                0x08007868                initLCD
 *fill*         0x08007a44        0x4 
 .text.readADC  0x08007a48       0x98 ..\obj\main.o
                0x08007a48                readADC
 .text.enterLowPowerRunMode
                0x08007ae0       0x34 ..\obj\main.o
                0x08007ae0                enterLowPowerRunMode
 .text.main     0x08007b14      0x894 ..\obj\main.o
                0x08007b14                main
 .text._write   0x080083a8       0x40 ..\obj\syscalls.o
                0x080083a8                _write
 .text._sbrk    0x080083e8       0x70 ..\obj\syscalls.o
                0x080083e8                _sbrk
 .text._times_r
                0x08008458       0x38 ..\obj\syscalls.o
                0x08008458                _times_r
 .text.LCD_bar  0x08008490       0x4c ..\obj\stm32l_discovery_lcd.o
                0x08008490                LCD_bar
 .text.LCD_Conv_Char_Seg
                0x080084dc      0x158 ..\obj\stm32l_discovery_lcd.o
 .text.LCD_GLASS_WriteChar
                0x08008634      0x4bc ..\obj\stm32l_discovery_lcd.o
                0x08008634                LCD_GLASS_WriteChar
 .text.LCD_GLASS_DisplayString
                0x08008af0       0x50 ..\obj\stm32l_discovery_lcd.o
                0x08008af0                LCD_GLASS_DisplayString
 .text.LCD_GLASS_Clear
                0x08008b40       0x48 ..\obj\stm32l_discovery_lcd.o
                0x08008b40                LCD_GLASS_Clear
 .text.Reset_Handler
                0x08008b88       0x44 ..\obj\startup_stm32l1xx_mdp.o
                0x08008b88                Reset_Handler
 .text.Default_Handler
                0x08008bcc        0x2 ..\obj\startup_stm32l1xx_mdp.o
                0x08008bcc                RTC_Alarm_IRQHandler
                0x08008bcc                COMP_ACQ_IRQHandler
                0x08008bcc                TIM10_IRQHandler
                0x08008bcc                USB_HP_IRQHandler
                0x08008bcc                TIM6_IRQHandler
                0x08008bcc                PVD_IRQHandler
                0x08008bcc                I2C2_EV_IRQHandler
                0x08008bcc                SPI1_IRQHandler
                0x08008bcc                USB_FS_WKUP_IRQHandler
                0x08008bcc                DMA2_Channel2_IRQHandler
                0x08008bcc                DMA1_Channel4_IRQHandler
                0x08008bcc                USART3_IRQHandler
                0x08008bcc                DMA1_Channel7_IRQHandler
                0x08008bcc                LCD_IRQHandler
                0x08008bcc                TIM4_IRQHandler
                0x08008bcc                DMA2_Channel1_IRQHandler
                0x08008bcc                I2C1_EV_IRQHandler
                0x08008bcc                DMA1_Channel6_IRQHandler
                0x08008bcc                DMA2_Channel4_IRQHandler
                0x08008bcc                TIM3_IRQHandler
                0x08008bcc                RCC_IRQHandler
                0x08008bcc                DMA1_Channel1_IRQHandler
                0x08008bcc                Default_Handler
                0x08008bcc                TIM7_IRQHandler
                0x08008bcc                TIM5_IRQHandler
                0x08008bcc                EXTI9_5_IRQHandler
                0x08008bcc                TIM9_IRQHandler
                0x08008bcc                TAMPER_STAMP_IRQHandler
                0x08008bcc                RTC_WKUP_IRQHandler
                0x08008bcc                SPI2_IRQHandler
                0x08008bcc                DMA2_Channel5_IRQHandler
                0x08008bcc                DMA1_Channel5_IRQHandler
                0x08008bcc                USB_LP_IRQHandler
                0x08008bcc                EXTI4_IRQHandler
                0x08008bcc                DMA1_Channel3_IRQHandler
                0x08008bcc                COMP_IRQHandler
                0x08008bcc                WWDG_IRQHandler
                0x08008bcc                TIM2_IRQHandler
                0x08008bcc                DAC_IRQHandler
                0x08008bcc                EXTI1_IRQHandler
                0x08008bcc                AES_IRQHandler
                0x08008bcc                TIM11_IRQHandler
                0x08008bcc                USART2_IRQHandler
                0x08008bcc                I2C2_ER_IRQHandler
                0x08008bcc                DMA1_Channel2_IRQHandler
                0x08008bcc                FLASH_IRQHandler
                0x08008bcc                USART1_IRQHandler
                0x08008bcc                SPI3_IRQHandler
                0x08008bcc                I2C1_ER_IRQHandler
                0x08008bcc                DMA2_Channel3_IRQHandler
 *fill*         0x08008bce        0x2 
 .text.usleep   0x08008bd0       0x3c ..\obj\unistd.o
                0x08008bd0                usleep
 .text.PWR_RTCAccessCmd
                0x08008c0c       0x20 ..\obj\stm32l1xx_pwr.o
                0x08008c0c                PWR_RTCAccessCmd
 .text.PWR_VoltageScalingConfig
                0x08008c2c       0x3c ..\obj\stm32l1xx_pwr.o
                0x08008c2c                PWR_VoltageScalingConfig
 .text.PWR_EnterLowPowerRunMode
                0x08008c68       0x50 ..\obj\stm32l1xx_pwr.o
                0x08008c68                PWR_EnterLowPowerRunMode
 .text.PWR_GetFlagStatus
                0x08008cb8       0x34 ..\obj\stm32l1xx_pwr.o
                0x08008cb8                PWR_GetFlagStatus
 .text.SPI_I2S_DeInit
                0x08008cec       0x74 ..\obj\stm32l1xx_spi.o
                0x08008cec                SPI_I2S_DeInit
 .text.SPI_Init
                0x08008d60       0x88 ..\obj\stm32l1xx_spi.o
                0x08008d60                SPI_Init
 .text.SPI_Cmd  0x08008de8       0x40 ..\obj\stm32l1xx_spi.o
                0x08008de8                SPI_Cmd
 .text.SPI_SSOutputCmd
                0x08008e28       0x40 ..\obj\stm32l1xx_spi.o
                0x08008e28                SPI_SSOutputCmd
 .text.SPI_I2S_ReceiveData
                0x08008e68       0x18 ..\obj\stm32l1xx_spi.o
                0x08008e68                SPI_I2S_ReceiveData
 .text.SPI_I2S_SendData
                0x08008e80       0x1c ..\obj\stm32l1xx_spi.o
                0x08008e80                SPI_I2S_SendData
 .text.SPI_I2S_GetFlagStatus
                0x08008e9c       0x38 ..\obj\stm32l1xx_spi.o
                0x08008e9c                SPI_I2S_GetFlagStatus
 .text.NVIC_PriorityGroupConfig
                0x08008ed4       0x24 ..\obj\misc.o
                0x08008ed4                NVIC_PriorityGroupConfig
 .text.NVIC_Init
                0x08008ef8       0xc0 ..\obj\misc.o
                0x08008ef8                NVIC_Init
 .text.GPIO_Init
                0x08008fb8      0x138 ..\obj\stm32l1xx_gpio.o
                0x08008fb8                GPIO_Init
 .text.GPIO_ReadInputDataBit
                0x080090f0       0x38 ..\obj\stm32l1xx_gpio.o
                0x080090f0                GPIO_ReadInputDataBit
 .text.GPIO_SetBits
                0x08009128       0x1c ..\obj\stm32l1xx_gpio.o
                0x08009128                GPIO_SetBits
 .text.GPIO_ResetBits
                0x08009144       0x1c ..\obj\stm32l1xx_gpio.o
                0x08009144                GPIO_ResetBits
 .text.GPIO_WriteBit
                0x08009160       0x30 ..\obj\stm32l1xx_gpio.o
                0x08009160                GPIO_WriteBit
 .text.GPIO_PinAFConfig
                0x08009190       0x90 ..\obj\stm32l1xx_gpio.o
                0x08009190                GPIO_PinAFConfig
 .text.clock    0x08009220       0x2c c:/program files (x86)/gnu tools arm embedded/5.4 2016q3/bin/../lib/gcc/arm-none-eabi/5.4.1/../../../../arm-none-eabi/lib/armv7-m\libc.a(lib_a-clock.o)
                0x08009220                clock
 .text.memcmp   0x0800924c       0x64 c:/program files (x86)/gnu tools arm embedded/5.4 2016q3/bin/../lib/gcc/arm-none-eabi/5.4.1/../../../../arm-none-eabi/lib/armv7-m\libc.a(lib_a-memcmp.o)
                0x0800924c                memcmp
 .text.sprintf  0x080092b0       0x4c c:/program files (x86)/gnu tools arm embedded/5.4 2016q3/bin/../lib/gcc/arm-none-eabi/5.4.1/../../../../arm-none-eabi/lib/armv7-m\libc.a(lib_a-sprintf.o)
                0x080092b0                sprintf
 .text.strlen   0x080092fc       0x5c c:/program files (x86)/gnu tools arm embedded/5.4 2016q3/bin/../lib/gcc/arm-none-eabi/5.4.1/../../../../arm-none-eabi/lib/armv7-m\libc.a(lib_a-strlen-stub.o)
                0x080092fc                strlen
 .text._svfprintf_r
                0x08009358     0x1760 c:/program files (x86)/gnu tools arm embedded/5.4 2016q3/bin/../lib/gcc/arm-none-eabi/5.4.1/../../../../arm-none-eabi/lib/armv7-m\libc.a(lib_a-svfprintf.o)
                0x08009358                _svfprintf_r
 .text.quorem   0x0800aab8      0x12c c:/program files (x86)/gnu tools arm embedded/5.4 2016q3/bin/../lib/gcc/arm-none-eabi/5.4.1/../../../../arm-none-eabi/lib/armv7-m\libc.a(lib_a-dtoa.o)
 *fill*         0x0800abe4        0x4 
 .text._dtoa_r  0x0800abe8      0xe4c c:/program files (x86)/gnu tools arm embedded/5.4 2016q3/bin/../lib/gcc/arm-none-eabi/5.4.1/../../../../arm-none-eabi/lib/armv7-m\libc.a(lib_a-dtoa.o)
                0x0800abe8                _dtoa_r
 .text._malloc_trim_r
                0x0800ba34       0x9c c:/program files (x86)/gnu tools arm embedded/5.4 2016q3/bin/../lib/gcc/arm-none-eabi/5.4.1/../../../../arm-none-eabi/lib/armv7-m\libc.a(lib_a-freer.o)
                0x0800ba34                _malloc_trim_r
 .text._free_r  0x0800bad0      0x1d0 c:/program files (x86)/gnu tools arm embedded/5.4 2016q3/bin/../lib/gcc/arm-none-eabi/5.4.1/../../../../arm-none-eabi/lib/armv7-m\libc.a(lib_a-freer.o)
                0x0800bad0                _free_r
 .text._localeconv_r
                0x0800bca0       0x1c c:/program files (x86)/gnu tools arm embedded/5.4 2016q3/bin/../lib/gcc/arm-none-eabi/5.4.1/../../../../arm-none-eabi/lib/armv7-m\libc.a(lib_a-localeconv.o)
                0x0800bca0                _localeconv_r
 .text._malloc_r
                0x0800bcbc      0x558 c:/program files (x86)/gnu tools arm embedded/5.4 2016q3/bin/../lib/gcc/arm-none-eabi/5.4.1/../../../../arm-none-eabi/lib/armv7-m\libc.a(lib_a-mallocr.o)
                0x0800bcbc                _malloc_r
 .text.memchr   0x0800c214       0x8c c:/program files (x86)/gnu tools arm embedded/5.4 2016q3/bin/../lib/gcc/arm-none-eabi/5.4.1/../../../../arm-none-eabi/lib/armv7-m\libc.a(lib_a-memchr-stub.o)
                0x0800c214                memchr
 .text.memmove  0x0800c2a0       0xc8 c:/program files (x86)/gnu tools arm embedded/5.4 2016q3/bin/../lib/gcc/arm-none-eabi/5.4.1/../../../../arm-none-eabi/lib/armv7-m\libc.a(lib_a-memmove.o)
                0x0800c2a0                memmove
 .text.__malloc_lock
                0x0800c368        0x4 c:/program files (x86)/gnu tools arm embedded/5.4 2016q3/bin/../lib/gcc/arm-none-eabi/5.4.1/../../../../arm-none-eabi/lib/armv7-m\libc.a(lib_a-mlock.o)
                0x0800c368                __malloc_lock
 .text.__malloc_unlock
                0x0800c36c        0x4 c:/program files (x86)/gnu tools arm embedded/5.4 2016q3/bin/../lib/gcc/arm-none-eabi/5.4.1/../../../../arm-none-eabi/lib/armv7-m\libc.a(lib_a-mlock.o)
                0x0800c36c                __malloc_unlock
 .text._Balloc  0x0800c370       0x50 c:/program files (x86)/gnu tools arm embedded/5.4 2016q3/bin/../lib/gcc/arm-none-eabi/5.4.1/../../../../arm-none-eabi/lib/armv7-m\libc.a(lib_a-mprec.o)
                0x0800c370                _Balloc
 .text._Bfree   0x0800c3c0       0x14 c:/program files (x86)/gnu tools arm embedded/5.4 2016q3/bin/../lib/gcc/arm-none-eabi/5.4.1/../../../../arm-none-eabi/lib/armv7-m\libc.a(lib_a-mprec.o)
                0x0800c3c0                _Bfree
 .text.__multadd
                0x0800c3d4       0x80 c:/program files (x86)/gnu tools arm embedded/5.4 2016q3/bin/../lib/gcc/arm-none-eabi/5.4.1/../../../../arm-none-eabi/lib/armv7-m\libc.a(lib_a-mprec.o)
                0x0800c3d4                __multadd
 .text.__hi0bits
                0x0800c454       0x40 c:/program files (x86)/gnu tools arm embedded/5.4 2016q3/bin/../lib/gcc/arm-none-eabi/5.4.1/../../../../arm-none-eabi/lib/armv7-m\libc.a(lib_a-mprec.o)
                0x0800c454                __hi0bits
 .text.__lo0bits
                0x0800c494       0x5c c:/program files (x86)/gnu tools arm embedded/5.4 2016q3/bin/../lib/gcc/arm-none-eabi/5.4.1/../../../../arm-none-eabi/lib/armv7-m\libc.a(lib_a-mprec.o)
                0x0800c494                __lo0bits
 .text.__i2b    0x0800c4f0       0x14 c:/program files (x86)/gnu tools arm embedded/5.4 2016q3/bin/../lib/gcc/arm-none-eabi/5.4.1/../../../../arm-none-eabi/lib/armv7-m\libc.a(lib_a-mprec.o)
                0x0800c4f0                __i2b
 .text.__multiply
                0x0800c504      0x13c c:/program files (x86)/gnu tools arm embedded/5.4 2016q3/bin/../lib/gcc/arm-none-eabi/5.4.1/../../../../arm-none-eabi/lib/armv7-m\libc.a(lib_a-mprec.o)
                0x0800c504                __multiply
 .text.__pow5mult
                0x0800c640       0xa0 c:/program files (x86)/gnu tools arm embedded/5.4 2016q3/bin/../lib/gcc/arm-none-eabi/5.4.1/../../../../arm-none-eabi/lib/armv7-m\libc.a(lib_a-mprec.o)
                0x0800c640                __pow5mult
 .text.__lshift
                0x0800c6e0       0xac c:/program files (x86)/gnu tools arm embedded/5.4 2016q3/bin/../lib/gcc/arm-none-eabi/5.4.1/../../../../arm-none-eabi/lib/armv7-m\libc.a(lib_a-mprec.o)
                0x0800c6e0                __lshift
 .text.__mcmp   0x0800c78c       0x40 c:/program files (x86)/gnu tools arm embedded/5.4 2016q3/bin/../lib/gcc/arm-none-eabi/5.4.1/../../../../arm-none-eabi/lib/armv7-m\libc.a(lib_a-mprec.o)
                0x0800c78c                __mcmp
 .text.__mdiff  0x0800c7cc      0x128 c:/program files (x86)/gnu tools arm embedded/5.4 2016q3/bin/../lib/gcc/arm-none-eabi/5.4.1/../../../../arm-none-eabi/lib/armv7-m\libc.a(lib_a-mprec.o)
                0x0800c7cc                __mdiff
 .text.__d2b    0x0800c8f4       0xa8 c:/program files (x86)/gnu tools arm embedded/5.4 2016q3/bin/../lib/gcc/arm-none-eabi/5.4.1/../../../../arm-none-eabi/lib/armv7-m\libc.a(lib_a-mprec.o)
                0x0800c8f4                __d2b
 .text._realloc_r
                0x0800c99c      0x3d4 c:/program files (x86)/gnu tools arm embedded/5.4 2016q3/bin/../lib/gcc/arm-none-eabi/5.4.1/../../../../arm-none-eabi/lib/armv7-m\libc.a(lib_a-reallocr.o)
                0x0800c99c                _realloc_r
 .text._sbrk_r  0x0800cd70       0x24 c:/program files (x86)/gnu tools arm embedded/5.4 2016q3/bin/../lib/gcc/arm-none-eabi/5.4.1/../../../../arm-none-eabi/lib/armv7-m\libc.a(lib_a-sbrkr.o)
                0x0800cd70                _sbrk_r
 .text.__ssprint_r
                0x0800cd94      0x100 c:/program files (x86)/gnu tools arm embedded/5.4 2016q3/bin/../lib/gcc/arm-none-eabi/5.4.1/../../../../arm-none-eabi/lib/armv7-m\libc.a(lib_a-svfiprintf.o)
                0x0800cd94                __ssprint_r
 .text._calloc_r
                0x0800ce94       0x60 c:/program files (x86)/gnu tools arm embedded/5.4 2016q3/bin/../lib/gcc/arm-none-eabi/5.4.1/../../../../arm-none-eabi/lib/armv7-m\libc.a(lib_a-callocr.o)
                0x0800ce94                _calloc_r
 .text.__ascii_mbtowc
                0x0800cef4       0x2c c:/program files (x86)/gnu tools arm embedded/5.4 2016q3/bin/../lib/gcc/arm-none-eabi/5.4.1/../../../../arm-none-eabi/lib/armv7-m\libc.a(lib_a-mbtowc_r.o)
                0x0800cef4                __ascii_mbtowc
 .text.__ascii_wctomb
                0x0800cf20       0x1c c:/program files (x86)/gnu tools arm embedded/5.4 2016q3/bin/../lib/gcc/arm-none-eabi/5.4.1/../../../../arm-none-eabi/lib/armv7-m\libc.a(lib_a-wctomb_r.o)
                0x0800cf20                __ascii_wctomb
 *(.rodata)
 .rodata        0x0800cf3c      0x1cd ..\obj\main.o
 *fill*         0x0800d109        0x3 
 .rodata        0x0800d10c       0x21 ..\obj\syscalls.o
 *(.rodata*)
 *fill*         0x0800d12d        0x3 
 .rodata._global_impure_ptr
                0x0800d130        0x4 c:/program files (x86)/gnu tools arm embedded/5.4 2016q3/bin/../lib/gcc/arm-none-eabi/5.4.1/../../../../arm-none-eabi/lib/armv7-m\libc.a(lib_a-impure.o)
                0x0800d130                _global_impure_ptr
 .rodata.chan_idxnb
                0x0800d134        0x8 ..\obj\deca_range_tables.o
                0x0800d134                chan_idxnb
 .rodata.chan_idxwb
                0x0800d13c        0x8 ..\obj\deca_range_tables.o
                0x0800d13c                chan_idxwb
 .rodata.range25cm16PRFnb
                0x0800d144       0x94 ..\obj\deca_range_tables.o
                0x0800d144                range25cm16PRFnb
 .rodata.range25cm16PRFwb
                0x0800d1d8       0x88 ..\obj\deca_range_tables.o
                0x0800d1d8                range25cm16PRFwb
 .rodata.range25cm64PRFnb
                0x0800d260       0x68 ..\obj\deca_range_tables.o
                0x0800d260                range25cm64PRFnb
 .rodata.range25cm64PRFwb
                0x0800d2c8       0x76 ..\obj\deca_range_tables.o
                0x0800d2c8                range25cm64PRFwb
 *fill*         0x0800d33e        0x2 
 .rodata.data_len_bytes.10211
                0x0800d340       0x14 ..\obj\instance.o
 .rodata.chan_idx
                0x0800d354        0x8 ..\obj\deca_params_init.o
                0x0800d354                chan_idx
 .rodata.tx_config
                0x0800d35c       0x18 ..\obj\deca_params_init.o
                0x0800d35c                tx_config
 .rodata.pll2_config
                0x0800d374       0x1e ..\obj\deca_params_init.o
                0x0800d374                pll2_config
 .rodata.pll2calcfg
                0x0800d392        0x1 ..\obj\deca_params_init.o
                0x0800d392                pll2calcfg
 *fill*         0x0800d393        0x1 
 .rodata.rx_config
                0x0800d394        0x2 ..\obj\deca_params_init.o
                0x0800d394                rx_config
 *fill*         0x0800d396        0x2 
 .rodata.agc_config
                0x0800d398        0x8 ..\obj\deca_params_init.o
                0x0800d398                agc_config
 .rodata.dwnsSFDlen
                0x0800d3a0        0x3 ..\obj\deca_params_init.o
                0x0800d3a0                dwnsSFDlen
 *fill*         0x0800d3a3        0x1 
 .rodata.sftsh  0x0800d3a4        0xc ..\obj\deca_params_init.o
                0x0800d3a4                sftsh
 .rodata.dtune1
                0x0800d3b0        0x4 ..\obj\deca_params_init.o
                0x0800d3b0                dtune1
 .rodata.digital_bb_config
                0x0800d3b4       0x20 ..\obj\deca_params_init.o
                0x0800d3b4                digital_bb_config
 .rodata.lde_replicaCoeff
                0x0800d3d4       0x32 ..\obj\deca_params_init.o
                0x0800d3d4                lde_replicaCoeff
 *fill*         0x0800d406        0x2 
 .rodata.rfDelays
                0x0800d408        0x4 ..\obj\instance_calib.o
                0x0800d408                rfDelays
 .rodata.txSpectrumConfig
                0x0800d40c       0x60 ..\obj\instance_calib.o
                0x0800d40c                txSpectrumConfig
 .rodata.CapLetterMap
                0x0800d46c       0x34 ..\obj\stm32l_discovery_lcd.o
                0x0800d46c                CapLetterMap
 .rodata.NumberMap
                0x0800d4a0       0x14 ..\obj\stm32l_discovery_lcd.o
                0x0800d4a0                NumberMap
 .rodata.zeroes.7256
                0x0800d4b4       0x10 c:/program files (x86)/gnu tools arm embedded/5.4 2016q3/bin/../lib/gcc/arm-none-eabi/5.4.1/../../../../arm-none-eabi/lib/armv7-m\libc.a(lib_a-svfprintf.o)
 .rodata.str1.4
                0x0800d4c4       0x42 c:/program files (x86)/gnu tools arm embedded/5.4 2016q3/bin/../lib/gcc/arm-none-eabi/5.4.1/../../../../arm-none-eabi/lib/armv7-m\libc.a(lib_a-svfprintf.o)
 *fill*         0x0800d506        0x2 
 .rodata.blanks.7255
                0x0800d508       0x10 c:/program files (x86)/gnu tools arm embedded/5.4 2016q3/bin/../lib/gcc/arm-none-eabi/5.4.1/../../../../arm-none-eabi/lib/armv7-m\libc.a(lib_a-svfprintf.o)
 .rodata.str1.4
                0x0800d518       0x10 c:/program files (x86)/gnu tools arm embedded/5.4 2016q3/bin/../lib/gcc/arm-none-eabi/5.4.1/../../../../arm-none-eabi/lib/armv7-m\libc.a(lib_a-dtoa.o)
                                 0x12 (size before relaxing)
 .rodata.__mprec_tens
                0x0800d528       0xc8 c:/program files (x86)/gnu tools arm embedded/5.4 2016q3/bin/../lib/gcc/arm-none-eabi/5.4.1/../../../../arm-none-eabi/lib/armv7-m\libc.a(lib_a-mprec.o)
                0x0800d528                __mprec_tens
 .rodata.p05.6085
                0x0800d5f0        0xc c:/program files (x86)/gnu tools arm embedded/5.4 2016q3/bin/../lib/gcc/arm-none-eabi/5.4.1/../../../../arm-none-eabi/lib/armv7-m\libc.a(lib_a-mprec.o)
 *fill*         0x0800d5fc        0x4 
 .rodata.__mprec_bigtens
                0x0800d600       0x28 c:/program files (x86)/gnu tools arm embedded/5.4 2016q3/bin/../lib/gcc/arm-none-eabi/5.4.1/../../../../arm-none-eabi/lib/armv7-m\libc.a(lib_a-mprec.o)
                0x0800d600                __mprec_bigtens
 .rodata.str1.4
                0x0800d628       0x10 c:/program files (x86)/gnu tools arm embedded/5.4 2016q3/bin/../lib/gcc/arm-none-eabi/5.4.1/../../../../arm-none-eabi/lib/armv7-m\libc.a(lib_a-locale.o)
                                 0x12 (size before relaxing)
 .rodata._ctype_
                0x0800d638      0x101 c:/program files (x86)/gnu tools arm embedded/5.4 2016q3/bin/../lib/gcc/arm-none-eabi/5.4.1/../../../../arm-none-eabi/lib/armv7-m\libc.a(lib_a-ctype_.o)
                0x0800d638                _ctype_
 *(.glue_7)
 .glue_7        0x0800d739        0x0 linker stubs
 *(.glue_7t)
 .glue_7t       0x0800d739        0x0 linker stubs
 *(.eh_frame)
 *fill*         0x0800d739        0x3 
 .eh_frame      0x0800d73c        0x0 c:/program files (x86)/gnu tools arm embedded/5.4 2016q3/bin/../lib/gcc/arm-none-eabi/5.4.1/armv7-m/crtbegin.o
 *(.init)
 .init          0x0800d73c        0x4 c:/program files (x86)/gnu tools arm embedded/5.4 2016q3/bin/../lib/gcc/arm-none-eabi/5.4.1/armv7-m/crti.o
                0x0800d73c                _init
 .init          0x0800d740        0x8 c:/program files (x86)/gnu tools arm embedded/5.4 2016q3/bin/../lib/gcc/arm-none-eabi/5.4.1/armv7-m/crtn.o
 *(.fini)
 .fini          0x0800d748        0x4 c:/program files (x86)/gnu tools arm embedded/5.4 2016q3/bin/../lib/gcc/arm-none-eabi/5.4.1/armv7-m/crti.o
                0x0800d748                _fini
 .fini          0x0800d74c        0x8 c:/program files (x86)/gnu tools arm embedded/5.4 2016q3/bin/../lib/gcc/arm-none-eabi/5.4.1/armv7-m/crtn.o
                0x0800d754                . = ALIGN (0x4)
                0x0800d754                _etext = .

.vfp11_veneer   0x0800d754        0x0
 .vfp11_veneer  0x0800d754        0x0 linker stubs

.v4_bx          0x0800d754        0x0
 .v4_bx         0x0800d754        0x0 linker stubs

.iplt           0x0800d754        0x0
 .iplt          0x0800d754        0x0 c:/program files (x86)/gnu tools arm embedded/5.4 2016q3/bin/../lib/gcc/arm-none-eabi/5.4.1/armv7-m/crtbegin.o

.ARM.extab
 *(.ARM.extab* .gnu.linkonce.armextab.*)

.ARM            0x0800d754        0x8
                0x0800d754                __exidx_start = .
 *(.ARM.exidx*)
 .ARM.exidx     0x0800d754        0x8 c:/program files (x86)/gnu tools arm embedded/5.4 2016q3/bin/../lib/gcc/arm-none-eabi/5.4.1/armv7-m\libgcc.a(_udivmoddi4.o)
                0x0800d75c                __exidx_end = .

.rel.dyn        0x0800d75c        0x0
 .rel.iplt      0x0800d75c        0x0 c:/program files (x86)/gnu tools arm embedded/5.4 2016q3/bin/../lib/gcc/arm-none-eabi/5.4.1/armv7-m/crtbegin.o

.preinit_array  0x0800d75c        0x0
                0x0800d75c                PROVIDE (__preinit_array_start, .)
 *(.preinit_array*)
                0x0800d75c                PROVIDE (__preinit_array_end, .)

.init_array     0x0800d75c        0x8
                0x0800d75c                PROVIDE (__init_array_start, .)
 *(SORT(.init_array.*))
 .init_array.00000
                0x0800d75c        0x4 c:/program files (x86)/gnu tools arm embedded/5.4 2016q3/bin/../lib/gcc/arm-none-eabi/5.4.1/../../../../arm-none-eabi/lib/armv7-m\libc.a(lib_a-__call_atexit.o)
 *(.init_array*)
 .init_array    0x0800d760        0x4 c:/program files (x86)/gnu tools arm embedded/5.4 2016q3/bin/../lib/gcc/arm-none-eabi/5.4.1/armv7-m/crtbegin.o
                0x0800d764                PROVIDE (__init_array_end, .)

.fini_array     0x0800d764        0x4
                0x0800d764                PROVIDE (__fini_array_start, .)
 *(.fini_array*)
 .fini_array    0x0800d764        0x4 c:/program files (x86)/gnu tools arm embedded/5.4 2016q3/bin/../lib/gcc/arm-none-eabi/5.4.1/armv7-m/crtbegin.o
 *(SORT(.fini_array.*))
                0x0800d768                PROVIDE (__fini_array_end, .)
                0x0800d768                _sidata = .

.data           0x20000000      0xa1c load address 0x0800d768
                0x20000000                . = ALIGN (0x4)
                0x20000000                _sdata = .
 *(.data)
 *(.data*)
 .data.impure_data
                0x20000000      0x428 c:/program files (x86)/gnu tools arm embedded/5.4 2016q3/bin/../lib/gcc/arm-none-eabi/5.4.1/../../../../arm-none-eabi/lib/armv7-m\libc.a(lib_a-impure.o)
 .data._impure_ptr
                0x20000428        0x4 c:/program files (x86)/gnu tools arm embedded/5.4 2016q3/bin/../lib/gcc/arm-none-eabi/5.4.1/../../../../arm-none-eabi/lib/armv7-m\libc.a(lib_a-impure.o)
                0x20000428                _impure_ptr
 .data.PLLMulTable
                0x2000042c        0x9 ..\obj\stm32l1xx_rcc.o
 *fill*         0x20000435        0x3 
 .data.APBAHBPrescTable
                0x20000438       0x10 ..\obj\stm32l1xx_rcc.o
 .data.SystemCoreClock
                0x20000448        0x4 ..\obj\system_stm32l1xx.o
                0x20000448                SystemCoreClock
 .data.instance_mode
                0x2000044c        0x4 ..\obj\main.o
                0x2000044c                instance_mode
 .data.chConfig
                0x20000450       0x50 ..\obj\main.o
                0x20000450                chConfig
 .data.__malloc_av_
                0x200004a0      0x408 c:/program files (x86)/gnu tools arm embedded/5.4 2016q3/bin/../lib/gcc/arm-none-eabi/5.4.1/../../../../arm-none-eabi/lib/armv7-m\libc.a(lib_a-mallocr.o)
                0x200004a0                __malloc_av_
 .data.__malloc_trim_threshold
                0x200008a8        0x4 c:/program files (x86)/gnu tools arm embedded/5.4 2016q3/bin/../lib/gcc/arm-none-eabi/5.4.1/../../../../arm-none-eabi/lib/armv7-m\libc.a(lib_a-mallocr.o)
                0x200008a8                __malloc_trim_threshold
 .data.__malloc_sbrk_base
                0x200008ac        0x4 c:/program files (x86)/gnu tools arm embedded/5.4 2016q3/bin/../lib/gcc/arm-none-eabi/5.4.1/../../../../arm-none-eabi/lib/armv7-m\libc.a(lib_a-mallocr.o)
                0x200008ac                __malloc_sbrk_base
 .data.__global_locale
                0x200008b0      0x16c c:/program files (x86)/gnu tools arm embedded/5.4 2016q3/bin/../lib/gcc/arm-none-eabi/5.4.1/../../../../arm-none-eabi/lib/armv7-m\libc.a(lib_a-locale.o)
                0x200008b0                __global_locale
                0x20000a1c                . = ALIGN (0x4)
                0x20000a1c                _edata = .

.jcr            0x20000a1c        0x0 load address 0x0800e184
 .jcr           0x20000a1c        0x0 c:/program files (x86)/gnu tools arm embedded/5.4 2016q3/bin/../lib/gcc/arm-none-eabi/5.4.1/armv7-m/crtbegin.o

.igot.plt       0x20000a1c        0x0 load address 0x0800e184
 .igot.plt      0x20000a1c        0x0 c:/program files (x86)/gnu tools arm embedded/5.4 2016q3/bin/../lib/gcc/arm-none-eabi/5.4.1/armv7-m/crtbegin.o
                0x20000a1c                . = ALIGN (0x4)

.bss            0x20000a20      0x914 load address 0x0800e188
                0x20000a20                _sbss = .
                0x20000a20                __bss_start__ = _sbss
 *(.bss)
 .bss           0x20000a20       0x1c c:/program files (x86)/gnu tools arm embedded/5.4 2016q3/bin/../lib/gcc/arm-none-eabi/5.4.1/armv7-m/crtbegin.o
 *(.bss*)
 .bss.dw1000local
                0x20000a3c       0x80 ..\obj\deca_device.o
 *fill*         0x20000abc        0x4 
 .bss.inst_idist
                0x20000ac0        0x8 ..\obj\instance_common.o
                0x20000ac0                inst_idist
 .bss.inst_idistraw
                0x20000ac8        0x8 ..\obj\instance_common.o
                0x20000ac8                inst_idistraw
 .bss.inst_adist
                0x20000ad0        0x8 ..\obj\instance_common.o
                0x20000ad0                inst_adist
 .bss.inst_ldist
                0x20000ad8        0x8 ..\obj\instance_common.o
                0x20000ad8                inst_ldist
 .bss.dr_mode   0x20000ae0        0x4 ..\obj\main.o
                0x20000ae0                dr_mode
 .bss.s1switch  0x20000ae4        0x1 ..\obj\main.o
                0x20000ae4                s1switch
 *fill*         0x20000ae5        0x3 
 .bss.ranging   0x20000ae8        0x4 ..\obj\main.o
                0x20000ae8                ranging
 *fill*         0x20000aec        0x4 
 .bss.max_range
                0x20000af0        0x8 ..\obj\main.o
                0x20000af0                max_range
 .bss.heap_end.9476
                0x20000af8        0x4 ..\obj\syscalls.o
 .bss.t_bar     0x20000afc        0x2 ..\obj\stm32l_discovery_lcd.o
                0x20000afc                t_bar
 *fill*         0x20000afe        0x2 
 .bss.__malloc_max_total_mem
                0x20000b00        0x4 c:/program files (x86)/gnu tools arm embedded/5.4 2016q3/bin/../lib/gcc/arm-none-eabi/5.4.1/../../../../arm-none-eabi/lib/armv7-m\libc.a(lib_a-mallocr.o)
                0x20000b00                __malloc_max_total_mem
 .bss.__malloc_max_sbrked_mem
                0x20000b04        0x4 c:/program files (x86)/gnu tools arm embedded/5.4 2016q3/bin/../lib/gcc/arm-none-eabi/5.4.1/../../../../arm-none-eabi/lib/armv7-m\libc.a(lib_a-mallocr.o)
                0x20000b04                __malloc_max_sbrked_mem
 .bss.__malloc_top_pad
                0x20000b08        0x4 c:/program files (x86)/gnu tools arm embedded/5.4 2016q3/bin/../lib/gcc/arm-none-eabi/5.4.1/../../../../arm-none-eabi/lib/armv7-m\libc.a(lib_a-mallocr.o)
                0x20000b08                __malloc_top_pad
 .bss.__malloc_current_mallinfo
                0x20000b0c       0x28 c:/program files (x86)/gnu tools arm embedded/5.4 2016q3/bin/../lib/gcc/arm-none-eabi/5.4.1/../../../../arm-none-eabi/lib/armv7-m\libc.a(lib_a-mallocr.o)
                0x20000b0c                __malloc_current_mallinfo
 *(COMMON)
 *fill*         0x20000b34        0x4 
 COMMON         0x20000b38      0x680 ..\obj\instance.o
                0x20000b38                instance_data
 COMMON         0x200011b8        0x4 ..\obj\stm32l1xx_it.o
                0x200011b8                time32_incr
 *fill*         0x200011bc        0x4 
 COMMON         0x200011c0       0x9c ..\obj\instance_common.o
                0x200011c0                dw_event_g
                0x20001258                instance_localdata
 COMMON         0x2000125c       0xd4 ..\obj\main.o
                0x2000125c                tagaddr
                0x20001260                dataseq
                0x200012c4                dataseq1
                0x20001328                chan
                0x2000132c                ancaddr
 COMMON         0x20001330        0x4 c:/program files (x86)/gnu tools arm embedded/5.4 2016q3/bin/../lib/gcc/arm-none-eabi/5.4.1/../../../../arm-none-eabi/lib/armv7-m\libc.a(lib_a-reent.o)
                0x20001330                errno
                0x20001334                . = ALIGN (0x4)
                0x20001334                _ebss = .
                0x20001334                __bss_end__ = _ebss
                [!provide]                PROVIDE (end, _ebss)
                [!provide]                PROVIDE (_end, _ebss)

._user_heap_stack
                0x20001334      0x800 load address 0x0800ea9c
                0x20001334                . = ALIGN (0x4)
                0x20001334                _user_heap_start = .
                0x20001734                . = (. + _Min_Heap_Size)
 *fill*         0x20001334      0x400 
                0x20001734                _user_heap_end = .
                0x20001b34                . = (. + _Min_Stack_Size)
 *fill*         0x20001734      0x400 
                0x20001b34                . = ALIGN (0x4)
                [!provide]                PROVIDE (heap_start, _user_heap_start)
                [!provide]                PROVIDE (_heap_start, _user_heap_start)
                [!provide]                PROVIDE (heap_end, _user_heap_end)
                [!provide]                PROVIDE (_heap_end, _user_heap_end)

.memory_b1_text
 *(.mb1text)
 *(.mb1text*)
 *(.mb1rodata)
 *(.mb1rodata*)

/DISCARD/
 libc.a(*)
 libm.a(*)
 libgcc.a(*)

.ARM.attributes
                0x00000000       0x29
 *(.ARM.attributes)
 .ARM.attributes
                0x00000000       0x1d c:/program files (x86)/gnu tools arm embedded/5.4 2016q3/bin/../lib/gcc/arm-none-eabi/5.4.1/armv7-m/crti.o
 .ARM.attributes
                0x0000001d       0x2d c:/program files (x86)/gnu tools arm embedded/5.4 2016q3/bin/../lib/gcc/arm-none-eabi/5.4.1/armv7-m/crtbegin.o
 .ARM.attributes
                0x0000004a       0x33 ..\obj\stm32l1xx_syscfg.o
 .ARM.attributes
                0x0000007d       0x33 ..\obj\stm32l1xx_exti.o
 .ARM.attributes
                0x000000b0       0x33 ..\obj\stm32l1xx_flash.o
 .ARM.attributes
                0x000000e3       0x33 ..\obj\deca_range_tables.o
 .ARM.attributes
                0x00000116       0x33 ..\obj\deca_spi.o
 .ARM.attributes
                0x00000149       0x33 ..\obj\stm32l1xx_rtc.o
 .ARM.attributes
                0x0000017c       0x33 ..\obj\instance.o
 .ARM.attributes
                0x000001af       0x33 ..\obj\stm32l1xx_lcd.o
 .ARM.attributes
                0x000001e2       0x33 ..\obj\stm32l1xx_rcc.o
 .ARM.attributes
                0x00000215       0x33 ..\obj\deca_mutex.o
 .ARM.attributes
                0x00000248       0x33 ..\obj\stm32l1xx_tim.o
 .ARM.attributes
                0x0000027b       0x33 ..\obj\stm32l1xx_adc.o
 .ARM.attributes
                0x000002ae       0x33 ..\obj\port.o
 .ARM.attributes
                0x000002e1       0x33 ..\obj\deca_device.o
 .ARM.attributes
                0x00000314       0x33 ..\obj\stm32l1xx_it.o
 .ARM.attributes
                0x00000347       0x33 ..\obj\system_stm32l1xx.o
 .ARM.attributes
                0x0000037a       0x33 ..\obj\instance_common.o
 .ARM.attributes
                0x000003ad       0x33 ..\obj\deca_params_init.o
 .ARM.attributes
                0x000003e0       0x33 ..\obj\instance_calib.o
 .ARM.attributes
                0x00000413       0x33 ..\obj\main.o
 .ARM.attributes
                0x00000446       0x33 ..\obj\syscalls.o
 .ARM.attributes
                0x00000479       0x33 ..\obj\stm32l_discovery_lcd.o
 .ARM.attributes
                0x000004ac       0x21 ..\obj\startup_stm32l1xx_mdp.o
 .ARM.attributes
                0x000004cd       0x33 ..\obj\unistd.o
 .ARM.attributes
                0x00000500       0x33 ..\obj\stm32l1xx_pwr.o
 .ARM.attributes
                0x00000533       0x33 ..\obj\stm32l1xx_spi.o
 .ARM.attributes
                0x00000566       0x33 ..\obj\misc.o
 .ARM.attributes
                0x00000599       0x33 ..\obj\stm32l1xx_gpio.o
 .ARM.attributes
                0x000005cc       0x1d c:/program files (x86)/gnu tools arm embedded/5.4 2016q3/bin/../lib/gcc/arm-none-eabi/5.4.1/armv7-m\libgcc.a(_arm_addsubdf3.o)
 .ARM.attributes
                0x000005e9       0x1d c:/program files (x86)/gnu tools arm embedded/5.4 2016q3/bin/../lib/gcc/arm-none-eabi/5.4.1/armv7-m\libgcc.a(_arm_muldivdf3.o)
 .ARM.attributes
                0x00000606       0x1d c:/program files (x86)/gnu tools arm embedded/5.4 2016q3/bin/../lib/gcc/arm-none-eabi/5.4.1/armv7-m\libgcc.a(_arm_cmpdf2.o)
 .ARM.attributes
                0x00000623       0x1d c:/program files (x86)/gnu tools arm embedded/5.4 2016q3/bin/../lib/gcc/arm-none-eabi/5.4.1/armv7-m\libgcc.a(_arm_fixdfsi.o)
 .ARM.attributes
                0x00000640       0x1d c:/program files (x86)/gnu tools arm embedded/5.4 2016q3/bin/../lib/gcc/arm-none-eabi/5.4.1/armv7-m\libgcc.a(_arm_fixunsdfsi.o)
 .ARM.attributes
                0x0000065d       0x1d c:/program files (x86)/gnu tools arm embedded/5.4 2016q3/bin/../lib/gcc/arm-none-eabi/5.4.1/armv7-m\libgcc.a(_arm_truncdfsf2.o)
 .ARM.attributes
                0x0000067a       0x1d c:/program files (x86)/gnu tools arm embedded/5.4 2016q3/bin/../lib/gcc/arm-none-eabi/5.4.1/armv7-m\libgcc.a(_arm_addsubsf3.o)
 .ARM.attributes
                0x00000697       0x2d c:/program files (x86)/gnu tools arm embedded/5.4 2016q3/bin/../lib/gcc/arm-none-eabi/5.4.1/armv7-m\libgcc.a(_fixdfdi.o)
 .ARM.attributes
                0x000006c4       0x2d c:/program files (x86)/gnu tools arm embedded/5.4 2016q3/bin/../lib/gcc/arm-none-eabi/5.4.1/armv7-m\libgcc.a(_fixunsdfdi.o)
 .ARM.attributes
                0x000006f1       0x2d c:/program files (x86)/gnu tools arm embedded/5.4 2016q3/bin/../lib/gcc/arm-none-eabi/5.4.1/../../../../arm-none-eabi/lib/armv7-m\libc.a(lib_a-clock.o)
 .ARM.attributes
                0x0000071e       0x2d c:/program files (x86)/gnu tools arm embedded/5.4 2016q3/bin/../lib/gcc/arm-none-eabi/5.4.1/../../../../arm-none-eabi/lib/armv7-m\libc.a(lib_a-memcmp.o)
 .ARM.attributes
                0x0000074b       0x1b c:/program files (x86)/gnu tools arm embedded/5.4 2016q3/bin/../lib/gcc/arm-none-eabi/5.4.1/../../../../arm-none-eabi/lib/armv7-m\libc.a(lib_a-memcpy.o)
 .ARM.attributes
                0x00000766       0x2d c:/program files (x86)/gnu tools arm embedded/5.4 2016q3/bin/../lib/gcc/arm-none-eabi/5.4.1/../../../../arm-none-eabi/lib/armv7-m\libc.a(lib_a-reent.o)
 .ARM.attributes
                0x00000793       0x2d c:/program files (x86)/gnu tools arm embedded/5.4 2016q3/bin/../lib/gcc/arm-none-eabi/5.4.1/../../../../arm-none-eabi/lib/armv7-m\libc.a(lib_a-sprintf.o)
 .ARM.attributes
                0x000007c0       0x2d c:/program files (x86)/gnu tools arm embedded/5.4 2016q3/bin/../lib/gcc/arm-none-eabi/5.4.1/../../../../arm-none-eabi/lib/armv7-m\libc.a(lib_a-strlen-stub.o)
 .ARM.attributes
                0x000007ed       0x2d c:/program files (x86)/gnu tools arm embedded/5.4 2016q3/bin/../lib/gcc/arm-none-eabi/5.4.1/../../../../arm-none-eabi/lib/armv7-m\libc.a(lib_a-svfprintf.o)
 .ARM.attributes
                0x0000081a       0x2d c:/program files (x86)/gnu tools arm embedded/5.4 2016q3/bin/../lib/gcc/arm-none-eabi/5.4.1/../../../../arm-none-eabi/lib/armv7-m\libc.a(lib_a-dtoa.o)
 .ARM.attributes
                0x00000847       0x2d c:/program files (x86)/gnu tools arm embedded/5.4 2016q3/bin/../lib/gcc/arm-none-eabi/5.4.1/../../../../arm-none-eabi/lib/armv7-m\libc.a(lib_a-freer.o)
 .ARM.attributes
                0x00000874       0x2d c:/program files (x86)/gnu tools arm embedded/5.4 2016q3/bin/../lib/gcc/arm-none-eabi/5.4.1/../../../../arm-none-eabi/lib/armv7-m\libc.a(lib_a-localeconv.o)
 .ARM.attributes
                0x000008a1       0x2d c:/program files (x86)/gnu tools arm embedded/5.4 2016q3/bin/../lib/gcc/arm-none-eabi/5.4.1/../../../../arm-none-eabi/lib/armv7-m\libc.a(lib_a-mallocr.o)
 .ARM.attributes
                0x000008ce       0x2d c:/program files (x86)/gnu tools arm embedded/5.4 2016q3/bin/../lib/gcc/arm-none-eabi/5.4.1/../../../../arm-none-eabi/lib/armv7-m\libc.a(lib_a-memchr-stub.o)
 .ARM.attributes
                0x000008fb       0x2d c:/program files (x86)/gnu tools arm embedded/5.4 2016q3/bin/../lib/gcc/arm-none-eabi/5.4.1/../../../../arm-none-eabi/lib/armv7-m\libc.a(lib_a-memmove.o)
 .ARM.attributes
                0x00000928       0x2d c:/program files (x86)/gnu tools arm embedded/5.4 2016q3/bin/../lib/gcc/arm-none-eabi/5.4.1/../../../../arm-none-eabi/lib/armv7-m\libc.a(lib_a-mlock.o)
 .ARM.attributes
                0x00000955       0x2d c:/program files (x86)/gnu tools arm embedded/5.4 2016q3/bin/../lib/gcc/arm-none-eabi/5.4.1/../../../../arm-none-eabi/lib/armv7-m\libc.a(lib_a-mprec.o)
 .ARM.attributes
                0x00000982       0x2d c:/program files (x86)/gnu tools arm embedded/5.4 2016q3/bin/../lib/gcc/arm-none-eabi/5.4.1/../../../../arm-none-eabi/lib/armv7-m\libc.a(lib_a-reallocr.o)
 .ARM.attributes
                0x000009af       0x2d c:/program files (x86)/gnu tools arm embedded/5.4 2016q3/bin/../lib/gcc/arm-none-eabi/5.4.1/../../../../arm-none-eabi/lib/armv7-m\libc.a(lib_a-sbrkr.o)
 .ARM.attributes
                0x000009dc       0x2d c:/program files (x86)/gnu tools arm embedded/5.4 2016q3/bin/../lib/gcc/arm-none-eabi/5.4.1/../../../../arm-none-eabi/lib/armv7-m\libc.a(lib_a-svfiprintf.o)
 .ARM.attributes
                0x00000a09       0x2d c:/program files (x86)/gnu tools arm embedded/5.4 2016q3/bin/../lib/gcc/arm-none-eabi/5.4.1/../../../../arm-none-eabi/lib/armv7-m\libc.a(lib_a-callocr.o)
 .ARM.attributes
                0x00000a36       0x2d c:/program files (x86)/gnu tools arm embedded/5.4 2016q3/bin/../lib/gcc/arm-none-eabi/5.4.1/../../../../arm-none-eabi/lib/armv7-m\libc.a(lib_a-locale.o)
 .ARM.attributes
                0x00000a63       0x2d c:/program files (x86)/gnu tools arm embedded/5.4 2016q3/bin/../lib/gcc/arm-none-eabi/5.4.1/../../../../arm-none-eabi/lib/armv7-m\libc.a(lib_a-mbtowc_r.o)
 .ARM.attributes
                0x00000a90       0x2d c:/program files (x86)/gnu tools arm embedded/5.4 2016q3/bin/../lib/gcc/arm-none-eabi/5.4.1/../../../../arm-none-eabi/lib/armv7-m\libc.a(lib_a-wctomb_r.o)
 .ARM.attributes
                0x00000abd       0x2d c:/program files (x86)/gnu tools arm embedded/5.4 2016q3/bin/../lib/gcc/arm-none-eabi/5.4.1/../../../../arm-none-eabi/lib/armv7-m\libc.a(lib_a-ctype_.o)
 .ARM.attributes
                0x00000aea       0x1d c:/program files (x86)/gnu tools arm embedded/5.4 2016q3/bin/../lib/gcc/arm-none-eabi/5.4.1/armv7-m\libgcc.a(_arm_unorddf2.o)
 .ARM.attributes
                0x00000b07       0x1d c:/program files (x86)/gnu tools arm embedded/5.4 2016q3/bin/../lib/gcc/arm-none-eabi/5.4.1/armv7-m\libgcc.a(_aeabi_uldivmod.o)
 .ARM.attributes
                0x00000b24       0x2d c:/program files (x86)/gnu tools arm embedded/5.4 2016q3/bin/../lib/gcc/arm-none-eabi/5.4.1/armv7-m\libgcc.a(_udivmoddi4.o)
 .ARM.attributes
                0x00000b51       0x1d c:/program files (x86)/gnu tools arm embedded/5.4 2016q3/bin/../lib/gcc/arm-none-eabi/5.4.1/armv7-m\libgcc.a(_dvmd_tls.o)
 .ARM.attributes
                0x00000b6e       0x1d c:/program files (x86)/gnu tools arm embedded/5.4 2016q3/bin/../lib/gcc/arm-none-eabi/5.4.1/armv7-m/crtn.o
LOAD ..\obj\stm32l1xx_syscfg.o
LOAD ..\obj\stm32l1xx_dma.o
LOAD ..\obj\stm32l1xx_exti.o
LOAD ..\obj\stm32l1xx_flash.o
LOAD ..\obj\usbd_desc.o
LOAD ..\obj\deca_range_tables.o
LOAD ..\obj\stm32l1xx_crc.o
LOAD ..\obj\usbd_ioreq.o
LOAD ..\obj\usbd_cdc_core.o
LOAD ..\obj\deca_spi.o
LOAD ..\obj\stm32l1xx_dac.o
LOAD ..\obj\stm32l1xx_rtc.o
LOAD ..\obj\instance.o
LOAD ..\obj\stm32l1xx_lcd.o
LOAD ..\obj\stm32l1xx_rcc.o
LOAD ..\obj\deca_mutex.o
LOAD ..\obj\stm32l1xx_sdio.o
LOAD ..\obj\stm32l1xx_tim.o
LOAD ..\obj\stm32l1xx_aes.o
LOAD ..\obj\usb_hcd_int.o
LOAD ..\obj\stm32l1xx_adc.o
LOAD ..\obj\port.o
LOAD ..\obj\deca_device.o
LOAD ..\obj\stm32l1xx_it.o
LOAD ..\obj\usbd_req.o
LOAD ..\obj\stm32l1xx_flash_ramfunc.o
LOAD ..\obj\system_stm32l1xx.o
LOAD ..\obj\deca_usb.o
LOAD ..\obj\stm32l1xx_dbgmcu.o
LOAD ..\obj\instance_common.o
LOAD ..\obj\deca_params_init.o
LOAD ..\obj\instance_calib.o
LOAD ..\obj\usb_core.o
LOAD ..\obj\stm32l1xx_wwdg.o
LOAD ..\obj\usb_hcd.o
LOAD ..\obj\main.o
LOAD ..\obj\stm32l1xx_i2c.o
LOAD ..\obj\stm32l1xx_comp.o
LOAD ..\obj\usb_dcd_int.o
LOAD ..\obj\deca_usb_bsp_evk1000.o
LOAD ..\obj\syscalls.o
LOAD ..\obj\stm32l_discovery_lcd.o
LOAD ..\obj\stm32l1xx_usart.o
LOAD ..\obj\usb_dcd.o
LOAD ..\obj\startup_stm32l1xx_mdp.o
LOAD ..\obj\usbd_core.o
LOAD ..\obj\stm32l1xx_iwdg.o
LOAD ..\obj\unistd.o
LOAD ..\obj\core_cm3.o
LOAD ..\obj\stm32l1xx_aes_util.o
LOAD ..\obj\stm32l1xx_fsmc.o
LOAD ..\obj\dma_spi.o
LOAD ..\obj\stm32l1xx_pwr.o
LOAD ..\obj\stm32l1xx_opamp.o
LOAD ..\obj\stm32l1xx_spi.o
LOAD ..\obj\misc.o
LOAD ..\obj\usbd_usr.o
LOAD ..\obj\stm32l1xx_gpio.o
LOAD c:/program files (x86)/gnu tools arm embedded/5.4 2016q3/bin/../lib/gcc/arm-none-eabi/5.4.1/../../../../arm-none-eabi/lib/armv7-m\libm.a
LOAD c:/program files (x86)/gnu tools arm embedded/5.4 2016q3/bin/../lib/gcc/arm-none-eabi/5.4.1/armv7-m\libgcc.a
LOAD c:/program files (x86)/gnu tools arm embedded/5.4 2016q3/bin/../lib/gcc/arm-none-eabi/5.4.1/../../../../arm-none-eabi/lib/armv7-m\libc.a
START GROUP
LOAD c:/program files (x86)/gnu tools arm embedded/5.4 2016q3/bin/../lib/gcc/arm-none-eabi/5.4.1/armv7-m\libgcc.a
LOAD c:/program files (x86)/gnu tools arm embedded/5.4 2016q3/bin/../lib/gcc/arm-none-eabi/5.4.1/../../../../arm-none-eabi/lib/armv7-m\libg.a
LOAD c:/program files (x86)/gnu tools arm embedded/5.4 2016q3/bin/../lib/gcc/arm-none-eabi/5.4.1/../../../../arm-none-eabi/lib/armv7-m\libc.a
END GROUP
LOAD c:/program files (x86)/gnu tools arm embedded/5.4 2016q3/bin/../lib/gcc/arm-none-eabi/5.4.1/armv7-m/crtend.o
LOAD c:/program files (x86)/gnu tools arm embedded/5.4 2016q3/bin/../lib/gcc/arm-none-eabi/5.4.1/armv7-m/crtn.o
OUTPUT(Projet_Sur_Nucleo.elf elf32-littlearm)

.debug_info     0x00000000    0x127ba
 .debug_info    0x00000000      0x4f9 ..\obj\stm32l1xx_syscfg.o
 .debug_info    0x000004f9      0x348 ..\obj\stm32l1xx_exti.o
 .debug_info    0x00000841      0xdec ..\obj\stm32l1xx_flash.o
 .debug_info    0x0000162d      0x21e ..\obj\deca_range_tables.o
 .debug_info    0x0000184b      0x477 ..\obj\deca_spi.o
 .debug_info    0x00001cc2     0x113b ..\obj\stm32l1xx_rtc.o
 .debug_info    0x00002dfd     0x130a ..\obj\instance.o
 .debug_info    0x00004107      0x4c8 ..\obj\stm32l1xx_lcd.o
 .debug_info    0x000045cf      0xa25 ..\obj\stm32l1xx_rcc.o
 .debug_info    0x00004ff4      0x454 ..\obj\deca_mutex.o
 .debug_info    0x00005448     0x196b ..\obj\stm32l1xx_tim.o
 .debug_info    0x00006db3      0xcb1 ..\obj\stm32l1xx_adc.o
 .debug_info    0x00007a64     0x1166 ..\obj\port.o
 .debug_info    0x00008bca     0x194d ..\obj\deca_device.o
 .debug_info    0x0000a517      0xe38 ..\obj\stm32l1xx_it.o
 .debug_info    0x0000b34f      0x571 ..\obj\system_stm32l1xx.o
 .debug_info    0x0000b8c0     0x191d ..\obj\instance_common.o
 .debug_info    0x0000d1dd      0x282 ..\obj\deca_params_init.o
 .debug_info    0x0000d45f      0xdf4 ..\obj\instance_calib.o
 .debug_info    0x0000e253     0x1b3c ..\obj\main.o
 .debug_info    0x0000fd8f      0x5e1 ..\obj\syscalls.o
 .debug_info    0x00010370      0x70f ..\obj\stm32l_discovery_lcd.o
 .debug_info    0x00010a7f      0x17d ..\obj\startup_stm32l1xx_mdp.o
 .debug_info    0x00010bfc      0x130 ..\obj\unistd.o
 .debug_info    0x00010d2c      0x5f7 ..\obj\stm32l1xx_pwr.o
 .debug_info    0x00011323      0x8ef ..\obj\stm32l1xx_spi.o
 .debug_info    0x00011c12      0x556 ..\obj\misc.o
 .debug_info    0x00012168      0x652 ..\obj\stm32l1xx_gpio.o

.debug_abbrev   0x00000000     0x2e57
 .debug_abbrev  0x00000000      0x178 ..\obj\stm32l1xx_syscfg.o
 .debug_abbrev  0x00000178      0x1a9 ..\obj\stm32l1xx_exti.o
 .debug_abbrev  0x00000321      0x1c8 ..\obj\stm32l1xx_flash.o
 .debug_abbrev  0x000004e9       0xca ..\obj\deca_range_tables.o
 .debug_abbrev  0x000005b3      0x16b ..\obj\deca_spi.o
 .debug_abbrev  0x0000071e      0x1b0 ..\obj\stm32l1xx_rtc.o
 .debug_abbrev  0x000008ce      0x292 ..\obj\instance.o
 .debug_abbrev  0x00000b60      0x1b3 ..\obj\stm32l1xx_lcd.o
 .debug_abbrev  0x00000d13      0x1e5 ..\obj\stm32l1xx_rcc.o
 .debug_abbrev  0x00000ef8      0x14f ..\obj\deca_mutex.o
 .debug_abbrev  0x00001047      0x1b2 ..\obj\stm32l1xx_tim.o
 .debug_abbrev  0x000011f9      0x180 ..\obj\stm32l1xx_adc.o
 .debug_abbrev  0x00001379      0x2fb ..\obj\port.o
 .debug_abbrev  0x00001674      0x292 ..\obj\deca_device.o
 .debug_abbrev  0x00001906      0x206 ..\obj\stm32l1xx_it.o
 .debug_abbrev  0x00001b0c      0x147 ..\obj\system_stm32l1xx.o
 .debug_abbrev  0x00001c53      0x2ee ..\obj\instance_common.o
 .debug_abbrev  0x00001f41       0x79 ..\obj\deca_params_init.o
 .debug_abbrev  0x00001fba      0x1b6 ..\obj\instance_calib.o
 .debug_abbrev  0x00002170      0x2b8 ..\obj\main.o
 .debug_abbrev  0x00002428      0x19b ..\obj\syscalls.o
 .debug_abbrev  0x000025c3      0x1ea ..\obj\stm32l_discovery_lcd.o
 .debug_abbrev  0x000027ad       0x12 ..\obj\startup_stm32l1xx_mdp.o
 .debug_abbrev  0x000027bf       0x8b ..\obj\unistd.o
 .debug_abbrev  0x0000284a      0x19f ..\obj\stm32l1xx_pwr.o
 .debug_abbrev  0x000029e9      0x180 ..\obj\stm32l1xx_spi.o
 .debug_abbrev  0x00002b69      0x147 ..\obj\misc.o
 .debug_abbrev  0x00002cb0      0x1a7 ..\obj\stm32l1xx_gpio.o

.debug_aranges  0x00000000     0x1568
 .debug_aranges
                0x00000000       0x80 ..\obj\stm32l1xx_syscfg.o
 .debug_aranges
                0x00000080       0x58 ..\obj\stm32l1xx_exti.o
 .debug_aranges
                0x000000d8      0x190 ..\obj\stm32l1xx_flash.o
 .debug_aranges
                0x00000268       0x20 ..\obj\deca_range_tables.o
 .debug_aranges
                0x00000288       0x40 ..\obj\deca_spi.o
 .debug_aranges
                0x000002c8      0x1d0 ..\obj\stm32l1xx_rtc.o
 .debug_aranges
                0x00000498       0x70 ..\obj\instance.o
 .debug_aranges
                0x00000508       0xa8 ..\obj\stm32l1xx_lcd.o
 .debug_aranges
                0x000005b0      0x148 ..\obj\stm32l1xx_rcc.o
 .debug_aranges
                0x000006f8       0x38 ..\obj\deca_mutex.o
 .debug_aranges
                0x00000730      0x2b8 ..\obj\stm32l1xx_tim.o
 .debug_aranges
                0x000009e8      0x148 ..\obj\stm32l1xx_adc.o
 .debug_aranges
                0x00000b30       0xe8 ..\obj\port.o
 .debug_aranges
                0x00000c18      0x2c0 ..\obj\deca_device.o
 .debug_aranges
                0x00000ed8       0xa8 ..\obj\stm32l1xx_it.o
 .debug_aranges
                0x00000f80       0x30 ..\obj\system_stm32l1xx.o
 .debug_aranges
                0x00000fb0      0x198 ..\obj\instance_common.o
 .debug_aranges
                0x00001148       0x18 ..\obj\deca_params_init.o
 .debug_aranges
                0x00001160       0x38 ..\obj\instance_calib.o
 .debug_aranges
                0x00001198       0x88 ..\obj\main.o
 .debug_aranges
                0x00001220       0x70 ..\obj\syscalls.o
 .debug_aranges
                0x00001290       0x68 ..\obj\stm32l_discovery_lcd.o
 .debug_aranges
                0x000012f8       0x28 ..\obj\startup_stm32l1xx_mdp.o
 .debug_aranges
                0x00001320       0x28 ..\obj\unistd.o
 .debug_aranges
                0x00001348       0x88 ..\obj\stm32l1xx_pwr.o
 .debug_aranges
                0x000013d0       0xd0 ..\obj\stm32l1xx_spi.o
 .debug_aranges
                0x000014a0       0x40 ..\obj\misc.o
 .debug_aranges
                0x000014e0       0x88 ..\obj\stm32l1xx_gpio.o

.debug_ranges   0x00000000     0x1408
 .debug_ranges  0x00000000       0x70 ..\obj\stm32l1xx_syscfg.o
 .debug_ranges  0x00000070       0x48 ..\obj\stm32l1xx_exti.o
 .debug_ranges  0x000000b8      0x180 ..\obj\stm32l1xx_flash.o
 .debug_ranges  0x00000238       0x10 ..\obj\deca_range_tables.o
 .debug_ranges  0x00000248       0x30 ..\obj\deca_spi.o
 .debug_ranges  0x00000278      0x1c0 ..\obj\stm32l1xx_rtc.o
 .debug_ranges  0x00000438       0x78 ..\obj\instance.o
 .debug_ranges  0x000004b0       0x98 ..\obj\stm32l1xx_lcd.o
 .debug_ranges  0x00000548      0x138 ..\obj\stm32l1xx_rcc.o
 .debug_ranges  0x00000680       0x28 ..\obj\deca_mutex.o
 .debug_ranges  0x000006a8      0x2a8 ..\obj\stm32l1xx_tim.o
 .debug_ranges  0x00000950      0x138 ..\obj\stm32l1xx_adc.o
 .debug_ranges  0x00000a88       0xd8 ..\obj\port.o
 .debug_ranges  0x00000b60      0x2f8 ..\obj\deca_device.o
 .debug_ranges  0x00000e58       0x98 ..\obj\stm32l1xx_it.o
 .debug_ranges  0x00000ef0       0x20 ..\obj\system_stm32l1xx.o
 .debug_ranges  0x00000f10      0x188 ..\obj\instance_common.o
 .debug_ranges  0x00001098       0x28 ..\obj\instance_calib.o
 .debug_ranges  0x000010c0       0x78 ..\obj\main.o
 .debug_ranges  0x00001138       0x60 ..\obj\syscalls.o
 .debug_ranges  0x00001198       0x58 ..\obj\stm32l_discovery_lcd.o
 .debug_ranges  0x000011f0       0x20 ..\obj\startup_stm32l1xx_mdp.o
 .debug_ranges  0x00001210       0x18 ..\obj\unistd.o
 .debug_ranges  0x00001228       0x78 ..\obj\stm32l1xx_pwr.o
 .debug_ranges  0x000012a0       0xc0 ..\obj\stm32l1xx_spi.o
 .debug_ranges  0x00001360       0x30 ..\obj\misc.o
 .debug_ranges  0x00001390       0x78 ..\obj\stm32l1xx_gpio.o

.debug_line     0x00000000     0x9296
 .debug_line    0x00000000      0x440 ..\obj\stm32l1xx_syscfg.o
 .debug_line    0x00000440      0x404 ..\obj\stm32l1xx_exti.o
 .debug_line    0x00000844      0x7cb ..\obj\stm32l1xx_flash.o
 .debug_line    0x0000100f      0x111 ..\obj\deca_range_tables.o
 .debug_line    0x00001120      0x449 ..\obj\deca_spi.o
 .debug_line    0x00001569      0x96b ..\obj\stm32l1xx_rtc.o
 .debug_line    0x00001ed4      0x66b ..\obj\instance.o
 .debug_line    0x0000253f      0x4ca ..\obj\stm32l1xx_lcd.o
 .debug_line    0x00002a09      0x689 ..\obj\stm32l1xx_rcc.o
 .debug_line    0x00003092      0x363 ..\obj\deca_mutex.o
 .debug_line    0x000033f5      0xaf1 ..\obj\stm32l1xx_tim.o
 .debug_line    0x00003ee6      0x6fa ..\obj\stm32l1xx_adc.o
 .debug_line    0x000045e0      0x6e1 ..\obj\port.o
 .debug_line    0x00004cc1      0xced ..\obj\deca_device.o
 .debug_line    0x000059ae      0x497 ..\obj\stm32l1xx_it.o
 .debug_line    0x00005e45      0x2cd ..\obj\system_stm32l1xx.o
 .debug_line    0x00006112      0x8ce ..\obj\instance_common.o
 .debug_line    0x000069e0       0xc7 ..\obj\deca_params_init.o
 .debug_line    0x00006aa7      0x329 ..\obj\instance_calib.o
 .debug_line    0x00006dd0      0x725 ..\obj\main.o
 .debug_line    0x000074f5      0x3c7 ..\obj\syscalls.o
 .debug_line    0x000078bc      0x55a ..\obj\stm32l_discovery_lcd.o
 .debug_line    0x00007e16      0x12b ..\obj\startup_stm32l1xx_mdp.o
 .debug_line    0x00007f41      0x137 ..\obj\unistd.o
 .debug_line    0x00008078      0x418 ..\obj\stm32l1xx_pwr.o
 .debug_line    0x00008490      0x58f ..\obj\stm32l1xx_spi.o
 .debug_line    0x00008a1f      0x3aa ..\obj\misc.o
 .debug_line    0x00008dc9      0x4cd ..\obj\stm32l1xx_gpio.o

.debug_str      0x00000000     0x7139
 .debug_str     0x00000000      0x47c ..\obj\stm32l1xx_syscfg.o
                                0x4dc (size before relaxing)
 .debug_str     0x0000047c      0x221 ..\obj\stm32l1xx_exti.o
                                0x3ba (size before relaxing)
 .debug_str     0x0000069d      0x65e ..\obj\stm32l1xx_flash.o
                                0x847 (size before relaxing)
 .debug_str     0x00000cfb      0x1b5 ..\obj\deca_range_tables.o
                                0x2f4 (size before relaxing)
 .debug_str     0x00000eb0      0x1e7 ..\obj\deca_spi.o
                                0x423 (size before relaxing)
 .debug_str     0x00001097      0x9d9 ..\obj\stm32l1xx_rtc.o
                                0xbba (size before relaxing)
 .debug_str     0x00001a70      0x9ea ..\obj\instance.o
                                0xd0a (size before relaxing)
 .debug_str     0x0000245a      0x29b ..\obj\stm32l1xx_lcd.o
                                0x481 (size before relaxing)
 .debug_str     0x000026f5      0x556 ..\obj\stm32l1xx_rcc.o
                                0x77d (size before relaxing)
 .debug_str     0x00002c4b      0x428 ..\obj\deca_mutex.o
                                0x688 (size before relaxing)
 .debug_str     0x00003073      0xa41 ..\obj\stm32l1xx_tim.o
                                0xcb3 (size before relaxing)
 .debug_str     0x00003ab4      0x661 ..\obj\stm32l1xx_adc.o
                                0x863 (size before relaxing)
 .debug_str     0x00004115      0x5ca ..\obj\port.o
                                0xf06 (size before relaxing)
 .debug_str     0x000046df      0xaa5 ..\obj\deca_device.o
                                0xe24 (size before relaxing)
 .debug_str     0x00005184      0x90f ..\obj\stm32l1xx_it.o
                                0xc49 (size before relaxing)
 .debug_str     0x00005a93       0xd5 ..\obj\system_stm32l1xx.o
                                0x3d9 (size before relaxing)
 .debug_str     0x00005b68      0x599 ..\obj\instance_common.o
                               0x10ae (size before relaxing)
 .debug_str     0x00006101       0x7c ..\obj\deca_params_init.o
                                0x2f9 (size before relaxing)
 .debug_str     0x0000617d       0xd4 ..\obj\instance_calib.o
                                0xae1 (size before relaxing)
 .debug_str     0x00006251      0x23f ..\obj\main.o
                               0x1461 (size before relaxing)
 .debug_str     0x00006490      0x21f ..\obj\syscalls.o
                                0x4ab (size before relaxing)
 .debug_str     0x000066af      0x1c7 ..\obj\stm32l_discovery_lcd.o
                                0x5a1 (size before relaxing)
 .debug_str     0x00006876       0x88 ..\obj\unistd.o
                                0x27d (size before relaxing)
 .debug_str     0x000068fe      0x205 ..\obj\stm32l1xx_pwr.o
                                0x43f (size before relaxing)
 .debug_str     0x00006b03      0x310 ..\obj\stm32l1xx_spi.o
                                0x66a (size before relaxing)
 .debug_str     0x00006e13      0x156 ..\obj\misc.o
                                0x43c (size before relaxing)
 .debug_str     0x00006f69      0x1d0 ..\obj\stm32l1xx_gpio.o
                                0x536 (size before relaxing)

.comment        0x00000000       0x6e
 .comment       0x00000000       0x6e ..\obj\stm32l1xx_syscfg.o
                                 0x6f (size before relaxing)
 .comment       0x0000006e       0x6f ..\obj\stm32l1xx_exti.o
 .comment       0x0000006e       0x6f ..\obj\stm32l1xx_flash.o
 .comment       0x0000006e       0x6f ..\obj\deca_range_tables.o
 .comment       0x0000006e       0x6f ..\obj\deca_spi.o
 .comment       0x0000006e       0x6f ..\obj\stm32l1xx_rtc.o
 .comment       0x0000006e       0x6f ..\obj\instance.o
 .comment       0x0000006e       0x6f ..\obj\stm32l1xx_lcd.o
 .comment       0x0000006e       0x6f ..\obj\stm32l1xx_rcc.o
 .comment       0x0000006e       0x6f ..\obj\deca_mutex.o
 .comment       0x0000006e       0x6f ..\obj\stm32l1xx_tim.o
 .comment       0x0000006e       0x6f ..\obj\stm32l1xx_adc.o
 .comment       0x0000006e       0x6f ..\obj\port.o
 .comment       0x0000006e       0x6f ..\obj\deca_device.o
 .comment       0x0000006e       0x6f ..\obj\stm32l1xx_it.o