Archive member included to satisfy reference by file (symbol)

c:/program files (x86)/gnu tools arm embedded/5.4 2016q3/bin/../lib/gcc/arm-none-eabi/5.4.1/../../../../arm-none-eabi/lib/armv7-m\libc.a(lib_a-exit.o)
                              c:/program files (x86)/gnu tools arm embedded/5.4 2016q3/bin/../lib/gcc/arm-none-eabi/5.4.1/../../../../arm-none-eabi/lib/armv7-m/crt0.o (exit)
c:/program files (x86)/gnu tools arm embedded/5.4 2016q3/bin/../lib/gcc/arm-none-eabi/5.4.1/../../../../arm-none-eabi/lib/armv7-m\libc.a(lib_a-impure.o)
                              c:/program files (x86)/gnu tools arm embedded/5.4 2016q3/bin/../lib/gcc/arm-none-eabi/5.4.1/../../../../arm-none-eabi/lib/armv7-m\libc.a(lib_a-exit.o) (_global_impure_ptr)
c:/program files (x86)/gnu tools arm embedded/5.4 2016q3/bin/../lib/gcc/arm-none-eabi/5.4.1/../../../../arm-none-eabi/lib/armv7-m\libc.a(lib_a-init.o)
                              c:/program files (x86)/gnu tools arm embedded/5.4 2016q3/bin/../lib/gcc/arm-none-eabi/5.4.1/../../../../arm-none-eabi/lib/armv7-m/crt0.o (__libc_init_array)
c:/program files (x86)/gnu tools arm embedded/5.4 2016q3/bin/../lib/gcc/arm-none-eabi/5.4.1/../../../../arm-none-eabi/lib/armv7-m\libc.a(lib_a-memset.o)
                              c:/program files (x86)/gnu tools arm embedded/5.4 2016q3/bin/../lib/gcc/arm-none-eabi/5.4.1/../../../../arm-none-eabi/lib/armv7-m/crt0.o (memset)
c:/program files (x86)/gnu tools arm embedded/5.4 2016q3/bin/../lib/gcc/arm-none-eabi/5.4.1/../../../../arm-none-eabi/lib/armv7-m\libc.a(lib_a-__call_atexit.o)
                              c:/program files (x86)/gnu tools arm embedded/5.4 2016q3/bin/../lib/gcc/arm-none-eabi/5.4.1/../../../../arm-none-eabi/lib/armv7-m\libc.a(lib_a-exit.o) (__call_exitprocs)
c:/program files (x86)/gnu tools arm embedded/5.4 2016q3/bin/../lib/gcc/arm-none-eabi/5.4.1/../../../../arm-none-eabi/lib/armv7-m\libc.a(lib_a-atexit.o)
                              c:/program files (x86)/gnu tools arm embedded/5.4 2016q3/bin/../lib/gcc/arm-none-eabi/5.4.1/../../../../arm-none-eabi/lib/armv7-m\libc.a(lib_a-__call_atexit.o) (atexit)
c:/program files (x86)/gnu tools arm embedded/5.4 2016q3/bin/../lib/gcc/arm-none-eabi/5.4.1/../../../../arm-none-eabi/lib/armv7-m\libc.a(lib_a-fini.o)
                              c:/program files (x86)/gnu tools arm embedded/5.4 2016q3/bin/../lib/gcc/arm-none-eabi/5.4.1/../../../../arm-none-eabi/lib/armv7-m\libc.a(lib_a-__call_atexit.o) (__libc_fini_array)
c:/program files (x86)/gnu tools arm embedded/5.4 2016q3/bin/../lib/gcc/arm-none-eabi/5.4.1/../../../../arm-none-eabi/lib/armv7-m\libc.a(lib_a-__atexit.o)
                              c:/program files (x86)/gnu tools arm embedded/5.4 2016q3/bin/../lib/gcc/arm-none-eabi/5.4.1/../../../../arm-none-eabi/lib/armv7-m\libc.a(lib_a-atexit.o) (__register_exitproc)
c:/program files (x86)/gnu tools arm embedded/5.4 2016q3/bin/../lib/gcc/arm-none-eabi/5.4.1/armv7-m\libgcc.a(_arm_addsubdf3.o)
                              ..\obj\instance.o (__aeabi_dsub)
c:/program files (x86)/gnu tools arm embedded/5.4 2016q3/bin/../lib/gcc/arm-none-eabi/5.4.1/armv7-m\libgcc.a(_arm_muldivdf3.o)
                              ..\obj\deca_range_tables.o (__aeabi_dmul)
c:/program files (x86)/gnu tools arm embedded/5.4 2016q3/bin/../lib/gcc/arm-none-eabi/5.4.1/armv7-m\libgcc.a(_arm_cmpdf2.o)
                              ..\obj\instance_common.o (__aeabi_dcmplt)
c:/program files (x86)/gnu tools arm embedded/5.4 2016q3/bin/../lib/gcc/arm-none-eabi/5.4.1/armv7-m\libgcc.a(_arm_fixdfsi.o)
                              ..\obj\deca_range_tables.o (__aeabi_d2iz)
c:/program files (x86)/gnu tools arm embedded/5.4 2016q3/bin/../lib/gcc/arm-none-eabi/5.4.1/armv7-m\libgcc.a(_arm_fixunsdfsi.o)
                              ..\obj\instance_common.o (__aeabi_d2uiz)
c:/program files (x86)/gnu tools arm embedded/5.4 2016q3/bin/../lib/gcc/arm-none-eabi/5.4.1/armv7-m\libgcc.a(_arm_truncdfsf2.o)
                              ..\obj\instance_common.o (__aeabi_d2f)
c:/program files (x86)/gnu tools arm embedded/5.4 2016q3/bin/../lib/gcc/arm-none-eabi/5.4.1/armv7-m\libgcc.a(_arm_addsubsf3.o)
                              ..\obj\deca_range_tables.o (__aeabi_i2f)
c:/program files (x86)/gnu tools arm embedded/5.4 2016q3/bin/../lib/gcc/arm-none-eabi/5.4.1/armv7-m\libgcc.a(_fixdfdi.o)
                              ..\obj\instance.o (__aeabi_d2lz)
c:/program files (x86)/gnu tools arm embedded/5.4 2016q3/bin/../lib/gcc/arm-none-eabi/5.4.1/armv7-m\libgcc.a(_fixunsdfdi.o)
                              ..\obj\instance_common.o (__aeabi_d2ulz)
c:/program files (x86)/gnu tools arm embedded/5.4 2016q3/bin/../lib/gcc/arm-none-eabi/5.4.1/../../../../arm-none-eabi/lib/armv7-m\libc.a(lib_a-clock.o)
                              ..\obj\unistd.o (clock)
c:/program files (x86)/gnu tools arm embedded/5.4 2016q3/bin/../lib/gcc/arm-none-eabi/5.4.1/../../../../arm-none-eabi/lib/armv7-m\libc.a(lib_a-memcmp.o)
[...]
Memory Configuration

Name             Origin             Length             Attributes
FLASH            0x08000000         0x00040000         xr
RAM              0x20000000         0x00008000         xrw
MEMORY_B1        0x60000000         0x00000000         xr
*default*        0x00000000         0xffffffff

Linker script and memory map

LOAD c:/program files (x86)/gnu tools arm embedded/5.4 2016q3/bin/../lib/gcc/arm-none-eabi/5.4.1/armv7-m/crti.o
LOAD c:/program files (x86)/gnu tools arm embedded/5.4 2016q3/bin/../lib/gcc/arm-none-eabi/5.4.1/armv7-m/crtbegin.o
LOAD c:/program files (x86)/gnu tools arm embedded/5.4 2016q3/bin/../lib/gcc/arm-none-eabi/5.4.1/../../../../arm-none-eabi/lib/armv7-m/crt0.o
                0x20008000                _estack = 0x20008000
                0x00000400                _Min_Heap_Size = 0x400
                0x00000400                _Min_Stack_Size = 0x400

.isr_vector     0x08000000      0x13c
                0x08000000                . = ALIGN (0x4)
 *(.isr_vector)
 .isr_vector    0x08000000      0x13c ..\obj\startup_stm32l1xx_mdp.o
                0x08000000                g_pfnVectors
                0x0800013c                . = ALIGN (0x4)

.text           0x08000140     0xcf14
                0x08000140                . = ALIGN (0x4)
 *(.text)
 .text          0x08000140       0x5c c:/program files (x86)/gnu tools arm embedded/5.4 2016q3/bin/../lib/gcc/arm-none-eabi/5.4.1/armv7-m/crtbegin.o
 .text          0x0800019c      0x370 c:/program files (x86)/gnu tools arm embedded/5.4 2016q3/bin/../lib/gcc/arm-none-eabi/5.4.1/armv7-m\libgcc.a(_arm_addsubdf3.o)
                0x0800019c                __aeabi_drsub
                0x080001a4                __aeabi_dsub
                0x080001a4                __subdf3
                0x080001a8                __aeabi_dadd
                0x080001a8                __adddf3
                0x08000420                __floatunsidf
                0x08000420                __aeabi_ui2d
                0x08000440                __floatsidf
                0x08000440                __aeabi_i2d
                0x08000464                __aeabi_f2d
                0x08000464                __extendsfdf2
                0x080004a0                __floatundidf
                0x080004a0                __aeabi_ul2d
                0x080004b0                __floatdidf
                0x080004b0                __aeabi_l2d
 .text          0x0800050c      0x424 c:/program files (x86)/gnu tools arm embedded/5.4 2016q3/bin/../lib/gcc/arm-none-eabi/5.4.1/armv7-m\libgcc.a(_arm_muldivdf3.o)
                0x0800050c                __aeabi_dmul
                0x0800050c                __muldf3
                0x08000760                __divdf3
                0x08000760                __aeabi_ddiv
 .text          0x08000930      0x110 c:/program files (x86)/gnu tools arm embedded/5.4 2016q3/bin/../lib/gcc/arm-none-eabi/5.4.1/armv7-m\libgcc.a(_arm_cmpdf2.o)
                0x08000930                __gtdf2
                0x08000930                __gedf2
                0x08000938                __ltdf2
                0x08000938                __ledf2
                0x08000940                __nedf2
                0x08000940                __eqdf2
                0x08000940                __cmpdf2
                0x080009bc                __aeabi_cdrcmple
                0x080009cc                __aeabi_cdcmpeq
                0x080009cc                __aeabi_cdcmple
                0x080009dc                __aeabi_dcmpeq
                0x080009f0                __aeabi_dcmplt
                0x08000a04                __aeabi_dcmple
                0x08000a18                __aeabi_dcmpge
                0x08000a2c                __aeabi_dcmpgt
 .text          0x08000a40       0x50 c:/program files (x86)/gnu tools arm embedded/5.4 2016q3/bin/../lib/gcc/arm-none-eabi/5.4.1/armv7-m\libgcc.a(_arm_fixdfsi.o)
                0x08000a40                __aeabi_d2iz
                0x08000a40                __fixdfsi
 .text          0x08000a90       0x40 c:/program files (x86)/gnu tools arm embedded/5.4 2016q3/bin/../lib/gcc/arm-none-eabi/5.4.1/armv7-m\libgcc.a(_arm_fixunsdfsi.o)
                0x08000a90                __aeabi_d2uiz
                0x08000a90                __fixunsdfsi
 .text          0x08000ad0       0xa0 c:/program files (x86)/gnu tools arm embedded/5.4 2016q3/bin/../lib/gcc/arm-none-eabi/5.4.1/armv7-m\libgcc.a(_arm_truncdfsf2.o)
                0x08000ad0                __truncdfsf2
                0x08000ad0                __aeabi_d2f
 .text          0x08000b70      0x21c c:/program files (x86)/gnu tools arm embedded/5.4 2016q3/bin/../lib/gcc/arm-none-eabi/5.4.1/armv7-m\libgcc.a(_arm_addsubsf3.o)
                0x08000b70                __aeabi_frsub
                0x08000b78                __subsf3
                0x08000b78                __aeabi_fsub
                0x08000b7c                __aeabi_fadd
                0x08000b7c                __addsf3
                0x08000cdc                __aeabi_ui2f
                0x08000cdc                __floatunsisf
                0x08000ce4                __aeabi_i2f
                0x08000ce4                __floatsisf
                0x08000d00                __aeabi_ul2f
                0x08000d00                __floatundisf
                0x08000d10                __aeabi_l2f
                0x08000d10                __floatdisf
 .text          0x08000d8c       0x30 c:/program files (x86)/gnu tools arm embedded/5.4 2016q3/bin/../lib/gcc/arm-none-eabi/5.4.1/armv7-m\libgcc.a(_fixdfdi.o)
                0x08000d8c                __fixdfdi
                0x08000d8c                __aeabi_d2lz
 .text          0x08000dbc       0x48 c:/program files (x86)/gnu tools arm embedded/5.4 2016q3/bin/../lib/gcc/arm-none-eabi/5.4.1/armv7-m\libgcc.a(_fixunsdfdi.o)
                0x08000dbc                __fixunsdfdi
                0x08000dbc                __aeabi_d2ulz
 .text          0x08000e04       0xec c:/program files (x86)/gnu tools arm embedded/5.4 2016q3/bin/../lib/gcc/arm-none-eabi/5.4.1/../../../../arm-none-eabi/lib/armv7-m\libc.a(lib_a-memcpy.o)
                0x08000e04                memcpy
 .text          0x08000ef0       0x2c c:/program files (x86)/gnu tools arm embedded/5.4 2016q3/bin/../lib/gcc/arm-none-eabi/5.4.1/armv7-m\libgcc.a(_arm_unorddf2.o)
                0x08000ef0                __unorddf2
                0x08000ef0                __aeabi_dcmpun
 .text          0x08000f1c       0x30 c:/program files (x86)/gnu tools arm embedded/5.4 2016q3/bin/../lib/gcc/arm-none-eabi/5.4.1/armv7-m\libgcc.a(_aeabi_uldivmod.o)
                0x08000f1c                __aeabi_uldivmod
 .text          0x08000f4c      0x2ec c:/program files (x86)/gnu tools arm embedded/5.4 2016q3/bin/../lib/gcc/arm-none-eabi/5.4.1/armv7-m\libgcc.a(_udivmoddi4.o)
                0x08000f4c                __udivmoddi4
 .text          0x08001238        0x4 c:/program files (x86)/gnu tools arm embedded/5.4 2016q3/bin/../lib/gcc/arm-none-eabi/5.4.1/armv7-m\libgcc.a(_dvmd_tls.o)
                0x08001238                __aeabi_idiv0
                0x08001238                __aeabi_ldiv0
 *(.text*)
 .text.memset   0x0800123c       0x9c c:/program files (x86)/gnu tools arm embedded/5.4 2016q3/bin/../lib/gcc/arm-none-eabi/5.4.1/../../../../arm-none-eabi/lib/armv7-m\libc.a(lib_a-memset.o)
                0x0800123c                memset
 .text.startup.register_fini
                0x080012d8       0x14 c:/program files (x86)/gnu tools arm embedded/5.4 2016q3/bin/../lib/gcc/arm-none-eabi/5.4.1/../../../../arm-none-eabi/lib/armv7-m\libc.a(lib_a-__call_atexit.o)
 .text.atexit   0x080012ec        0xc c:/program files (x86)/gnu tools arm embedded/5.4 2016q3/bin/../lib/gcc/arm-none-eabi/5.4.1/../../../../arm-none-eabi/lib/armv7-m\libc.a(lib_a-atexit.o)
                0x080012ec                atexit
 .text.__libc_fini_array
                0x080012f8       0x28 c:/program files (x86)/gnu tools arm embedded/5.4 2016q3/bin/../lib/gcc/arm-none-eabi/5.4.1/../../../../arm-none-eabi/lib/armv7-m\libc.a(lib_a-fini.o)
                0x080012f8                __libc_fini_array
 .text.__register_exitproc
                0x08001320       0xa4 c:/program files (x86)/gnu tools arm embedded/5.4 2016q3/bin/../lib/gcc/arm-none-eabi/5.4.1/../../../../arm-none-eabi/lib/armv7-m\libc.a(lib_a-__atexit.o)
                0x08001320                __register_exitproc
 .text.SYSCFG_EXTILineConfig
                0x080013c4       0x84 ..\obj\stm32l1xx_syscfg.o
                0x080013c4                SYSCFG_EXTILineConfig
 .text.FLASH_SetLatency
                0x08001448       0x38 ..\obj\stm32l1xx_flash.o
                0x08001448                FLASH_SetLatency
 .text.FLASH_PrefetchBufferCmd
                0x08001480       0x38 ..\obj\stm32l1xx_flash.o
                0x08001480                FLASH_PrefetchBufferCmd
 .text.EXTI_Init
                0x080014b8       0xe4 ..\obj\stm32l1xx_exti.o
                0x080014b8                EXTI_Init
 .text.EXTI_ClearITPendingBit
                0x0800159c       0x1c ..\obj\stm32l1xx_exti.o
                0x0800159c                EXTI_ClearITPendingBit
 .text.dwt_getrangebias
                0x080015b8      0x18c ..\obj\deca_range_tables.o
                0x080015b8                dwt_getrangebias
 .text.writetospi_serial
                0x08001744       0x74 ..\obj\deca_spi.o
                0x08001744                writetospi_serial
 .text.readfromspi_serial
                0x080017b8       0x78 ..\obj\deca_spi.o
                0x080017b8                readfromspi_serial
 .text.writetoLCD
                0x08001830       0xe0 ..\obj\deca_spi.o
                0x08001830                writetoLCD
 .text.RTC_WriteProtectionCmd
                0x08001910       0x34 ..\obj\stm32l1xx_rtc.o
                0x08001910                RTC_WriteProtectionCmd
 .text.RTC_WaitForSynchro
                0x08001944       0x74 ..\obj\stm32l1xx_rtc.o
                0x08001944                RTC_WaitForSynchro
 .text.RTC_WakeUpClockConfig
                0x080019b8       0x40 ..\obj\stm32l1xx_rtc.o
                0x080019b8                RTC_WakeUpClockConfig
 .text.RTC_SetWakeUpCounter
                0x080019f8       0x30 ..\obj\stm32l1xx_rtc.o
                0x080019f8                RTC_SetWakeUpCounter
 .text.RTC_WakeUpCmd
                0x08001a28       0x90 ..\obj\stm32l1xx_rtc.o
                0x08001a28                RTC_WakeUpCmd
 .text.RTC_ITConfig
                0x08001ab8       0x78 ..\obj\stm32l1xx_rtc.o
                0x08001ab8                RTC_ITConfig
 .text.instanceconfigframeheader
                0x08001b30       0x44 ..\obj\instance.o
                0x08001b30                instanceconfigframeheader
 .text.setupmacframedata
                0x08001b74       0x24 ..\obj\instance.o
                0x08001b74                setupmacframedata
 .text.instancerxon
                0x08001b98       0x48 ..\obj\instance.o
                0x08001b98                instancerxon
 .text.instancesendpacket
                0x08001be0       0x4c ..\obj\instance.o
                0x08001be0                instancesendpacket
 .text.testapprun_s
                0x08001c2c     0x1054 ..\obj\instance.o
                0x08001c2c                testapprun_s
 .text.instance_init_s
                0x08002c80       0x88 ..\obj\instance.o
                0x08002c80                instance_init_s
 .text.instance_init_timings
                0x08002d08      0x374 ..\obj\instance.o
                0x08002d08                instance_init_timings
 .text.instance_get_addr
                0x0800307c      0x1bc ..\obj\instance.o
                0x0800307c                instance_get_addr
 .text.instance_get_tagaddr
                0x08003238      0x1bc ..\obj\instance.o
                0x08003238                instance_get_tagaddr
 .text.LCD_Init
                0x080033f4       0x60 ..\obj\stm32l1xx_lcd.o
                0x080033f4                LCD_Init
 .text.LCD_Cmd  0x08003454       0x20 ..\obj\stm32l1xx_lcd.o
                0x08003454                LCD_Cmd
 .text.LCD_WaitForSynchro
                0x08003474       0x3c ..\obj\stm32l1xx_lcd.o
                0x08003474                LCD_WaitForSynchro
 .text.LCD_MuxSegmentCmd
                0x080034b0       0x20 ..\obj\stm32l1xx_lcd.o
                0x080034b0                LCD_MuxSegmentCmd
 .text.LCD_PulseOnDurationConfig
                0x080034d0       0x30 ..\obj\stm32l1xx_lcd.o
                0x080034d0                LCD_PulseOnDurationConfig
 .text.LCD_DeadTimeConfig
                0x08003500       0x30 ..\obj\stm32l1xx_lcd.o
                0x08003500                LCD_DeadTimeConfig
 .text.LCD_BlinkConfig
                0x08003530       0x34 ..\obj\stm32l1xx_lcd.o
                0x08003530                LCD_BlinkConfig
 .text.LCD_ContrastConfig
                0x08003564       0x30 ..\obj\stm32l1xx_lcd.o
                0x08003564                LCD_ContrastConfig
 .text.LCD_UpdateDisplayRequest
                0x08003594       0x18 ..\obj\stm32l1xx_lcd.o
                0x08003594                LCD_UpdateDisplayRequest
 .text.LCD_GetFlagStatus
                0x080035ac       0x34 ..\obj\stm32l1xx_lcd.o
                0x080035ac                LCD_GetFlagStatus
 .text.RCC_DeInit
                0x080035e0       0x5c ..\obj\stm32l1xx_rcc.o
                0x080035e0                RCC_DeInit
 .text.RCC_HSICmd
                0x0800363c       0x20 ..\obj\stm32l1xx_rcc.o
                0x0800363c                RCC_HSICmd
 .text.RCC_LSICmd
                0x0800365c       0x20 ..\obj\stm32l1xx_rcc.o
                0x0800365c                RCC_LSICmd
 .text.RCC_PLLConfig
                0x0800367c       0x34 ..\obj\stm32l1xx_rcc.o
                0x0800367c                RCC_PLLConfig
 .text.RCC_PLLCmd
                0x080036b0       0x20 ..\obj\stm32l1xx_rcc.o
                0x080036b0                RCC_PLLCmd
 .text.RCC_SYSCLKConfig
                0x080036d0       0x38 ..\obj\stm32l1xx_rcc.o
                0x080036d0                RCC_SYSCLKConfig
 .text.RCC_GetSYSCLKSource
                0x08003708       0x1c ..\obj\stm32l1xx_rcc.o
                0x08003708                RCC_GetSYSCLKSource
 .text.RCC_HCLKConfig
                0x08003724       0x38 ..\obj\stm32l1xx_rcc.o
                0x08003724                RCC_HCLKConfig
 .text.RCC_PCLK1Config
                0x0800375c       0x38 ..\obj\stm32l1xx_rcc.o
                0x0800375c                RCC_PCLK1Config
 .text.RCC_PCLK2Config
                0x08003794       0x38 ..\obj\stm32l1xx_rcc.o
                0x08003794                RCC_PCLK2Config
 .text.RCC_GetClocksFreq
                0x080037cc      0x1b4 ..\obj\stm32l1xx_rcc.o
                0x080037cc                RCC_GetClocksFreq
 .text.RCC_RTCCLKConfig
                0x08003980       0x64 ..\obj\stm32l1xx_rcc.o
                0x08003980                RCC_RTCCLKConfig
 .text.RCC_RTCCLKCmd
                0x080039e4       0x20 ..\obj\stm32l1xx_rcc.o
                0x080039e4                RCC_RTCCLKCmd
 .text.RCC_AHBPeriphClockCmd
                0x08003a04       0x3c ..\obj\stm32l1xx_rcc.o
                0x08003a04                RCC_AHBPeriphClockCmd
 .text.RCC_APB2PeriphClockCmd
                0x08003a40       0x3c ..\obj\stm32l1xx_rcc.o
                0x08003a40                RCC_APB2PeriphClockCmd
 .text.RCC_APB1PeriphClockCmd
                0x08003a7c       0x3c ..\obj\stm32l1xx_rcc.o
                0x08003a7c                RCC_APB1PeriphClockCmd
 .text.RCC_APB2PeriphResetCmd
                0x08003ab8       0x3c ..\obj\stm32l1xx_rcc.o
                0x08003ab8                RCC_APB2PeriphResetCmd
 .text.RCC_APB1PeriphResetCmd
                0x08003af4       0x3c ..\obj\stm32l1xx_rcc.o
                0x08003af4                RCC_APB1PeriphResetCmd
 .text.RCC_GetFlagStatus
                0x08003b30       0x64 ..\obj\stm32l1xx_rcc.o
                0x08003b30                RCC_GetFlagStatus
 .text.NVIC_EnableIRQ
                0x08003b94       0x30 ..\obj\deca_mutex.o
 .text.NVIC_DisableIRQ
                0x08003bc4       0x34 ..\obj\deca_mutex.o
 .text.decamutexon
                0x08003bf8       0x28 ..\obj\deca_mutex.o
                0x08003bf8                decamutexon
 .text.decamutexoff
                0x08003c20       0x1c ..\obj\deca_mutex.o
                0x08003c20                decamutexoff
 .text.ADC_CommonInit
                0x08003c3c       0x38 ..\obj\stm32l1xx_adc.o
                0x08003c3c                ADC_CommonInit
 .text.ADC_SoftwareStartConv
                0x08003c74       0x20 ..\obj\stm32l1xx_adc.o
                0x08003c74                ADC_SoftwareStartConv
 .text.ADC_GetConversionValue
                0x08003c94       0x18 ..\obj\stm32l1xx_adc.o
                0x08003c94                ADC_GetConversionValue
 .text.ADC_GetFlagStatus
                0x08003cac       0x34 ..\obj\stm32l1xx_adc.o
                0x08003cac                ADC_GetFlagStatus
 .text.ADC_GetITStatus
                0x08003ce0       0x5c ..\obj\stm32l1xx_adc.o
                0x08003ce0                ADC_GetITStatus
 .text.ADC_ClearITPendingBit
                0x08003d3c       0x2c ..\obj\stm32l1xx_adc.o
                0x08003d3c                ADC_ClearITPendingBit
 .text.NVIC_SetPriority
                0x08003d68       0x54 ..\obj\port.o
 .text.SysTick_Config
                0x08003dbc       0x44 ..\obj\port.o
 .text.portGetTickCnt
                0x08003e00       0x14 ..\obj\port.o
                0x08003e00                portGetTickCnt
 .text.SysTick_Configuration
                0x08003e14       0x38 ..\obj\port.o
                0x08003e14                SysTick_Configuration
 .text.RTC_Configuration
                0x08003e4c       0xb4 ..\obj\port.o
                0x08003e4c                RTC_Configuration
 .text.NVIC_Configuration
                0x08003f00       0x6c ..\obj\port.o
                0x08003f00                NVIC_Configuration
 .text.EXTI_GetITEnStatus
                0x08003f6c       0x3c ..\obj\port.o
                0x08003f6c                EXTI_GetITEnStatus
 .text.RCC_Configuration
                0x08003fa8       0xb0 ..\obj\port.o
                0x08003fa8                RCC_Configuration
 .text.SPI_ConfigFastRate
                0x08004058       0x58 ..\obj\port.o
                0x08004058                SPI_ConfigFastRate
 .text.SPI_Configuration
                0x080040b0      0x100 ..\obj\port.o
                0x080040b0                SPI_Configuration
 .text.GPIO_Configuration
                0x080041b0       0xd4 ..\obj\port.o
                0x080041b0                GPIO_Configuration
 .text.reset_DW1000
                0x08004284       0x50 ..\obj\port.o
                0x08004284                reset_DW1000
 .text.setup_DW1000RSTnIRQ
                0x080042d4       0xb0 ..\obj\port.o
                0x080042d4                setup_DW1000RSTnIRQ
 .text.led_off  0x08004384       0x44 ..\obj\port.o
                0x08004384                led_off
 .text.led_on   0x080043c8       0x44 ..\obj\port.o
                0x080043c8                led_on
 .text.peripherals_init
                0x0800440c       0x20 ..\obj\port.o
                0x0800440c                peripherals_init
 .text.spi_peripheral_init
                0x0800442c        0xc ..\obj\port.o
                0x0800442c                spi_peripheral_init
 .text.dwt_initialise
                0x08004438      0x20c ..\obj\deca_device.o
                0x08004438                dwt_initialise
 .text.dwt_getldotune
                0x08004644       0x14 ..\obj\deca_device.o
                0x08004644                dwt_getldotune
 .text.dwt_getpartid
                0x08004658       0x14 ..\obj\deca_device.o
                0x08004658                dwt_getpartid
 .text.dwt_readdevid
                0x0800466c       0x14 ..\obj\deca_device.o
                0x0800466c                dwt_readdevid
 .text.dwt_configuretxrf
                0x08004680       0x2c ..\obj\deca_device.o
                0x08004680                dwt_configuretxrf
 .text.dwt_getotptxpower
                0x080046ac       0x3c ..\obj\deca_device.o
                0x080046ac                dwt_getotptxpower
 .text.dwt_configure
                0x080046e8      0x33c ..\obj\deca_device.o
                0x080046e8                dwt_configure
 .text.dwt_setrxantennadelay
                0x08004a24       0x2c ..\obj\deca_device.o
                0x08004a24                dwt_setrxantennadelay
 .text.dwt_settxantennadelay
                0x08004a50       0x2c ..\obj\deca_device.o
                0x08004a50                dwt_settxantennadelay
 .text.dwt_readantennadelay
                0x08004a7c       0x28 ..\obj\deca_device.o
                0x08004a7c                dwt_readantennadelay
 .text.dwt_writetxdata
                0x08004aa4       0x20 ..\obj\deca_device.o
                0x08004aa4                dwt_writetxdata
 .text.dwt_writetxfctrl
                0x08004ac4       0x1c ..\obj\deca_device.o
                0x08004ac4                dwt_writetxfctrl
 .text.dwt_readrxdata
                0x08004ae0       0x14 ..\obj\deca_device.o
                0x08004ae0                dwt_readrxdata
 .text.dwt_readtxtimestamp
                0x08004af4        0xc ..\obj\deca_device.o
                0x08004af4                dwt_readtxtimestamp
 .text.dwt_readrxtimestamp
                0x08004b00        0xc ..\obj\deca_device.o
                0x08004b00                dwt_readrxtimestamp
 .text.dwt_writetodevice
                0x08004b0c       0x58 ..\obj\deca_device.o
                0x08004b0c                dwt_writetodevice
 .text.dwt_readfromdevice
                0x08004b64       0x54 ..\obj\deca_device.o
                0x08004b64                dwt_readfromdevice
 .text.dwt_read32bitoffsetreg
                0x08004bb8       0x44 ..\obj\deca_device.o
                0x08004bb8                dwt_read32bitoffsetreg
 .text.dwt_read16bitoffsetreg
                0x08004bfc       0x30 ..\obj\deca_device.o
                0x08004bfc                dwt_read16bitoffsetreg
 .text.dwt_write16bitoffsetreg
                0x08004c2c       0x20 ..\obj\deca_device.o
                0x08004c2c                dwt_write16bitoffsetreg
 .text.dwt_write32bitoffsetreg
                0x08004c4c       0x30 ..\obj\deca_device.o
                0x08004c4c                dwt_write32bitoffsetreg
 .text.dwt_enableframefilter
                0x08004c7c       0x40 ..\obj\deca_device.o
                0x08004c7c                dwt_enableframefilter
 .text.dwt_setpanid
                0x08004cbc        0xc ..\obj\deca_device.o
                0x08004cbc                dwt_setpanid
 .text.dwt_seteui
                0x08004cc8        0xc ..\obj\deca_device.o
                0x08004cc8                dwt_seteui
 .text.dwt_geteui
                0x08004cd4        0xc ..\obj\deca_device.o
                0x08004cd4                dwt_geteui
 .text._dwt_otpread
                0x08004ce0       0x4c ..\obj\deca_device.o
                0x08004ce0                _dwt_otpread
 .text._dwt_aonarrayupload
                0x08004d2c       0x30 ..\obj\deca_device.o
                0x08004d2c                _dwt_aonarrayupload
 .text.dwt_entersleep
                0x08004d5c        0x4 ..\obj\deca_device.o
                0x08004d5c                dwt_entersleep
 .text.dwt_configuresleep
                0x08004d60       0x24 ..\obj\deca_device.o
                0x08004d60                dwt_configuresleep
 .text.dwt_entersleepaftertx
                0x08004d84       0x30 ..\obj\deca_device.o
                0x08004d84                dwt_entersleepaftertx
 .text._dwt_configlde
                0x08004db4       0x40 ..\obj\deca_device.o
                0x08004db4                _dwt_configlde
 .text._dwt_loaducodefromrom
                0x08004df4       0x3c ..\obj\deca_device.o
                0x08004df4                _dwt_loaducodefromrom
 .text.dwt_loadopsettabfromotp
                0x08004e30       0x38 ..\obj\deca_device.o
                0x08004e30                dwt_loadopsettabfromotp
 .text.dwt_setrxaftertxdelay
                0x08004e68       0x24 ..\obj\deca_device.o
                0x08004e68                dwt_setrxaftertxdelay
 .text.dwt_setcallbacks
                0x08004e8c        0xc ..\obj\deca_device.o
                0x08004e8c                dwt_setcallbacks
 .text.dwt_isr  0x08004e98      0x2b0 ..\obj\deca_device.o
                0x08004e98                dwt_isr
 .text.dwt_setleds
                0x08005148       0xc4 ..\obj\deca_device.o
                0x08005148                dwt_setleds
 .text._dwt_enableclocks
                0x0800520c       0xe4 ..\obj\deca_device.o
                0x0800520c                _dwt_enableclocks
 .text._dwt_disablesequencing
                0x080052f0       0x18 ..\obj\deca_device.o
                0x080052f0                _dwt_disablesequencing
 .text.dwt_setdelayedtrxtime
                0x08005308        0xc ..\obj\deca_device.o
                0x08005308                dwt_setdelayedtrxtime
 .text.dwt_starttx
                0x08005314       0xa8 ..\obj\deca_device.o
                0x08005314                dwt_starttx
 .text.dwt_checkoverrun
                0x080053bc       0x10 ..\obj\deca_device.o
                0x080053bc                dwt_checkoverrun
 .text.dwt_forcetrxoff
                0x080053cc       0x64 ..\obj\deca_device.o
                0x080053cc                dwt_forcetrxoff
 .text.dwt_syncrxbufptrs
                0x08005430       0x34 ..\obj\deca_device.o
                0x08005430                dwt_syncrxbufptrs
 .text.dwt_rxenable
                0x08005464       0x68 ..\obj\deca_device.o
                0x08005464                dwt_rxenable
 .text.dwt_setrxtimeout
                0x080054cc       0x64 ..\obj\deca_device.o
                0x080054cc                dwt_setrxtimeout
 .text.dwt_setinterrupt
                0x08005530       0x34 ..\obj\deca_device.o
                0x08005530                dwt_setinterrupt
 .text.dwt_configeventcounters
                0x08005564       0x34 ..\obj\deca_device.o
                0x08005564                dwt_configeventcounters
 .text.dwt_rxreset
                0x08005598       0x30 ..\obj\deca_device.o
                0x08005598                dwt_rxreset
 .text.dwt_softreset
                0x080055c8       0x7c ..\obj\deca_device.o
                0x080055c8                dwt_softreset
 .text.dwt_xtaltrim
                0x08005644       0x38 ..\obj\deca_device.o
                0x08005644                dwt_xtaltrim
 .text.NMI_Handler
                0x0800567c        0xc ..\obj\stm32l1xx_it.o
                0x0800567c                NMI_Handler
 .text.pop_registers_from_fault_stack
                0x08005688       0x3c ..\obj\stm32l1xx_it.o
                0x08005688                pop_registers_from_fault_stack
 .text.HardFault_Handler
                0x080056c4       0x20 ..\obj\stm32l1xx_it.o
                0x080056c4                HardFault_Handler
 .text.MemManage_Handler
                0x080056e4        0x8 ..\obj\stm32l1xx_it.o
                0x080056e4                MemManage_Handler
 .text.BusFault_Handler
                0x080056ec        0x8 ..\obj\stm32l1xx_it.o
                0x080056ec                BusFault_Handler
 .text.UsageFault_Handler
                0x080056f4        0x8 ..\obj\stm32l1xx_it.o
                0x080056f4                UsageFault_Handler
 .text.SVC_Handler
                0x080056fc        0xc ..\obj\stm32l1xx_it.o
                0x080056fc                SVC_Handler
 .text.DebugMon_Handler
                0x08005708        0xc ..\obj\stm32l1xx_it.o
                0x08005708                DebugMon_Handler
 .text.PendSV_Handler
                0x08005714        0xc ..\obj\stm32l1xx_it.o
                0x08005714                PendSV_Handler
 .text.SysTick_Handler
                0x08005720       0x1c ..\obj\stm32l1xx_it.o
                0x08005720                SysTick_Handler
 .text.EXTI15_10_IRQHandler
                0x0800573c       0x14 ..\obj\stm32l1xx_it.o
                0x0800573c                EXTI15_10_IRQHandler
 .text.EXTI3_IRQHandler
                0x08005750       0x14 ..\obj\stm32l1xx_it.o
                0x08005750                EXTI3_IRQHandler
 .text.EXTI2_IRQHandler
                0x08005764       0x14 ..\obj\stm32l1xx_it.o
                0x08005764                EXTI2_IRQHandler
 .text.ADC1_IRQHandler
                0x08005778       0x28 ..\obj\stm32l1xx_it.o
                0x08005778                ADC1_IRQHandler
 .text.SystemInit
                0x080057a0       0x68 ..\obj\system_stm32l1xx.o
                0x080057a0                SystemInit
 .text.SetSysClock
                0x08005808      0x120 ..\obj\system_stm32l1xx.o
 .text.convertmicrosectodevicetimeu
                0x08005928       0x60 ..\obj\instance_common.o
                0x08005928                convertmicrosectodevicetimeu
 .text.convertdevicetimetosec
                0x08005988       0x48 ..\obj\instance_common.o
                0x08005988                convertdevicetimetosec
 .text.reportTOF
                0x080059d0      0x2b8 ..\obj\instance_common.o
                0x080059d0                reportTOF
 .text.instaddtagtolist
                0x08005c88       0x9c ..\obj\instance_common.o
                0x08005c88                instaddtagtolist
 .text.istaginlist
                0x08005d24       0x74 ..\obj\instance_common.o
                0x08005d24                istaginlist
 .text.instcleartaglist
                0x08005d98       0x7c ..\obj\instance_common.o
                0x08005d98                instcleartaglist
 .text.instancesetrole
                0x08005e14       0x20 ..\obj\instance_common.o
                0x08005e14                instancesetrole
 .text.instancenewrange
                0x08005e34       0x28 ..\obj\instance_common.o
                0x08005e34                instancenewrange
 .text.instancenewrangeancadd
                0x08005e5c       0x18 ..\obj\instance_common.o
                0x08005e5c                instancenewrangeancadd
 .text.instancenewrangetagadd
                0x08005e74       0x18 ..\obj\instance_common.o
                0x08005e74                instancenewrangetagadd
 .text.instanceanchorwaiting
                0x08005e8c       0x18 ..\obj\instance_common.o
                0x08005e8c                instanceanchorwaiting
 .text.instanceclearcounts
                0x08005ea4      0x158 ..\obj\instance_common.o
                0x08005ea4                instanceclearcounts
 .text.instance_init
                0x08005ffc      0x1a4 ..\obj\instance_common.o
                0x08005ffc                instance_init
 .text.instancereaddeviceid
                0x080061a0       0x10 ..\obj\instance_common.o
                0x080061a0                instancereaddeviceid
 .text.instance_config
                0x080061b0      0x35c ..\obj\instance_common.o
                0x080061b0                instance_config
 .text.instancesettagsleepdelay
                0x0800650c       0x44 ..\obj\instance_common.o
                0x0800650c                instancesettagsleepdelay
 .text.instance_get_lcount
                0x08006550       0x20 ..\obj\instance_common.o
                0x08006550                instance_get_lcount
 .text.instance_get_idist
                0x08006570       0x24 ..\obj\instance_common.o
                0x08006570                instance_get_idist
 .text.instance_get_idistraw
                0x08006594       0x24 ..\obj\instance_common.o
                0x08006594                instance_get_idistraw
 .text.instance_get_adist
                0x080065b8       0x24 ..\obj\instance_common.o
                0x080065b8                instance_get_adist
 .text.inst_processrxtimeout
                0x080065dc       0x78 ..\obj\instance_common.o
                0x080065dc                inst_processrxtimeout
 .text.instance_txcallback
                0x08006654      0x164 ..\obj\instance_common.o
                0x08006654                instance_txcallback
 .text.instance_rxcallback
                0x080067b8      0x4f8 ..\obj\instance_common.o
                0x080067b8                instance_rxcallback
 .text.instance_peekevent
                0x08006cb0       0x4c ..\obj\instance_common.o
                0x08006cb0                instance_peekevent
 .text.instance_putevent
                0x08006cfc       0xfc ..\obj\instance_common.o
                0x08006cfc                instance_putevent
 .text.instance_getevent
                0x08006df8      0x228 ..\obj\instance_common.o
                0x08006df8                instance_getevent
 .text.instance_clearevents
                0x08007020       0x94 ..\obj\instance_common.o
                0x08007020                instance_clearevents
 .text.instance_setapprun
                0x080070b4       0x24 ..\obj\instance_common.o
                0x080070b4                instance_setapprun
 .text.instance_run
                0x080070d8      0x208 ..\obj\instance_common.o
                0x080070d8                instance_run
 .text.instance_notify_DW1000_inIDLE
                0x080072e0       0x20 ..\obj\instance_common.o
                0x080072e0                instance_notify_DW1000_inIDLE
 .text.instancesetantennadelays
                0x08007300       0x34 ..\obj\instance_common.o
                0x08007300                instancesetantennadelays
 .text.instancetxantdly
                0x08007334       0x14 ..\obj\instance_common.o
                0x08007334                instancetxantdly
 .text.instancerxantdly
                0x08007348       0x14 ..\obj\instance_common.o
                0x08007348                instancerxantdly
 .text.NVIC_EnableIRQ
                0x0800735c       0x30 ..\obj\main.o
 .text.NVIC_DisableIRQ
                0x0800738c       0x34 ..\obj\main.o
 .text.decarangingmode
                0x080073c0       0x48 ..\obj\main.o
                0x080073c0                decarangingmode
 .text.inittestapplication
                0x08007408      0x1a8 ..\obj\main.o
                0x08007408                inittestapplication
 .text.process_dwRSTn_irq
                0x080075b0       0x10 ..\obj\main.o
                0x080075b0                process_dwRSTn_irq
 .text.process_deca_irq
                0x080075c0       0x20 ..\obj\main.o
                0x080075c0                process_deca_irq
 .text.initLCD  0x080075e0      0x1dc ..\obj\main.o
                0x080075e0                initLCD
 *fill*         0x080077bc        0x4 
 .text.readADC  0x080077c0       0x98 ..\obj\main.o
                0x080077c0                readADC
 .text.main     0x08007858      0x59c ..\obj\main.o
                0x08007858                main
 .text._write   0x08007df4       0x40 ..\obj\syscalls.o
                0x08007df4                _write
 .text._sbrk    0x08007e34       0x70 ..\obj\syscalls.o
                0x08007e34                _sbrk
 .text._times_r
                0x08007ea4       0x38 ..\obj\syscalls.o
                0x08007ea4                _times_r
 .text.LCD_bar  0x08007edc       0x4c ..\obj\stm32l_discovery_lcd.o
                0x08007edc                LCD_bar
 .text.LCD_Conv_Char_Seg
                0x08007f28      0x158 ..\obj\stm32l_discovery_lcd.o
 .text.LCD_GLASS_WriteChar
                0x08008080      0x4bc ..\obj\stm32l_discovery_lcd.o
                0x08008080                LCD_GLASS_WriteChar
 .text.LCD_GLASS_DisplayString
                0x0800853c       0x50 ..\obj\stm32l_discovery_lcd.o
                0x0800853c                LCD_GLASS_DisplayString
 .text.LCD_GLASS_Clear
                0x0800858c       0x48 ..\obj\stm32l_discovery_lcd.o
                0x0800858c                LCD_GLASS_Clear
 .text.Reset_Handler
                0x080085d4       0x44 ..\obj\startup_stm32l1xx_mdp.o
                0x080085d4                Reset_Handler
 .text.Default_Handler
                0x08008618        0x2 ..\obj\startup_stm32l1xx_mdp.o
                0x08008618                RTC_Alarm_IRQHandler
                0x08008618                COMP_ACQ_IRQHandler
                0x08008618                TIM10_IRQHandler
                0x08008618                USB_HP_IRQHandler
                0x08008618                TIM6_IRQHandler
                0x08008618                PVD_IRQHandler
                0x08008618                EXTI0_IRQHandler
                0x08008618                I2C2_EV_IRQHandler
                0x08008618                SPI1_IRQHandler
                0x08008618                USB_FS_WKUP_IRQHandler
                0x08008618                DMA2_Channel2_IRQHandler
                0x08008618                DMA1_Channel4_IRQHandler
                0x08008618                USART3_IRQHandler
                0x08008618                DMA1_Channel7_IRQHandler
                0x08008618                LCD_IRQHandler
                0x08008618                TIM4_IRQHandler
                0x08008618                DMA2_Channel1_IRQHandler
                0x08008618                I2C1_EV_IRQHandler
                0x08008618                DMA1_Channel6_IRQHandler
                0x08008618                DMA2_Channel4_IRQHandler
                0x08008618                TIM3_IRQHandler
                0x08008618                RCC_IRQHandler
                0x08008618                DMA1_Channel1_IRQHandler
                0x08008618                Default_Handler
                0x08008618                TIM7_IRQHandler
                0x08008618                TIM5_IRQHandler
                0x08008618                EXTI9_5_IRQHandler
                0x08008618                TIM9_IRQHandler
                0x08008618                TAMPER_STAMP_IRQHandler
                0x08008618                RTC_WKUP_IRQHandler
                0x08008618                SPI2_IRQHandler
                0x08008618                DMA2_Channel5_IRQHandler
                0x08008618                DMA1_Channel5_IRQHandler
                0x08008618                USB_LP_IRQHandler
                0x08008618                EXTI4_IRQHandler
                0x08008618                DMA1_Channel3_IRQHandler
                0x08008618                COMP_IRQHandler
                0x08008618                WWDG_IRQHandler
                0x08008618                TIM2_IRQHandler
                0x08008618                DAC_IRQHandler
                0x08008618                EXTI1_IRQHandler
                0x08008618                AES_IRQHandler
                0x08008618                TIM11_IRQHandler
                0x08008618                USART2_IRQHandler
                0x08008618                I2C2_ER_IRQHandler
                0x08008618                DMA1_Channel2_IRQHandler
                0x08008618                FLASH_IRQHandler
                0x08008618                USART1_IRQHandler
                0x08008618                SPI3_IRQHandler
                0x08008618                I2C1_ER_IRQHandler
                0x08008618                DMA2_Channel3_IRQHandler
 *fill*         0x0800861a        0x2 
 .text.usleep   0x0800861c       0x3c ..\obj\unistd.o
                0x0800861c                usleep
 .text.PWR_RTCAccessCmd
                0x08008658       0x20 ..\obj\stm32l1xx_pwr.o
                0x08008658                PWR_RTCAccessCmd
 .text.SPI_I2S_DeInit
                0x08008678       0x74 ..\obj\stm32l1xx_spi.o
                0x08008678                SPI_I2S_DeInit
 .text.SPI_Init
                0x080086ec       0x88 ..\obj\stm32l1xx_spi.o
                0x080086ec                SPI_Init
 .text.SPI_Cmd  0x08008774       0x40 ..\obj\stm32l1xx_spi.o
                0x08008774                SPI_Cmd
 .text.SPI_SSOutputCmd
                0x080087b4       0x40 ..\obj\stm32l1xx_spi.o
                0x080087b4                SPI_SSOutputCmd
 .text.SPI_I2S_ReceiveData
                0x080087f4       0x18 ..\obj\stm32l1xx_spi.o
                0x080087f4                SPI_I2S_ReceiveData
 .text.SPI_I2S_SendData
                0x0800880c       0x1c ..\obj\stm32l1xx_spi.o
                0x0800880c                SPI_I2S_SendData
 .text.SPI_I2S_GetFlagStatus
                0x08008828       0x38 ..\obj\stm32l1xx_spi.o
                0x08008828                SPI_I2S_GetFlagStatus
 .text.NVIC_PriorityGroupConfig
                0x08008860       0x24 ..\obj\misc.o
                0x08008860                NVIC_PriorityGroupConfig
 .text.NVIC_Init
                0x08008884       0xc0 ..\obj\misc.o
                0x08008884                NVIC_Init
 .text.GPIO_Init
                0x08008944      0x138 ..\obj\stm32l1xx_gpio.o
                0x08008944                GPIO_Init
 .text.GPIO_ReadInputDataBit
                0x08008a7c       0x38 ..\obj\stm32l1xx_gpio.o
                0x08008a7c                GPIO_ReadInputDataBit
 .text.GPIO_SetBits
                0x08008ab4       0x1c ..\obj\stm32l1xx_gpio.o
                0x08008ab4                GPIO_SetBits
 .text.GPIO_ResetBits
                0x08008ad0       0x1c ..\obj\stm32l1xx_gpio.o
                0x08008ad0                GPIO_ResetBits
 .text.GPIO_WriteBit
                0x08008aec       0x30 ..\obj\stm32l1xx_gpio.o
                0x08008aec                GPIO_WriteBit
 .text.GPIO_PinAFConfig
                0x08008b1c       0x90 ..\obj\stm32l1xx_gpio.o
                0x08008b1c                GPIO_PinAFConfig
 .text.clock    0x08008bac       0x2c c:/program files (x86)/gnu tools arm embedded/5.4 2016q3/bin/../lib/gcc/arm-none-eabi/5.4.1/../../../../arm-none-eabi/lib/armv7-m\libc.a(lib_a-clock.o)
                0x08008bac                clock
 .text.memcmp   0x08008bd8       0x64 c:/program files (x86)/gnu tools arm embedded/5.4 2016q3/bin/../lib/gcc/arm-none-eabi/5.4.1/../../../../arm-none-eabi/lib/armv7-m\libc.a(lib_a-memcmp.o)
                0x08008bd8                memcmp
 .text.sprintf  0x08008c3c       0x4c c:/program files (x86)/gnu tools arm embedded/5.4 2016q3/bin/../lib/gcc/arm-none-eabi/5.4.1/../../../../arm-none-eabi/lib/armv7-m\libc.a(lib_a-sprintf.o)
                0x08008c3c                sprintf
 .text.strlen   0x08008c88       0x5c c:/program files (x86)/gnu tools arm embedded/5.4 2016q3/bin/../lib/gcc/arm-none-eabi/5.4.1/../../../../arm-none-eabi/lib/armv7-m\libc.a(lib_a-strlen-stub.o)
                0x08008c88                strlen
 .text._svfprintf_r
                0x08008ce4     0x1760 c:/program files (x86)/gnu tools arm embedded/5.4 2016q3/bin/../lib/gcc/arm-none-eabi/5.4.1/../../../../arm-none-eabi/lib/armv7-m\libc.a(lib_a-svfprintf.o)
                0x08008ce4                _svfprintf_r
 .text.quorem   0x0800a444      0x12c c:/program files (x86)/gnu tools arm embedded/5.4 2016q3/bin/../lib/gcc/arm-none-eabi/5.4.1/../../../../arm-none-eabi/lib/armv7-m\libc.a(lib_a-dtoa.o)
 .text._dtoa_r  0x0800a570      0xe4c c:/program files (x86)/gnu tools arm embedded/5.4 2016q3/bin/../lib/gcc/arm-none-eabi/5.4.1/../../../../arm-none-eabi/lib/armv7-m\libc.a(lib_a-dtoa.o)
                0x0800a570                _dtoa_r
 .text._malloc_trim_r
                0x0800b3bc       0x9c c:/program files (x86)/gnu tools arm embedded/5.4 2016q3/bin/../lib/gcc/arm-none-eabi/5.4.1/../../../../arm-none-eabi/lib/armv7-m\libc.a(lib_a-freer.o)
                0x0800b3bc                _malloc_trim_r
 .text._free_r  0x0800b458      0x1d0 c:/program files (x86)/gnu tools arm embedded/5.4 2016q3/bin/../lib/gcc/arm-none-eabi/5.4.1/../../../../arm-none-eabi/lib/armv7-m\libc.a(lib_a-freer.o)
                0x0800b458                _free_r
 .text._localeconv_r
                0x0800b628       0x1c c:/program files (x86)/gnu tools arm embedded/5.4 2016q3/bin/../lib/gcc/arm-none-eabi/5.4.1/../../../../arm-none-eabi/lib/armv7-m\libc.a(lib_a-localeconv.o)
                0x0800b628                _localeconv_r
 .text._malloc_r
                0x0800b644      0x558 c:/program files (x86)/gnu tools arm embedded/5.4 2016q3/bin/../lib/gcc/arm-none-eabi/5.4.1/../../../../arm-none-eabi/lib/armv7-m\libc.a(lib_a-mallocr.o)
                0x0800b644                _malloc_r
 .text.memchr   0x0800bb9c       0x8c c:/program files (x86)/gnu tools arm embedded/5.4 2016q3/bin/../lib/gcc/arm-none-eabi/5.4.1/../../../../arm-none-eabi/lib/armv7-m\libc.a(lib_a-memchr-stub.o)
                0x0800bb9c                memchr
 .text.memmove  0x0800bc28       0xc8 c:/program files (x86)/gnu tools arm embedded/5.4 2016q3/bin/../lib/gcc/arm-none-eabi/5.4.1/../../../../arm-none-eabi/lib/armv7-m\libc.a(lib_a-memmove.o)
                0x0800bc28                memmove
 .text.__malloc_lock
                0x0800bcf0        0x4 c:/program files (x86)/gnu tools arm embedded/5.4 2016q3/bin/../lib/gcc/arm-none-eabi/5.4.1/../../../../arm-none-eabi/lib/armv7-m\libc.a(lib_a-mlock.o)
                0x0800bcf0                __malloc_lock
 .text.__malloc_unlock
                0x0800bcf4        0x4 c:/program files (x86)/gnu tools arm embedded/5.4 2016q3/bin/../lib/gcc/arm-none-eabi/5.4.1/../../../../arm-none-eabi/lib/armv7-m\libc.a(lib_a-mlock.o)
                0x0800bcf4                __malloc_unlock
 .text._Balloc  0x0800bcf8       0x50 c:/program files (x86)/gnu tools arm embedded/5.4 2016q3/bin/../lib/gcc/arm-none-eabi/5.4.1/../../../../arm-none-eabi/lib/armv7-m\libc.a(lib_a-mprec.o)
                0x0800bcf8                _Balloc
 .text._Bfree   0x0800bd48       0x14 c:/program files (x86)/gnu tools arm embedded/5.4 2016q3/bin/../lib/gcc/arm-none-eabi/5.4.1/../../../../arm-none-eabi/lib/armv7-m\libc.a(lib_a-mprec.o)
                0x0800bd48                _Bfree
 .text.__multadd
                0x0800bd5c       0x80 c:/program files (x86)/gnu tools arm embedded/5.4 2016q3/bin/../lib/gcc/arm-none-eabi/5.4.1/../../../../arm-none-eabi/lib/armv7-m\libc.a(lib_a-mprec.o)
                0x0800bd5c                __multadd
 .text.__hi0bits
                0x0800bddc       0x40 c:/program files (x86)/gnu tools arm embedded/5.4 2016q3/bin/../lib/gcc/arm-none-eabi/5.4.1/../../../../arm-none-eabi/lib/armv7-m\libc.a(lib_a-mprec.o)
                0x0800bddc                __hi0bits
 .text.__lo0bits
                0x0800be1c       0x5c c:/program files (x86)/gnu tools arm embedded/5.4 2016q3/bin/../lib/gcc/arm-none-eabi/5.4.1/../../../../arm-none-eabi/lib/armv7-m\libc.a(lib_a-mprec.o)
                0x0800be1c                __lo0bits
 .text.__i2b    0x0800be78       0x14 c:/program files (x86)/gnu tools arm embedded/5.4 2016q3/bin/../lib/gcc/arm-none-eabi/5.4.1/../../../../arm-none-eabi/lib/armv7-m\libc.a(lib_a-mprec.o)
                0x0800be78                __i2b
 .text.__multiply
                0x0800be8c      0x13c c:/program files (x86)/gnu tools arm embedded/5.4 2016q3/bin/../lib/gcc/arm-none-eabi/5.4.1/../../../../arm-none-eabi/lib/armv7-m\libc.a(lib_a-mprec.o)
                0x0800be8c                __multiply
 .text.__pow5mult
                0x0800bfc8       0xa0 c:/program files (x86)/gnu tools arm embedded/5.4 2016q3/bin/../lib/gcc/arm-none-eabi/5.4.1/../../../../arm-none-eabi/lib/armv7-m\libc.a(lib_a-mprec.o)
                0x0800bfc8                __pow5mult
 .text.__lshift
                0x0800c068       0xac c:/program files (x86)/gnu tools arm embedded/5.4 2016q3/bin/../lib/gcc/arm-none-eabi/5.4.1/../../../../arm-none-eabi/lib/armv7-m\libc.a(lib_a-mprec.o)
                0x0800c068                __lshift
 .text.__mcmp   0x0800c114       0x40 c:/program files (x86)/gnu tools arm embedded/5.4 2016q3/bin/../lib/gcc/arm-none-eabi/5.4.1/../../../../arm-none-eabi/lib/armv7-m\libc.a(lib_a-mprec.o)
                0x0800c114                __mcmp
 .text.__mdiff  0x0800c154      0x128 c:/program files (x86)/gnu tools arm embedded/5.4 2016q3/bin/../lib/gcc/arm-none-eabi/5.4.1/../../../../arm-none-eabi/lib/armv7-m\libc.a(lib_a-mprec.o)
                0x0800c154                __mdiff
 .text.__d2b    0x0800c27c       0xa8 c:/program files (x86)/gnu tools arm embedded/5.4 2016q3/bin/../lib/gcc/arm-none-eabi/5.4.1/../../../../arm-none-eabi/lib/armv7-m\libc.a(lib_a-mprec.o)
                0x0800c27c                __d2b
 .text._realloc_r
                0x0800c324      0x3d4 c:/program files (x86)/gnu tools arm embedded/5.4 2016q3/bin/../lib/gcc/arm-none-eabi/5.4.1/../../../../arm-none-eabi/lib/armv7-m\libc.a(lib_a-reallocr.o)
                0x0800c324                _realloc_r
 .text._sbrk_r  0x0800c6f8       0x24 c:/program files (x86)/gnu tools arm embedded/5.4 2016q3/bin/../lib/gcc/arm-none-eabi/5.4.1/../../../../arm-none-eabi/lib/armv7-m\libc.a(lib_a-sbrkr.o)
                0x0800c6f8                _sbrk_r
 .text.__ssprint_r
                0x0800c71c      0x100 c:/program files (x86)/gnu tools arm embedded/5.4 2016q3/bin/../lib/gcc/arm-none-eabi/5.4.1/../../../../arm-none-eabi/lib/armv7-m\libc.a(lib_a-svfiprintf.o)
                0x0800c71c                __ssprint_r
 .text._calloc_r
                0x0800c81c       0x60 c:/program files (x86)/gnu tools arm embedded/5.4 2016q3/bin/../lib/gcc/arm-none-eabi/5.4.1/../../../../arm-none-eabi/lib/armv7-m\libc.a(lib_a-callocr.o)
                0x0800c81c                _calloc_r
 .text.__ascii_mbtowc
                0x0800c87c       0x2c c:/program files (x86)/gnu tools arm embedded/5.4 2016q3/bin/../lib/gcc/arm-none-eabi/5.4.1/../../../../arm-none-eabi/lib/armv7-m\libc.a(lib_a-mbtowc_r.o)
                0x0800c87c                __ascii_mbtowc
 .text.__ascii_wctomb
                0x0800c8a8       0x1c c:/program files (x86)/gnu tools arm embedded/5.4 2016q3/bin/../lib/gcc/arm-none-eabi/5.4.1/../../../../arm-none-eabi/lib/armv7-m\libc.a(lib_a-wctomb_r.o)
                0x0800c8a8                __ascii_wctomb
 *(.rodata)
 .rodata        0x0800c8c4        0x8 ..\obj\instance_common.o
 .rodata        0x0800c8cc      0x139 ..\obj\main.o
 *fill*         0x0800ca05        0x3 
 .rodata        0x0800ca08       0x21 ..\obj\syscalls.o
 *(.rodata*)
 *fill*         0x0800ca29        0x3 
 .rodata._global_impure_ptr
                0x0800ca2c        0x4 c:/program files (x86)/gnu tools arm embedded/5.4 2016q3/bin/../lib/gcc/arm-none-eabi/5.4.1/../../../../arm-none-eabi/lib/armv7-m\libc.a(lib_a-impure.o)
                0x0800ca2c                _global_impure_ptr
 .rodata.chan_idxnb
                0x0800ca30        0x8 ..\obj\deca_range_tables.o
                0x0800ca30                chan_idxnb
 .rodata.chan_idxwb
                0x0800ca38        0x8 ..\obj\deca_range_tables.o
                0x0800ca38                chan_idxwb
 .rodata.range25cm16PRFnb
                0x0800ca40       0x94 ..\obj\deca_range_tables.o
                0x0800ca40                range25cm16PRFnb
 .rodata.range25cm16PRFwb
                0x0800cad4       0x88 ..\obj\deca_range_tables.o
                0x0800cad4                range25cm16PRFwb
 .rodata.range25cm64PRFnb
                0x0800cb5c       0x68 ..\obj\deca_range_tables.o
                0x0800cb5c                range25cm64PRFnb
 .rodata.range25cm64PRFwb
                0x0800cbc4       0x76 ..\obj\deca_range_tables.o
                0x0800cbc4                range25cm64PRFwb
 *fill*         0x0800cc3a        0x2 
 .rodata.data_len_bytes.10211
                0x0800cc3c       0x14 ..\obj\instance.o
 .rodata.chan_idx
                0x0800cc50        0x8 ..\obj\deca_params_init.o
                0x0800cc50                chan_idx
 .rodata.tx_config
                0x0800cc58       0x18 ..\obj\deca_params_init.o
                0x0800cc58                tx_config
 .rodata.pll2_config
                0x0800cc70       0x1e ..\obj\deca_params_init.o
                0x0800cc70                pll2_config
 .rodata.pll2calcfg
                0x0800cc8e        0x1 ..\obj\deca_params_init.o
                0x0800cc8e                pll2calcfg
 *fill*         0x0800cc8f        0x1 
 .rodata.rx_config
                0x0800cc90        0x2 ..\obj\deca_params_init.o
                0x0800cc90                rx_config
 *fill*         0x0800cc92        0x2 
 .rodata.agc_config
                0x0800cc94        0x8 ..\obj\deca_params_init.o
                0x0800cc94                agc_config
 .rodata.dwnsSFDlen
                0x0800cc9c        0x3 ..\obj\deca_params_init.o
                0x0800cc9c                dwnsSFDlen
 *fill*         0x0800cc9f        0x1 
 .rodata.sftsh  0x0800cca0        0xc ..\obj\deca_params_init.o
                0x0800cca0                sftsh
 .rodata.dtune1
                0x0800ccac        0x4 ..\obj\deca_params_init.o
                0x0800ccac                dtune1
 .rodata.digital_bb_config
                0x0800ccb0       0x20 ..\obj\deca_params_init.o
                0x0800ccb0                digital_bb_config
 .rodata.lde_replicaCoeff
                0x0800ccd0       0x32 ..\obj\deca_params_init.o
                0x0800ccd0                lde_replicaCoeff
 *fill*         0x0800cd02        0x2 
 .rodata.rfDelays
                0x0800cd04        0x4 ..\obj\instance_calib.o
                0x0800cd04                rfDelays
 .rodata.txSpectrumConfig
                0x0800cd08       0x60 ..\obj\instance_calib.o
                0x0800cd08                txSpectrumConfig
 .rodata.CapLetterMap
                0x0800cd68       0x34 ..\obj\stm32l_discovery_lcd.o
                0x0800cd68                CapLetterMap
 .rodata.NumberMap
                0x0800cd9c       0x14 ..\obj\stm32l_discovery_lcd.o
                0x0800cd9c                NumberMap
 .rodata.zeroes.7256
                0x0800cdb0       0x10 c:/program files (x86)/gnu tools arm embedded/5.4 2016q3/bin/../lib/gcc/arm-none-eabi/5.4.1/../../../../arm-none-eabi/lib/armv7-m\libc.a(lib_a-svfprintf.o)
 .rodata.str1.4
                0x0800cdc0       0x42 c:/program files (x86)/gnu tools arm embedded/5.4 2016q3/bin/../lib/gcc/arm-none-eabi/5.4.1/../../../../arm-none-eabi/lib/armv7-m\libc.a(lib_a-svfprintf.o)
 *fill*         0x0800ce02        0x2 
 .rodata.blanks.7255
                0x0800ce04       0x10 c:/program files (x86)/gnu tools arm embedded/5.4 2016q3/bin/../lib/gcc/arm-none-eabi/5.4.1/../../../../arm-none-eabi/lib/armv7-m\libc.a(lib_a-svfprintf.o)
 .rodata.str1.4
                0x0800ce14       0x10 c:/program files (x86)/gnu tools arm embedded/5.4 2016q3/bin/../lib/gcc/arm-none-eabi/5.4.1/../../../../arm-none-eabi/lib/armv7-m\libc.a(lib_a-dtoa.o)
                                 0x12 (size before relaxing)
 *fill*         0x0800ce24        0x4 
 .rodata.__mprec_tens
                0x0800ce28       0xc8 c:/program files (x86)/gnu tools arm embedded/5.4 2016q3/bin/../lib/gcc/arm-none-eabi/5.4.1/../../../../arm-none-eabi/lib/armv7-m\libc.a(lib_a-mprec.o)
                0x0800ce28                __mprec_tens
 .rodata.p05.6085
                0x0800cef0        0xc c:/program files (x86)/gnu tools arm embedded/5.4 2016q3/bin/../lib/gcc/arm-none-eabi/5.4.1/../../../../arm-none-eabi/lib/armv7-m\libc.a(lib_a-mprec.o)
 *fill*         0x0800cefc        0x4 
 .rodata.__mprec_bigtens
                0x0800cf00       0x28 c:/program files (x86)/gnu tools arm embedded/5.4 2016q3/bin/../lib/gcc/arm-none-eabi/5.4.1/../../../../arm-none-eabi/lib/armv7-m\libc.a(lib_a-mprec.o)
                0x0800cf00                __mprec_bigtens
 .rodata.str1.4
                0x0800cf28       0x10 c:/program files (x86)/gnu tools arm embedded/5.4 2016q3/bin/../lib/gcc/arm-none-eabi/5.4.1/../../../../arm-none-eabi/lib/armv7-m\libc.a(lib_a-locale.o)
                                 0x12 (size before relaxing)
 .rodata._ctype_
                0x0800cf38      0x101 c:/program files (x86)/gnu tools arm embedded/5.4 2016q3/bin/../lib/gcc/arm-none-eabi/5.4.1/../../../../arm-none-eabi/lib/armv7-m\libc.a(lib_a-ctype_.o)
                0x0800cf38                _ctype_
 *(.glue_7)
 .glue_7        0x0800d039        0x0 linker stubs
 *(.glue_7t)
 .glue_7t       0x0800d039        0x0 linker stubs
 *(.eh_frame)
 *fill*         0x0800d039        0x3 
 .eh_frame      0x0800d03c        0x0 c:/program files (x86)/gnu tools arm embedded/5.4 2016q3/bin/../lib/gcc/arm-none-eabi/5.4.1/armv7-m/crtbegin.o
 *(.init)
 .init          0x0800d03c        0x4 c:/program files (x86)/gnu tools arm embedded/5.4 2016q3/bin/../lib/gcc/arm-none-eabi/5.4.1/armv7-m/crti.o
                0x0800d03c                _init
 .init          0x0800d040        0x8 c:/program files (x86)/gnu tools arm embedded/5.4 2016q3/bin/../lib/gcc/arm-none-eabi/5.4.1/armv7-m/crtn.o
 *(.fini)
 .fini          0x0800d048        0x4 c:/program files (x86)/gnu tools arm embedded/5.4 2016q3/bin/../lib/gcc/arm-none-eabi/5.4.1/armv7-m/crti.o
                0x0800d048                _fini
 .fini          0x0800d04c        0x8 c:/program files (x86)/gnu tools arm embedded/5.4 2016q3/bin/../lib/gcc/arm-none-eabi/5.4.1/armv7-m/crtn.o
                0x0800d054                . = ALIGN (0x4)
                0x0800d054                _etext = .

.vfp11_veneer   0x0800d054        0x0
 .vfp11_veneer  0x0800d054        0x0 linker stubs

.v4_bx          0x0800d054        0x0
 .v4_bx         0x0800d054        0x0 linker stubs

.iplt           0x0800d054        0x0
 .iplt          0x0800d054        0x0 c:/program files (x86)/gnu tools arm embedded/5.4 2016q3/bin/../lib/gcc/arm-none-eabi/5.4.1/armv7-m/crtbegin.o

.ARM.extab
 *(.ARM.extab* .gnu.linkonce.armextab.*)

.ARM            0x0800d054        0x8
                0x0800d054                __exidx_start = .
 *(.ARM.exidx*)
 .ARM.exidx     0x0800d054        0x8 c:/program files (x86)/gnu tools arm embedded/5.4 2016q3/bin/../lib/gcc/arm-none-eabi/5.4.1/armv7-m\libgcc.a(_udivmoddi4.o)
                0x0800d05c                __exidx_end = .

.rel.dyn        0x0800d05c        0x0
 .rel.iplt      0x0800d05c        0x0 c:/program files (x86)/gnu tools arm embedded/5.4 2016q3/bin/../lib/gcc/arm-none-eabi/5.4.1/armv7-m/crtbegin.o

.preinit_array  0x0800d05c        0x0
                0x0800d05c                PROVIDE (__preinit_array_start, .)
 *(.preinit_array*)
                0x0800d05c                PROVIDE (__preinit_array_end, .)

.init_array     0x0800d05c        0x8
                0x0800d05c                PROVIDE (__init_array_start, .)
 *(SORT(.init_array.*))
 .init_array.00000
                0x0800d05c        0x4 c:/program files (x86)/gnu tools arm embedded/5.4 2016q3/bin/../lib/gcc/arm-none-eabi/5.4.1/../../../../arm-none-eabi/lib/armv7-m\libc.a(lib_a-__call_atexit.o)
 *(.init_array*)
 .init_array    0x0800d060        0x4 c:/program files (x86)/gnu tools arm embedded/5.4 2016q3/bin/../lib/gcc/arm-none-eabi/5.4.1/armv7-m/crtbegin.o
                0x0800d064                PROVIDE (__init_array_end, .)

.fini_array     0x0800d064        0x4
                0x0800d064                PROVIDE (__fini_array_start, .)
 *(.fini_array*)
 .fini_array    0x0800d064        0x4 c:/program files (x86)/gnu tools arm embedded/5.4 2016q3/bin/../lib/gcc/arm-none-eabi/5.4.1/armv7-m/crtbegin.o
 *(SORT(.fini_array.*))
                0x0800d068                PROVIDE (__fini_array_end, .)
                0x0800d068                _sidata = .

.data           0x20000000      0xa1c load address 0x0800d068
                0x20000000                . = ALIGN (0x4)
                0x20000000                _sdata = .
 *(.data)
 *(.data*)
 .data.impure_data
                0x20000000      0x428 c:/program files (x86)/gnu tools arm embedded/5.4 2016q3/bin/../lib/gcc/arm-none-eabi/5.4.1/../../../../arm-none-eabi/lib/armv7-m\libc.a(lib_a-impure.o)
 .data._impure_ptr
                0x20000428        0x4 c:/program files (x86)/gnu tools arm embedded/5.4 2016q3/bin/../lib/gcc/arm-none-eabi/5.4.1/../../../../arm-none-eabi/lib/armv7-m\libc.a(lib_a-impure.o)
                0x20000428                _impure_ptr
 .data.PLLMulTable
                0x2000042c        0x9 ..\obj\stm32l1xx_rcc.o
 *fill*         0x20000435        0x3 
 .data.APBAHBPrescTable
                0x20000438       0x10 ..\obj\stm32l1xx_rcc.o
 .data.SystemCoreClock
                0x20000448        0x4 ..\obj\system_stm32l1xx.o
                0x20000448                SystemCoreClock
 .data.instance_mode
                0x2000044c        0x4 ..\obj\main.o
                0x2000044c                instance_mode
 .data.chConfig
                0x20000450       0x50 ..\obj\main.o
                0x20000450                chConfig
 .data.__malloc_av_
                0x200004a0      0x408 c:/program files (x86)/gnu tools arm embedded/5.4 2016q3/bin/../lib/gcc/arm-none-eabi/5.4.1/../../../../arm-none-eabi/lib/armv7-m\libc.a(lib_a-mallocr.o)
                0x200004a0                __malloc_av_
 .data.__malloc_trim_threshold
                0x200008a8        0x4 c:/program files (x86)/gnu tools arm embedded/5.4 2016q3/bin/../lib/gcc/arm-none-eabi/5.4.1/../../../../arm-none-eabi/lib/armv7-m\libc.a(lib_a-mallocr.o)
                0x200008a8                __malloc_trim_threshold
 .data.__malloc_sbrk_base
                0x200008ac        0x4 c:/program files (x86)/gnu tools arm embedded/5.4 2016q3/bin/../lib/gcc/arm-none-eabi/5.4.1/../../../../arm-none-eabi/lib/armv7-m\libc.a(lib_a-mallocr.o)
                0x200008ac                __malloc_sbrk_base
 .data.__global_locale
                0x200008b0      0x16c c:/program files (x86)/gnu tools arm embedded/5.4 2016q3/bin/../lib/gcc/arm-none-eabi/5.4.1/../../../../arm-none-eabi/lib/armv7-m\libc.a(lib_a-locale.o)
                0x200008b0                __global_locale
                0x20000a1c                . = ALIGN (0x4)
                0x20000a1c                _edata = .

.jcr            0x20000a1c        0x0 load address 0x0800da84
 .jcr           0x20000a1c        0x0 c:/program files (x86)/gnu tools arm embedded/5.4 2016q3/bin/../lib/gcc/arm-none-eabi/5.4.1/armv7-m/crtbegin.o

.igot.plt       0x20000a1c        0x0 load address 0x0800da84
 .igot.plt      0x20000a1c        0x0 c:/program files (x86)/gnu tools arm embedded/5.4 2016q3/bin/../lib/gcc/arm-none-eabi/5.4.1/armv7-m/crtbegin.o
                0x20000a1c                . = ALIGN (0x4)

.bss            0x20000a20      0x914 load address 0x0800da88
                0x20000a20                _sbss = .
                0x20000a20                __bss_start__ = _sbss
 *(.bss)
 .bss           0x20000a20       0x1c c:/program files (x86)/gnu tools arm embedded/5.4 2016q3/bin/../lib/gcc/arm-none-eabi/5.4.1/armv7-m/crtbegin.o
 *(.bss*)
 .bss.dw1000local
                0x20000a3c       0x80 ..\obj\deca_device.o
 *fill*         0x20000abc        0x4 
 .bss.inst_idist
                0x20000ac0        0x8 ..\obj\instance_common.o
                0x20000ac0                inst_idist
 .bss.inst_idistraw
                0x20000ac8        0x8 ..\obj\instance_common.o
                0x20000ac8                inst_idistraw
 .bss.inst_adist
                0x20000ad0        0x8 ..\obj\instance_common.o
                0x20000ad0                inst_adist
 .bss.inst_ldist
                0x20000ad8        0x8 ..\obj\instance_common.o
                0x20000ad8                inst_ldist
 .bss.dr_mode   0x20000ae0        0x4 ..\obj\main.o
                0x20000ae0                dr_mode
 .bss.s1switch  0x20000ae4        0x1 ..\obj\main.o
                0x20000ae4                s1switch
 *fill*         0x20000ae5        0x3 
 .bss.ranging   0x20000ae8        0x4 ..\obj\main.o
                0x20000ae8                ranging
 *fill*         0x20000aec        0x4 
 .bss.max_range
                0x20000af0        0x8 ..\obj\main.o
                0x20000af0                max_range
 .bss.heap_end.9476
                0x20000af8        0x4 ..\obj\syscalls.o
 .bss.t_bar     0x20000afc        0x2 ..\obj\stm32l_discovery_lcd.o
                0x20000afc                t_bar
 *fill*         0x20000afe        0x2 
 .bss.__malloc_max_total_mem
                0x20000b00        0x4 c:/program files (x86)/gnu tools arm embedded/5.4 2016q3/bin/../lib/gcc/arm-none-eabi/5.4.1/../../../../arm-none-eabi/lib/armv7-m\libc.a(lib_a-mallocr.o)
                0x20000b00                __malloc_max_total_mem
 .bss.__malloc_max_sbrked_mem
                0x20000b04        0x4 c:/program files (x86)/gnu tools arm embedded/5.4 2016q3/bin/../lib/gcc/arm-none-eabi/5.4.1/../../../../arm-none-eabi/lib/armv7-m\libc.a(lib_a-mallocr.o)
                0x20000b04                __malloc_max_sbrked_mem
 .bss.__malloc_top_pad
                0x20000b08        0x4 c:/program files (x86)/gnu tools arm embedded/5.4 2016q3/bin/../lib/gcc/arm-none-eabi/5.4.1/../../../../arm-none-eabi/lib/armv7-m\libc.a(lib_a-mallocr.o)
                0x20000b08                __malloc_top_pad
 .bss.__malloc_current_mallinfo
                0x20000b0c       0x28 c:/program files (x86)/gnu tools arm embedded/5.4 2016q3/bin/../lib/gcc/arm-none-eabi/5.4.1/../../../../arm-none-eabi/lib/armv7-m\libc.a(lib_a-mallocr.o)
                0x20000b0c                __malloc_current_mallinfo
 *(COMMON)
 *fill*         0x20000b34        0x4 
 COMMON         0x20000b38      0x680 ..\obj\instance.o
                0x20000b38                instance_data
 COMMON         0x200011b8        0x4 ..\obj\stm32l1xx_it.o
                0x200011b8                time32_incr
 *fill*         0x200011bc        0x4 
 COMMON         0x200011c0       0x9c ..\obj\instance_common.o
                0x200011c0                dw_event_g
                0x20001258                instance_localdata
 COMMON         0x2000125c       0xd4 ..\obj\main.o
                0x2000125c                tagaddr
                0x20001260                dataseq
                0x200012c4                dataseq1
                0x20001328                chan
                0x2000132c                ancaddr
 COMMON         0x20001330        0x4 c:/program files (x86)/gnu tools arm embedded/5.4 2016q3/bin/../lib/gcc/arm-none-eabi/5.4.1/../../../../arm-none-eabi/lib/armv7-m\libc.a(lib_a-reent.o)
                0x20001330                errno
                0x20001334                . = ALIGN (0x4)
                0x20001334                _ebss = .
                0x20001334                __bss_end__ = _ebss
                [!provide]                PROVIDE (end, _ebss)
                [!provide]                PROVIDE (_end, _ebss)

._user_heap_stack
                0x20001334      0x800 load address 0x0800e39c
                0x20001334                . = ALIGN (0x4)
                0x20001334                _user_heap_start = .
                0x20001734                . = (. + _Min_Heap_Size)
 *fill*         0x20001334      0x400 
                0x20001734                _user_heap_end = .
                0x20001b34                . = (. + _Min_Stack_Size)
 *fill*         0x20001734      0x400 
                0x20001b34                . = ALIGN (0x4)
                [!provide]                PROVIDE (heap_start, _user_heap_start)
                [!provide]                PROVIDE (_heap_start, _user_heap_start)
                [!provide]                PROVIDE (heap_end, _user_heap_end)
                [!provide]                PROVIDE (_heap_end, _user_heap_end)

.memory_b1_text
 *(.mb1text)
 *(.mb1text*)
 *(.mb1rodata)
 *(.mb1rodata*)

/DISCARD/
 libc.a(*)
 libm.a(*)
 libgcc.a(*)

.ARM.attributes
                0x00000000       0x29
 *(.ARM.attributes)
 .ARM.attributes
                0x00000000       0x1d c:/program files (x86)/gnu tools arm embedded/5.4 2016q3/bin/../lib/gcc/arm-none-eabi/5.4.1/armv7-m/crti.o
 .ARM.attributes
                0x0000001d       0x2d c:/program files (x86)/gnu tools arm embedded/5.4 2016q3/bin/../lib/gcc/arm-none-eabi/5.4.1/armv7-m/crtbegin.o
 .ARM.attributes
                0x0000004a       0x33 ..\obj\stm32l1xx_syscfg.o
 .ARM.attributes
                0x0000007d       0x33 ..\obj\stm32l1xx_flash.o
 .ARM.attributes
                0x000000b0       0x33 ..\obj\stm32l1xx_exti.o
 .ARM.attributes
                0x000000e3       0x33 ..\obj\deca_range_tables.o
 .ARM.attributes
                0x00000116       0x33 ..\obj\deca_spi.o
 .ARM.attributes
                0x00000149       0x33 ..\obj\stm32l1xx_rtc.o
 .ARM.attributes
                0x0000017c       0x33 ..\obj\instance.o
 .ARM.attributes
                0x000001af       0x33 ..\obj\stm32l1xx_lcd.o
 .ARM.attributes
                0x000001e2       0x33 ..\obj\stm32l1xx_rcc.o
 .ARM.attributes
                0x00000215       0x33 ..\obj\deca_mutex.o
 .ARM.attributes
                0x00000248       0x33 ..\obj\stm32l1xx_adc.o
 .ARM.attributes
                0x0000027b       0x33 ..\obj\port.o
 .ARM.attributes
                0x000002ae       0x33 ..\obj\deca_device.o
 .ARM.attributes
                0x000002e1       0x33 ..\obj\stm32l1xx_it.o
 .ARM.attributes
                0x00000314       0x33 ..\obj\system_stm32l1xx.o
 .ARM.attributes
                0x00000347       0x33 ..\obj\instance_common.o
 .ARM.attributes
                0x0000037a       0x33 ..\obj\deca_params_init.o
 .ARM.attributes
                0x000003ad       0x33 ..\obj\instance_calib.o
 .ARM.attributes
                0x000003e0       0x33 ..\obj\main.o
 .ARM.attributes
                0x00000413       0x33 ..\obj\syscalls.o
 .ARM.attributes
                0x00000446       0x33 ..\obj\stm32l_discovery_lcd.o
 .ARM.attributes
                0x00000479       0x21 ..\obj\startup_stm32l1xx_mdp.o
 .ARM.attributes
                0x0000049a       0x33 ..\obj\unistd.o
 .ARM.attributes
                0x000004cd       0x33 ..\obj\stm32l1xx_pwr.o
 .ARM.attributes
                0x00000500       0x33 ..\obj\stm32l1xx_spi.o
 .ARM.attributes
                0x00000533       0x33 ..\obj\misc.o
 .ARM.attributes
                0x00000566       0x33 ..\obj\stm32l1xx_gpio.o
 .ARM.attributes
                0x00000599       0x1d c:/program files (x86)/gnu tools arm embedded/5.4 2016q3/bin/../lib/gcc/arm-none-eabi/5.4.1/armv7-m\libgcc.a(_arm_addsubdf3.o)
 .ARM.attributes
                0x000005b6       0x1d c:/program files (x86)/gnu tools arm embedded/5.4 2016q3/bin/../lib/gcc/arm-none-eabi/5.4.1/armv7-m\libgcc.a(_arm_muldivdf3.o)
 .ARM.attributes
                0x000005d3       0x1d c:/program files (x86)/gnu tools arm embedded/5.4 2016q3/bin/../lib/gcc/arm-none-eabi/5.4.1/armv7-m\libgcc.a(_arm_cmpdf2.o)
 .ARM.attributes
                0x000005f0       0x1d c:/program files (x86)/gnu tools arm embedded/5.4 2016q3/bin/../lib/gcc/arm-none-eabi/5.4.1/armv7-m\libgcc.a(_arm_fixdfsi.o)
 .ARM.attributes
                0x0000060d       0x1d c:/program files (x86)/gnu tools arm embedded/5.4 2016q3/bin/../lib/gcc/arm-none-eabi/5.4.1/armv7-m\libgcc.a(_arm_fixunsdfsi.o)
 .ARM.attributes
                0x0000062a       0x1d c:/program files (x86)/gnu tools arm embedded/5.4 2016q3/bin/../lib/gcc/arm-none-eabi/5.4.1/armv7-m\libgcc.a(_arm_truncdfsf2.o)
 .ARM.attributes
                0x00000647       0x1d c:/program files (x86)/gnu tools arm embedded/5.4 2016q3/bin/../lib/gcc/arm-none-eabi/5.4.1/armv7-m\libgcc.a(_arm_addsubsf3.o)
 .ARM.attributes
                0x00000664       0x2d c:/program files (x86)/gnu tools arm embedded/5.4 2016q3/bin/../lib/gcc/arm-none-eabi/5.4.1/armv7-m\libgcc.a(_fixdfdi.o)
 .ARM.attributes
                0x00000691       0x2d c:/program files (x86)/gnu tools arm embedded/5.4 2016q3/bin/../lib/gcc/arm-none-eabi/5.4.1/armv7-m\libgcc.a(_fixunsdfdi.o)
 .ARM.attributes
                0x000006be       0x2d c:/program files (x86)/gnu tools arm embedded/5.4 2016q3/bin/../lib/gcc/arm-none-eabi/5.4.1/../../../../arm-none-eabi/lib/armv7-m\libc.a(lib_a-clock.o)
 .ARM.attributes
                0x000006eb       0x2d c:/program files (x86)/gnu tools arm embedded/5.4 2016q3/bin/../lib/gcc/arm-none-eabi/5.4.1/../../../../arm-none-eabi/lib/armv7-m\libc.a(lib_a-memcmp.o)
 .ARM.attributes
                0x00000718       0x1b c:/program files (x86)/gnu tools arm embedded/5.4 2016q3/bin/../lib/gcc/arm-none-eabi/5.4.1/../../../../arm-none-eabi/lib/armv7-m\libc.a(lib_a-memcpy.o)
 .ARM.attributes
                0x00000733       0x2d c:/program files (x86)/gnu tools arm embedded/5.4 2016q3/bin/../lib/gcc/arm-none-eabi/5.4.1/../../../../arm-none-eabi/lib/armv7-m\libc.a(lib_a-reent.o)
 .ARM.attributes
                0x00000760       0x2d c:/program files (x86)/gnu tools arm embedded/5.4 2016q3/bin/../lib/gcc/arm-none-eabi/5.4.1/../../../../arm-none-eabi/lib/armv7-m\libc.a(lib_a-sprintf.o)
 .ARM.attributes
                0x0000078d       0x2d c:/program files (x86)/gnu tools arm embedded/5.4 2016q3/bin/../lib/gcc/arm-none-eabi/5.4.1/../../../../arm-none-eabi/lib/armv7-m\libc.a(lib_a-strlen-stub.o)
 .ARM.attributes
                0x000007ba       0x2d c:/program files (x86)/gnu tools arm embedded/5.4 2016q3/bin/../lib/gcc/arm-none-eabi/5.4.1/../../../../arm-none-eabi/lib/armv7-m\libc.a(lib_a-svfprintf.o)
 .ARM.attributes
                0x000007e7       0x2d c:/program files (x86)/gnu tools arm embedded/5.4 2016q3/bin/../lib/gcc/arm-none-eabi/5.4.1/../../../../arm-none-eabi/lib/armv7-m\libc.a(lib_a-dtoa.o)
 .ARM.attributes
                0x00000814       0x2d c:/program files (x86)/gnu tools arm embedded/5.4 2016q3/bin/../lib/gcc/arm-none-eabi/5.4.1/../../../../arm-none-eabi/lib/armv7-m\libc.a(lib_a-freer.o)
 .ARM.attributes
                0x00000841       0x2d c:/program files (x86)/gnu tools arm embedded/5.4 2016q3/bin/../lib/gcc/arm-none-eabi/5.4.1/../../../../arm-none-eabi/lib/armv7-m\libc.a(lib_a-localeconv.o)
 .ARM.attributes
                0x0000086e       0x2d c:/program files (x86)/gnu tools arm embedded/5.4 2016q3/bin/../lib/gcc/arm-none-eabi/5.4.1/../../../../arm-none-eabi/lib/armv7-m\libc.a(lib_a-mallocr.o)
 .ARM.attributes
                0x0000089b       0x2d c:/program files (x86)/gnu tools arm embedded/5.4 2016q3/bin/../lib/gcc/arm-none-eabi/5.4.1/../../../../arm-none-eabi/lib/armv7-m\libc.a(lib_a-memchr-stub.o)
 .ARM.attributes
                0x000008c8       0x2d c:/program files (x86)/gnu tools arm embedded/5.4 2016q3/bin/../lib/gcc/arm-none-eabi/5.4.1/../../../../arm-none-eabi/lib/armv7-m\libc.a(lib_a-memmove.o)
 .ARM.attributes
                0x000008f5       0x2d c:/program files (x86)/gnu tools arm embedded/5.4 2016q3/bin/../lib/gcc/arm-none-eabi/5.4.1/../../../../arm-none-eabi/lib/armv7-m\libc.a(lib_a-mlock.o)
 .ARM.attributes
                0x00000922       0x2d c:/program files (x86)/gnu tools arm embedded/5.4 2016q3/bin/../lib/gcc/arm-none-eabi/5.4.1/../../../../arm-none-eabi/lib/armv7-m\libc.a(lib_a-mprec.o)
 .ARM.attributes
                0x0000094f       0x2d c:/program files (x86)/gnu tools arm embedded/5.4 2016q3/bin/../lib/gcc/arm-none-eabi/5.4.1/../../../../arm-none-eabi/lib/armv7-m\libc.a(lib_a-reallocr.o)
 .ARM.attributes
                0x0000097c       0x2d c:/program files (x86)/gnu tools arm embedded/5.4 2016q3/bin/../lib/gcc/arm-none-eabi/5.4.1/../../../../arm-none-eabi/lib/armv7-m\libc.a(lib_a-sbrkr.o)
 .ARM.attributes
                0x000009a9       0x2d c:/program files (x86)/gnu tools arm embedded/5.4 2016q3/bin/../lib/gcc/arm-none-eabi/5.4.1/../../../../arm-none-eabi/lib/armv7-m\libc.a(lib_a-svfiprintf.o)
 .ARM.attributes
                0x000009d6       0x2d c:/program files (x86)/gnu tools arm embedded/5.4 2016q3/bin/../lib/gcc/arm-none-eabi/5.4.1/../../../../arm-none-eabi/lib/armv7-m\libc.a(lib_a-callocr.o)
 .ARM.attributes
                0x00000a03       0x2d c:/program files (x86)/gnu tools arm embedded/5.4 2016q3/bin/../lib/gcc/arm-none-eabi/5.4.1/../../../../arm-none-eabi/lib/armv7-m\libc.a(lib_a-locale.o)
 .ARM.attributes
                0x00000a30       0x2d c:/program files (x86)/gnu tools arm embedded/5.4 2016q3/bin/../lib/gcc/arm-none-eabi/5.4.1/../../../../arm-none-eabi/lib/armv7-m\libc.a(lib_a-mbtowc_r.o)
 .ARM.attributes
                0x00000a5d       0x2d c:/program files (x86)/gnu tools arm embedded/5.4 2016q3/bin/../lib/gcc/arm-none-eabi/5.4.1/../../../../arm-none-eabi/lib/armv7-m\libc.a(lib_a-wctomb_r.o)
 .ARM.attributes
                0x00000a8a       0x2d c:/program files (x86)/gnu tools arm embedded/5.4 2016q3/bin/../lib/gcc/arm-none-eabi/5.4.1/../../../../arm-none-eabi/lib/armv7-m\libc.a(lib_a-ctype_.o)
 .ARM.attributes
                0x00000ab7       0x1d c:/program files (x86)/gnu tools arm embedded/5.4 2016q3/bin/../lib/gcc/arm-none-eabi/5.4.1/armv7-m\libgcc.a(_arm_unorddf2.o)
 .ARM.attributes
                0x00000ad4       0x1d c:/program files (x86)/gnu tools arm embedded/5.4 2016q3/bin/../lib/gcc/arm-none-eabi/5.4.1/armv7-m\libgcc.a(_aeabi_uldivmod.o)
 .ARM.attributes
                0x00000af1       0x2d c:/program files (x86)/gnu tools arm embedded/5.4 2016q3/bin/../lib/gcc/arm-none-eabi/5.4.1/armv7-m\libgcc.a(_udivmoddi4.o)
 .ARM.attributes
                0x00000b1e       0x1d c:/program files (x86)/gnu tools arm embedded/5.4 2016q3/bin/../lib/gcc/arm-none-eabi/5.4.1/armv7-m\libgcc.a(_dvmd_tls.o)
 .ARM.attributes
                0x00000b3b       0x1d c:/program files (x86)/gnu tools arm embedded/5.4 2016q3/bin/../lib/gcc/arm-none-eabi/5.4.1/armv7-m/crtn.o
LOAD ..\obj\stm32l1xx_syscfg.o
LOAD ..\obj\stm32l1xx_dma.o
LOAD ..\obj\stm32l1xx_flash.o
LOAD ..\obj\stm32l1xx_exti.o
LOAD ..\obj\usbd_desc.o
LOAD ..\obj\deca_range_tables.o
LOAD ..\obj\stm32l1xx_crc.o
LOAD ..\obj\usbd_ioreq.o
LOAD ..\obj\usbd_cdc_core.o
LOAD ..\obj\deca_spi.o
LOAD ..\obj\stm32l1xx_rtc.o
LOAD ..\obj\stm32l1xx_dac.o
LOAD ..\obj\instance.o
LOAD ..\obj\stm32l1xx_lcd.o
LOAD ..\obj\stm32l1xx_rcc.o
LOAD ..\obj\deca_mutex.o
LOAD ..\obj\stm32l1xx_sdio.o
LOAD ..\obj\stm32l1xx_tim.o
LOAD ..\obj\stm32l1xx_aes.o
LOAD ..\obj\usb_hcd_int.o
LOAD ..\obj\stm32l1xx_adc.o
LOAD ..\obj\port.o
LOAD ..\obj\deca_device.o
LOAD ..\obj\stm32l1xx_it.o
LOAD ..\obj\usbd_req.o
LOAD ..\obj\stm32l1xx_flash_ramfunc.o
LOAD ..\obj\system_stm32l1xx.o
LOAD ..\obj\deca_usb.o
LOAD ..\obj\stm32l1xx_dbgmcu.o
LOAD ..\obj\instance_common.o
LOAD ..\obj\deca_params_init.o
LOAD ..\obj\instance_calib.o
LOAD ..\obj\usb_core.o
LOAD ..\obj\stm32l1xx_wwdg.o
LOAD ..\obj\usb_hcd.o
LOAD ..\obj\main.o
LOAD ..\obj\stm32l1xx_i2c.o
LOAD ..\obj\stm32l1xx_comp.o
LOAD ..\obj\usb_dcd_int.o
LOAD ..\obj\deca_usb_bsp_evk1000.o
LOAD ..\obj\syscalls.o
LOAD ..\obj\stm32l_discovery_lcd.o
LOAD ..\obj\stm32l1xx_usart.o
LOAD ..\obj\usb_dcd.o
LOAD ..\obj\startup_stm32l1xx_mdp.o
LOAD ..\obj\usbd_core.o
LOAD ..\obj\stm32l1xx_iwdg.o
LOAD ..\obj\unistd.o
LOAD ..\obj\core_cm3.o
LOAD ..\obj\stm32l1xx_aes_util.o
LOAD ..\obj\stm32l1xx_fsmc.o
LOAD ..\obj\dma_spi.o
LOAD ..\obj\stm32l1xx_pwr.o
LOAD ..\obj\stm32l1xx_opamp.o
LOAD ..\obj\stm32l1xx_spi.o
LOAD ..\obj\misc.o
LOAD ..\obj\usbd_usr.o
LOAD ..\obj\stm32l1xx_gpio.o
LOAD c:/program files (x86)/gnu tools arm embedded/5.4 2016q3/bin/../lib/gcc/arm-none-eabi/5.4.1/../../../../arm-none-eabi/lib/armv7-m\libm.a
LOAD c:/program files (x86)/gnu tools arm embedded/5.4 2016q3/bin/../lib/gcc/arm-none-eabi/5.4.1/armv7-m\libgcc.a
LOAD c:/program files (x86)/gnu tools arm embedded/5.4 2016q3/bin/../lib/gcc/arm-none-eabi/5.4.1/../../../../arm-none-eabi/lib/armv7-m\libc.a
START GROUP
LOAD c:/program files (x86)/gnu tools arm embedded/5.4 2016q3/bin/../lib/gcc/arm-none-eabi/5.4.1/armv7-m\libgcc.a
LOAD c:/program files (x86)/gnu tools arm embedded/5.4 2016q3/bin/../lib/gcc/arm-none-eabi/5.4.1/../../../../arm-none-eabi/lib/armv7-m\libg.a
LOAD c:/program files (x86)/gnu tools arm embedded/5.4 2016q3/bin/../lib/gcc/arm-none-eabi/5.4.1/../../../../arm-none-eabi/lib/armv7-m\libc.a
END GROUP
LOAD c:/program files (x86)/gnu tools arm embedded/5.4 2016q3/bin/../lib/gcc/arm-none-eabi/5.4.1/armv7-m/crtend.o
LOAD c:/program files (x86)/gnu tools arm embedded/5.4 2016q3/bin/../lib/gcc/arm-none-eabi/5.4.1/armv7-m/crtn.o
OUTPUT(Projet_Sur_Nucleo.elf elf32-littlearm)

.debug_info     0x00000000    0x10d91
 .debug_info    0x00000000      0x4f9 ..\obj\stm32l1xx_syscfg.o
 .debug_info    0x000004f9      0xdec ..\obj\stm32l1xx_flash.o
 .debug_info    0x000012e5      0x348 ..\obj\stm32l1xx_exti.o
 .debug_info    0x0000162d      0x21e ..\obj\deca_range_tables.o
 .debug_info    0x0000184b      0x477 ..\obj\deca_spi.o
 .debug_info    0x00001cc2     0x113b ..\obj\stm32l1xx_rtc.o
 .debug_info    0x00002dfd     0x130a ..\obj\instance.o
 .debug_info    0x00004107      0x4c8 ..\obj\stm32l1xx_lcd.o
 .debug_info    0x000045cf      0xa25 ..\obj\stm32l1xx_rcc.o
 .debug_info    0x00004ff4      0x454 ..\obj\deca_mutex.o
 .debug_info    0x00005448      0xcb1 ..\obj\stm32l1xx_adc.o
 .debug_info    0x000060f9     0x1166 ..\obj\port.o
 .debug_info    0x0000725f     0x194d ..\obj\deca_device.o
 .debug_info    0x00008bac      0xe27 ..\obj\stm32l1xx_it.o
 .debug_info    0x000099d3      0x571 ..\obj\system_stm32l1xx.o
 .debug_info    0x00009f44     0x192c ..\obj\instance_common.o
 .debug_info    0x0000b870      0x282 ..\obj\deca_params_init.o
 .debug_info    0x0000baf2      0xdf4 ..\obj\instance_calib.o
 .debug_info    0x0000c8e6     0x1af2 ..\obj\main.o
 .debug_info    0x0000e3d8      0x5e1 ..\obj\syscalls.o
 .debug_info    0x0000e9b9      0x70f ..\obj\stm32l_discovery_lcd.o
 .debug_info    0x0000f0c8      0x10b ..\obj\startup_stm32l1xx_mdp.o
 .debug_info    0x0000f1d3      0x130 ..\obj\unistd.o
 .debug_info    0x0000f303      0x5f7 ..\obj\stm32l1xx_pwr.o
 .debug_info    0x0000f8fa      0x8ef ..\obj\stm32l1xx_spi.o
 .debug_info    0x000101e9      0x556 ..\obj\misc.o
 .debug_info    0x0001073f      0x652 ..\obj\stm32l1xx_gpio.o

.debug_abbrev   0x00000000     0x2ca5
 .debug_abbrev  0x00000000      0x178 ..\obj\stm32l1xx_syscfg.o
 .debug_abbrev  0x00000178      0x1c8 ..\obj\stm32l1xx_flash.o
 .debug_abbrev  0x00000340      0x1a9 ..\obj\stm32l1xx_exti.o
 .debug_abbrev  0x000004e9       0xca ..\obj\deca_range_tables.o
 .debug_abbrev  0x000005b3      0x16b ..\obj\deca_spi.o
 .debug_abbrev  0x0000071e      0x1b0 ..\obj\stm32l1xx_rtc.o
 .debug_abbrev  0x000008ce      0x292 ..\obj\instance.o
 .debug_abbrev  0x00000b60      0x1b3 ..\obj\stm32l1xx_lcd.o
 .debug_abbrev  0x00000d13      0x1e5 ..\obj\stm32l1xx_rcc.o
 .debug_abbrev  0x00000ef8      0x14f ..\obj\deca_mutex.o
 .debug_abbrev  0x00001047      0x180 ..\obj\stm32l1xx_adc.o
 .debug_abbrev  0x000011c7      0x2fb ..\obj\port.o
 .debug_abbrev  0x000014c2      0x292 ..\obj\deca_device.o
 .debug_abbrev  0x00001754      0x206 ..\obj\stm32l1xx_it.o
 .debug_abbrev  0x0000195a      0x147 ..\obj\system_stm32l1xx.o
 .debug_abbrev  0x00001aa1      0x2ee ..\obj\instance_common.o
 .debug_abbrev  0x00001d8f       0x79 ..\obj\deca_params_init.o
 .debug_abbrev  0x00001e08      0x1b6 ..\obj\instance_calib.o
 .debug_abbrev  0x00001fbe      0x2b8 ..\obj\main.o
 .debug_abbrev  0x00002276      0x19b ..\obj\syscalls.o
 .debug_abbrev  0x00002411      0x1ea ..\obj\stm32l_discovery_lcd.o
 .debug_abbrev  0x000025fb       0x12 ..\obj\startup_stm32l1xx_mdp.o
 .debug_abbrev  0x0000260d       0x8b ..\obj\unistd.o
 .debug_abbrev  0x00002698      0x19f ..\obj\stm32l1xx_pwr.o
 .debug_abbrev  0x00002837      0x180 ..\obj\stm32l1xx_spi.o
 .debug_abbrev  0x000029b7      0x147 ..\obj\misc.o
 .debug_abbrev  0x00002afe      0x1a7 ..\obj\stm32l1xx_gpio.o

.debug_aranges  0x00000000     0x12a8
 .debug_aranges
                0x00000000       0x80 ..\obj\stm32l1xx_syscfg.o
 .debug_aranges
                0x00000080      0x190 ..\obj\stm32l1xx_flash.o
 .debug_aranges
                0x00000210       0x58 ..\obj\stm32l1xx_exti.o
 .debug_aranges
                0x00000268       0x20 ..\obj\deca_range_tables.o
 .debug_aranges
                0x00000288       0x40 ..\obj\deca_spi.o
 .debug_aranges
                0x000002c8      0x1d0 ..\obj\stm32l1xx_rtc.o
 .debug_aranges
                0x00000498       0x70 ..\obj\instance.o
 .debug_aranges
                0x00000508       0xa8 ..\obj\stm32l1xx_lcd.o
 .debug_aranges
                0x000005b0      0x148 ..\obj\stm32l1xx_rcc.o
 .debug_aranges
                0x000006f8       0x38 ..\obj\deca_mutex.o
 .debug_aranges
                0x00000730      0x148 ..\obj\stm32l1xx_adc.o
 .debug_aranges
                0x00000878       0xe8 ..\obj\port.o
 .debug_aranges
                0x00000960      0x2c0 ..\obj\deca_device.o
 .debug_aranges
                0x00000c20       0xa0 ..\obj\stm32l1xx_it.o
 .debug_aranges
                0x00000cc0       0x30 ..\obj\system_stm32l1xx.o
 .debug_aranges
                0x00000cf0      0x198 ..\obj\instance_common.o
 .debug_aranges
                0x00000e88       0x18 ..\obj\deca_params_init.o
 .debug_aranges
                0x00000ea0       0x38 ..\obj\instance_calib.o
 .debug_aranges
                0x00000ed8       0x88 ..\obj\main.o
 .debug_aranges
                0x00000f60       0x70 ..\obj\syscalls.o
 .debug_aranges
                0x00000fd0       0x68 ..\obj\stm32l_discovery_lcd.o
 .debug_aranges
                0x00001038       0x28 ..\obj\startup_stm32l1xx_mdp.o
 .debug_aranges
                0x00001060       0x28 ..\obj\unistd.o
 .debug_aranges
                0x00001088       0x88 ..\obj\stm32l1xx_pwr.o
 .debug_aranges
                0x00001110       0xd0 ..\obj\stm32l1xx_spi.o
 .debug_aranges
                0x000011e0       0x40 ..\obj\misc.o
 .debug_aranges
                0x00001220       0x88 ..\obj\stm32l1xx_gpio.o

.debug_ranges   0x00000000     0x1158
 .debug_ranges  0x00000000       0x70 ..\obj\stm32l1xx_syscfg.o
 .debug_ranges  0x00000070      0x180 ..\obj\stm32l1xx_flash.o
 .debug_ranges  0x000001f0       0x48 ..\obj\stm32l1xx_exti.o
 .debug_ranges  0x00000238       0x10 ..\obj\deca_range_tables.o
 .debug_ranges  0x00000248       0x30 ..\obj\deca_spi.o
 .debug_ranges  0x00000278      0x1c0 ..\obj\stm32l1xx_rtc.o
 .debug_ranges  0x00000438       0x78 ..\obj\instance.o
 .debug_ranges  0x000004b0       0x98 ..\obj\stm32l1xx_lcd.o
 .debug_ranges  0x00000548      0x138 ..\obj\stm32l1xx_rcc.o
 .debug_ranges  0x00000680       0x28 ..\obj\deca_mutex.o
 .debug_ranges  0x000006a8      0x138 ..\obj\stm32l1xx_adc.o
 .debug_ranges  0x000007e0       0xd8 ..\obj\port.o
 .debug_ranges  0x000008b8      0x2f8 ..\obj\deca_device.o
 .debug_ranges  0x00000bb0       0x90 ..\obj\stm32l1xx_it.o
 .debug_ranges  0x00000c40       0x20 ..\obj\system_stm32l1xx.o
 .debug_ranges  0x00000c60      0x188 ..\obj\instance_common.o
 .debug_ranges  0x00000de8       0x28 ..\obj\instance_calib.o
 .debug_ranges  0x00000e10       0x78 ..\obj\main.o
 .debug_ranges  0x00000e88       0x60 ..\obj\syscalls.o
 .debug_ranges  0x00000ee8       0x58 ..\obj\stm32l_discovery_lcd.o
 .debug_ranges  0x00000f40       0x20 ..\obj\startup_stm32l1xx_mdp.o
 .debug_ranges  0x00000f60       0x18 ..\obj\unistd.o
 .debug_ranges  0x00000f78       0x78 ..\obj\stm32l1xx_pwr.o
 .debug_ranges  0x00000ff0       0xc0 ..\obj\stm32l1xx_spi.o
 .debug_ranges  0x000010b0       0x30 ..\obj\misc.o
 .debug_ranges  0x000010e0       0x78 ..\obj\stm32l1xx_gpio.o

.debug_line     0x00000000     0x7382
 .debug_line    0x00000000      0x395 ..\obj\stm32l1xx_syscfg.o
 .debug_line    0x00000395      0x6e7 ..\obj\stm32l1xx_flash.o
 .debug_line    0x00000a7c      0x320 ..\obj\stm32l1xx_exti.o
 .debug_line    0x00000d9c       0xd8 ..\obj\deca_range_tables.o
 .debug_line    0x00000e74      0x365 ..\obj\deca_spi.o
 .debug_line    0x000011d9      0x887 ..\obj\stm32l1xx_rtc.o
 .debug_line    0x00001a60      0x587 ..\obj\instance.o
 .debug_line    0x00001fe7      0x3e6 ..\obj\stm32l1xx_lcd.o
 .debug_line    0x000023cd      0x5a5 ..\obj\stm32l1xx_rcc.o
 .debug_line    0x00002972      0x27f ..\obj\deca_mutex.o
 .debug_line    0x00002bf1      0x616 ..\obj\stm32l1xx_adc.o
 .debug_line    0x00003207      0x60d ..\obj\port.o
 .debug_line    0x00003814      0xc7b ..\obj\deca_device.o
 .debug_line    0x0000448f      0x3a1 ..\obj\stm32l1xx_it.o
 .debug_line    0x00004830      0x25b ..\obj\system_stm32l1xx.o
 .debug_line    0x00004a8b      0x7f0 ..\obj\instance_common.o
 .debug_line    0x0000527b       0x8e ..\obj\deca_params_init.o
 .debug_line    0x00005309      0x27e ..\obj\instance_calib.o
 .debug_line    0x00005587      0x579 ..\obj\main.o
 .debug_line    0x00005b00      0x355 ..\obj\syscalls.o
 .debug_line    0x00005e55      0x476 ..\obj\stm32l_discovery_lcd.o
 .debug_line    0x000062cb       0xf2 ..\obj\startup_stm32l1xx_mdp.o
 .debug_line    0x000063bd       0xfe ..\obj\unistd.o
 .debug_line    0x000064bb      0x36d ..\obj\stm32l1xx_pwr.o
 .debug_line    0x00006828      0x4ab ..\obj\stm32l1xx_spi.o
 .debug_line    0x00006cd3      0x2c6 ..\obj\misc.o
 .debug_line    0x00006f99      0x3e9 ..\obj\stm32l1xx_gpio.o

.debug_str      0x00000000     0x619e
 .debug_str     0x00000000      0x443 ..\obj\stm32l1xx_syscfg.o
                                0x4a3 (size before relaxing)
 .debug_str     0x00000443      0x62f ..\obj\stm32l1xx_flash.o
                                0x80e (size before relaxing)
 .debug_str     0x00000a72      0x1de ..\obj\stm32l1xx_exti.o
                                0x381 (size before relaxing)
 .debug_str     0x00000c50      0x143 ..\obj\deca_range_tables.o
                                0x282 (size before relaxing)
 .debug_str     0x00000d93      0x1ae ..\obj\deca_spi.o
                                0x3b1 (size before relaxing)
 .debug_str     0x00000f41      0x9a0 ..\obj\stm32l1xx_rtc.o
                                0xb81 (size before relaxing)
 .debug_str     0x000018e1      0x9b1 ..\obj\instance.o
                                0xc98 (size before relaxing)
 .debug_str     0x00002292      0x262 ..\obj\stm32l1xx_lcd.o
                                0x448 (size before relaxing)
 .debug_str     0x000024f4      0x51d ..\obj\stm32l1xx_rcc.o
                                0x744 (size before relaxing)
 .debug_str     0x00002a11      0x3ef ..\obj\deca_mutex.o
                                0x616 (size before relaxing)
 .debug_str     0x00002e00      0x628 ..\obj\stm32l1xx_adc.o
                                0x82a (size before relaxing)
 .debug_str     0x00003428      0x591 ..\obj\port.o
                                0xe94 (size before relaxing)
 .debug_str     0x000039b9      0xa6c ..\obj\deca_device.o
                                0xdb2 (size before relaxing)
 .debug_str     0x00004425      0x8c5 ..\obj\stm32l1xx_it.o
                                0xbc6 (size before relaxing)
 .debug_str     0x00004cea       0x9c ..\obj\system_stm32l1xx.o
                                0x3a0 (size before relaxing)
 .debug_str     0x00004d86      0x566 ..\obj\instance_common.o
                               0x1042 (size before relaxing)
 .debug_str     0x000052ec       0x43 ..\obj\deca_params_init.o
                                0x287 (size before relaxing)
 .debug_str     0x0000532f       0x9b ..\obj\instance_calib.o
                                0xa6f (size before relaxing)
 .debug_str     0x000053ca      0x2ba ..\obj\main.o
                               0x13ce (size before relaxing)
 .debug_str     0x00005684      0x1e6 ..\obj\syscalls.o
                                0x439 (size before relaxing)
 .debug_str     0x0000586a      0x18e ..\obj\stm32l_discovery_lcd.o
                                0x568 (size before relaxing)
 .debug_str     0x000059f8       0x4f ..\obj\unistd.o
                                0x20b (size before relaxing)
 .debug_str     0x00005a47      0x1cc ..\obj\stm32l1xx_pwr.o
                                0x406 (size before relaxing)
 .debug_str     0x00005c13      0x2d7 ..\obj\stm32l1xx_spi.o
                                0x631 (size before relaxing)
 .debug_str     0x00005eea      0x11d ..\obj\misc.o
                                0x403 (size before relaxing)
 .debug_str     0x00006007      0x197 ..\obj\stm32l1xx_gpio.o
                                0x4fd (size before relaxing)

.comment        0x00000000       0x6e
 .comment       0x00000000       0x6e ..\obj\stm32l1xx_syscfg.o
                                 0x6f (size before relaxing)
 .comment       0x0000006e       0x6f ..\obj\stm32l1xx_flash.o
 .comment       0x0000006e       0x6f ..\obj\stm32l1xx_exti.o
 .comment       0x0000006e       0x6f ..\obj\deca_range_tables.o
 .comment       0x0000006e       0x6f ..\obj\deca_spi.o
 .comment       0x0000006e       0x6f ..\obj\stm32l1xx_rtc.o
 .comment       0x0000006e       0x6f ..\obj\instance.o
 .comment       0x0000006e       0x6f ..\obj\stm32l1xx_lcd.o
 .comment       0x0000006e       0x6f ..\obj\stm32l1xx_rcc.o
 .comment       0x0000006e       0x6f ..\obj\deca_mutex.o
 .comment       0x0000006e       0x6f ..\obj\stm32l1xx_adc.o
 .comment       0x0000006e       0x6f ..\obj\port.o
 .comment       0x0000006e       0x6f ..\obj\deca_device.o
 .comment       0x0000006e       0x6f ..\obj\stm32l1xx_it.o
 .comment       0x0000006e       0x6f ..\obj\system_stm32l1xx.o
 .comment       0x0000006e       0x6f ..\obj\instance_common.o
 .comment       0x0000006e       0x6f ..\obj\deca_params_init.o
 .comment       0x0000006e       0x6f ..\obj\instance_calib.o
 .comment       0x0000006e       0x6f ..\obj\main.o
 .comment       0x0000006e       0x6f ..\obj\syscalls.o
 .comment       0x0000006e       0x6f ..\obj\stm32l_discovery_lcd.o
 .comment       0x0000006e       0x6f ..\obj\unistd.o
 .comment       0x0000006e       0x6f ..\obj\stm32l1xx_pwr.o
 .comment       0x0000006e       0x6f ..\obj\stm32l1xx_spi.o
 .comment       0x0000006e       0x6f ..\obj\misc.o
 .comment       0x0000006e       0x6f ..\obj\stm32l1xx_gpio.o

.debug_frame    0x00000000     0x5400
 .debug_frame   0x00000000      0x1fc ..\obj\stm32l1xx_syscfg.o
 .debug_frame   0x000001fc      0x69c ..\obj\stm32l1xx_flash.o
 .debug_frame   0x00000898      0x148 ..\obj\stm32l1xx_exti.o
 .debug_frame   0x000009e0       0x38 ..\obj\deca_range_tables.o
 .debug_frame   0x00000a18       0xc4 ..\obj\deca_spi.o
 .debug_frame   0x00000adc      0x860 ..\obj\stm32l1xx_rtc.o
 .debug_frame   0x0000133c      0x1f8 ..\obj\instance.o
 .debug_frame   0x00001534      0x2c8 ..\obj\stm32l1xx_lcd.o
 .debug_frame   0x000017fc      0x5e4 ..\obj\stm32l1xx_rcc.o
 .debug_frame   0x00001de0       0xa8 ..\obj\deca_mutex.o
 .debug_frame   0x00001e88      0x5fc ..\obj\stm32l1xx_adc.o
 .debug_frame   0x00002484      0x398 ..\obj\port.o
 .debug_frame   0x0000281c      0xa14 ..\obj\deca_device.o
 .debug_frame   0x00003230      0x1f0 ..\obj\stm32l1xx_it.o
 .debug_frame   0x00003420       0x7c ..\obj\system_stm32l1xx.o
 .debug_frame   0x0000349c      0x730 ..\obj\instance_common.o
 .debug_frame   0x00003bcc       0xa4 ..\obj\instance_calib.o
 .debug_frame   0x00003c70      0x204 ..\obj\main.o
 .debug_frame   0x00003e74      0x1b4 ..\obj\syscalls.o
 .debug_frame   0x00004028      0x17c ..\obj\stm32l_discovery_lcd.o